Microchip MPLAB XC8 Compiler V1.45 ()

Linker command line:

-W-3 --edf=C:\Program Files (x86)\Microchip\xc8\v1.45\dat\en_msgs.txt -cs \
  -h+dist/default/production\test_textReceive.production.sym \
  --cmf=dist/default/production\test_textReceive.production.cmf -z \
  -Q18F26K22 -oC:\Users\Scott\AppData\Local\Temp\s440.2 \
  -Mdist/default/production/test_textReceive.production.map -E1 -ver=XC8 \
  -ASTACK=01A0h-0f37h -pstack=STACK -ACODE=00h-0FFFFh -ACONST=00h-0FFFFh \
  -ASMALLCONST=01000h-010FFhx240 -AMEDIUMCONST=01000h-0FFFFh \
  -ACOMRAM=01h-05Fh -AABS1=00h-0F37h -ABIGRAM=01h-0F37h \
  -ARAM=060h-0FFh,0100h-01FFhx14,0F00h-0F37h -ABANK0=060h-0FFh \
  -ABANK1=0100h-01FFh -ABANK2=0200h-02FFh -ABANK3=0300h-03FFh \
  -ABANK4=0400h-04FFh -ABANK5=0500h-05FFh -ABANK6=0600h-06FFh \
  -ABANK7=0700h-07FFh -ABANK8=0800h-08FFh -ABANK9=0900h-09FFh \
  -ABANK10=0A00h-0AFFh -ABANK11=0B00h-0BFFh -ABANK12=0C00h-0CFFh \
  -ABANK13=0D00h-0DFFh -ABANK14=0E00h-0EFFh -ABANK15=0F00h-0F37h \
  -ASFR=0F38h-0F5Fh,0F60h-0FFFh \
  -preset_vec=00h,intcode=08h,intcodelo,powerup,init -pramtop=01000h \
  -psmallconst=SMALLCONST -pmediumconst=MEDIUMCONST -pconst=CONST \
  -AFARRAM=00h-00h -ACONFIG=0300000h-030000Dh -pconfig=CONFIG \
  -AIDLOC=0200000h-0200007h -pidloc=IDLOC -AEEDATA=0F00000h-0F003FFh \
  -peeprom_data=EEDATA \
  -prdata=COMRAM,nvrram=COMRAM,nvbit=COMRAM,rbss=COMRAM,rbit=COMRAM \
  -pfarbss=FARRAM,fardata=FARRAM,nvFARRAM=FARRAM \
  -pintsave_regs=BIGRAM,bigbss=BIGRAM,bigdata=BIGRAM -pbss=RAM \
  -pidata=CODE,irdata=CODE,ibigdata=CODE,ifardata=CODE -prparam=COMRAM \
  C:\Users\Scott\AppData\Local\Temp\s440.obj \
  dist/default/production\test_textReceive.production.obj 

Object code version is 3.11

Machine type is 18F26K22

Call graph: (short form)




                Name                               Link     Load   Length Selector   Space Scale
C:\Users\Scott\AppData\Local\Temp\s440.obj
                init                                 BE       BE        4        4       0
                reset_vec                             0        0        4        0       0
                idloc                            200000   200000        8   200000       0
                config                           300000   300000        E   300000       0
dist/default/production\test_textReceive.production.obj
                intcode                               8        8       B6        4       0
                temp                                 4B       4B        1        1       1
                mediumconst                        FE1C     FE1C      1E4     7F0E       0
                text30                              FAE      FAE       DE        4       0
                text28                             133C     133C       6A        4       0
                text27                             159C     159C       2A        4       0
                text26                             1678     1678        C        4       0
                text25                             1400     1400       42        4       0
                text24                             165E     165E        E        4       0
                text23                              EA4      EA4      10A        4       0
                text22                             1160     1160       B4        4       0
                text21                             1638     1638       16        4       0
                text20                             1214     1214       A2        4       0
                text19                             12B6     12B6       86        4       0
                text18                             14C2     14C2       40        4       0
                text17                              A00      A00      150        4       0
                text16                             15EC     15EC       1C        4       0
                text15                             1502     1502       38        4       0
                text14                             108C     108C       D4        4       0
                text13                              D9A      D9A      10A        4       0
                text12                             15C6     15C6       26        4       0
                text11                              B50      B50      13A        4       0
                text10                             1684     1684        8        4       0
                text9                               850      850      1B0        4       0
                text8                              1620     1620       18        4       0
                text7                              156C     156C       30        4       0
                text6                              164E     164E       10        4       0
                text5                               C8A      C8A      110        4       0
                text4                                C2       C2      578        4       0
                text3                              153A     153A       32        4       0
                text2                               63A      63A      216        4       0
                text1                              1482     1482       40        4       0
                text0                              1442     1442       40        4       0
                cstackCOMRAM                          1        1       30        1       1
                cstackBANK0                          60       60       4D       60       1
                bssBANK1                            100      100       A0      100       1
                dataBANK0                            AD       AD        C       60       1
                dataCOMRAM                           31       31       18        1       1
                bssCOMRAM                            49       49        2        1       1
                cinit                              13A6     13A6       5A        4       0
                nvBANK0                              B9       B9        1       60       1
                idataBANK0                         166C     166C        C        4       0
                idataCOMRAM                        1608     1608       18        4       0

TOTAL           Name                               Link     Load   Length     Space
        CLASS   STACK          

        CLASS   CODE           
                intcode                               8        8       B6         0
                init                                 BE       BE        4         0
                reset_vec                             0        0        4         0
                text30                              FAE      FAE       DE         0
                text28                             133C     133C       6A         0
                text27                             159C     159C       2A         0
                text26                             1678     1678        C         0
                text25                             1400     1400       42         0
                text24                             165E     165E        E         0
                text23                              EA4      EA4      10A         0
                text22                             1160     1160       B4         0
                text21                             1638     1638       16         0
                text20                             1214     1214       A2         0
                text19                             12B6     12B6       86         0
                text18                             14C2     14C2       40         0
                text17                              A00      A00      150         0
                text16                             15EC     15EC       1C         0
                text15                             1502     1502       38         0
                text14                             108C     108C       D4         0
                text13                              D9A      D9A      10A         0
                text12                             15C6     15C6       26         0
                text11                              B50      B50      13A         0
                text10                             1684     1684        8         0
                text9                               850      850      1B0         0
                text8                              1620     1620       18         0
                text7                              156C     156C       30         0
                text6                              164E     164E       10         0
                text5                               C8A      C8A      110         0
                text4                                C2       C2      578         0
                text3                              153A     153A       32         0
                text2                               63A      63A      216         0
                text1                              1482     1482       40         0
                text0                              1442     1442       40         0
                cinit                              13A6     13A6       5A         0
                idataBANK0                         166C     166C        C         0
                idataCOMRAM                        1608     1608       18         0

        CLASS   CONST          

        CLASS   SMALLCONST     

        CLASS   MEDIUMCONST    
                mediumconst                        FE1C     FE1C      1E4         0

        CLASS   COMRAM         
                temp                                 4B       4B        1         1
                cstackCOMRAM                          1        1       30         1
                dataCOMRAM                           31       31       18         1
                bssCOMRAM                            49       49        2         1

        CLASS   ABS1           

        CLASS   BIGRAM         

        CLASS   RAM            

        CLASS   BANK0          
                cstackBANK0                          60       60       4D         1
                dataBANK0                            AD       AD        C         1
                nvBANK0                              B9       B9        1         1

        CLASS   BANK1          
                bssBANK1                            100      100       A0         1

        CLASS   BANK2          

        CLASS   BANK3          

        CLASS   BANK4          

        CLASS   BANK5          

        CLASS   BANK6          

        CLASS   BANK7          

        CLASS   BANK8          

        CLASS   BANK9          

        CLASS   BANK10         

        CLASS   BANK11         

        CLASS   BANK12         

        CLASS   BANK13         

        CLASS   BANK14         

        CLASS   BANK15         

        CLASS   SFR            

        CLASS   FARRAM         

        CLASS   CONFIG         
                config                           300000   300000        E         0

        CLASS   IDLOC          
                idloc                            200000   200000        8         0

        CLASS   EEDATA         



SEGMENTS        Name                           Load    Length   Top    Selector   Space  Class

                reset_vec                      000000  000004  000004         0       0  CODE    
                cstackCOMRAM                   000001  00004B  00004C         1       1  COMRAM  
                intcode                        000008  001684  00168C         4       0  CODE    
                cstackBANK0                    000060  00005A  0000BA        60       1  BANK0   
                bssBANK1                       000100  0000A0  0001A0       100       1  BANK1   
                mediumconst                    00FE1C  0001E4  010000      7F0E       0  MEDIUMCO
                idloc                          200000  000008  200008    200000       0  IDLOC   
                config                         300000  00000E  30000E    300000       0  CONFIG  


UNUSED ADDRESS RANGES

        Name                Unused          Largest block    Delta
        BANK0            0000BA-0000FF               46
        BANK1            0001A0-0001FF               60
        BANK10           000A00-000AFF              100
        BANK11           000B00-000BFF              100
        BANK12           000C00-000CFF              100
        BANK13           000D00-000DFF              100
        BANK14           000E00-000EFF              100
        BANK15           000F00-000F37               38
        BANK2            000200-0002FF              100
        BANK3            000300-0003FF              100
        BANK4            000400-0004FF              100
        BANK5            000500-0005FF              100
        BANK6            000600-0006FF              100
        BANK7            000700-0007FF              100
        BANK8            000800-0008FF              100
        BANK9            000900-0009FF              100
        BIGRAM           00004C-00005F               14
                         0000BA-0000FF               46
                         0001A0-000F37              D98
        CODE             000004-000007                4
                         00168C-00FE1B             E790
        COMRAM           00004C-00005F               14
        CONST            000004-000007                4
                         00168C-00FE1B             E790
        EEDATA           F00000-F003FF              400
        MEDIUMCONST      00168C-00FE1B             E790
        RAM              0000BA-0000FF               46
                         0001A0-000F37              100
        SFR              000F38-000FFF               28
        SMALLCONST       00168C-00FE1B              100
        STACK            0001A0-000F37              D98

                                  Symbol Table

_ACCESS_CODE                      mediumconst  00FF37
_ANSELA                           (abs)        000F38
_ANSELB                           (abs)        000F39
_ANSELC                           (abs)        000F3A
_APN                              mediumconst  00FF55
_BAUDCON1bits                     (abs)        000FB8
_BAUDCONbits                      (abs)        000FB8
_CFGS                             (abs)        007D36
_CREN1                            (abs)        007D5C
_CYCLE                            mediumconst  00FF5A
_EEADR                            (abs)        000FA9
_EEADRH                           (abs)        000FAA
_EECON2                           (abs)        000FA7
_EEDATA                           (abs)        000FA8
_EEPGD                            (abs)        007D37
_ENCRYPTION                       mediumconst  00FF57
_GIE                              (abs)        007F97
_HL_freq                          dataCOMRAM   000048
_INTCON                           (abs)        000FF2
_INTCONbits                       (abs)        000FF2
_IP1                              mediumconst  00FF53
_IP2                              mediumconst  00FF51
_IP3                              mediumconst  00FF4F
_IP4                              mediumconst  00FF4D
_JENS_NUMBER                      dataBANK0    0000AE
_LATBbits                         (abs)        000F8A
_LATCbits                         (abs)        000F8B
_LINE_CARD                        mediumconst  00FF42
_OSCCONbits                       (abs)        000FD3
_PIR1bits                         (abs)        000F9E
_PIR2bits                         (abs)        000FA1
_PORT1                            mediumconst  00FF4B
_PORT2                            mediumconst  00FF49
_PORT3                            mediumconst  00FF47
_PORT4                            mediumconst  00FF45
_PORTAbits                        (abs)        000F80
_PORTBbits                        (abs)        000F81
_PORTCbits                        (abs)        000F82
_PROGRAM_ACK                      mediumconst  00FF60
_RC1IE                            (abs)        007CED
_RC1IF                            (abs)        007CF5
_RC1REG                           (abs)        000FAE
_RC1STAbits                       (abs)        000FAB
_RC2IE                            (abs)        007D1D
_RCIE                             (abs)        007CED
_RCSTA1                           (abs)        000FAB
_RCSTA1bits                       (abs)        000FAB
_RCSTA2                           (abs)        000F71
_RD                               (abs)        007D30
_RETRY                            mediumconst  00FF59
_SERVER_ACK_TIME                  mediumconst  00FF5E
_SMS_WAIT_TIME                    mediumconst  00FF58
_SPBRG1                           (abs)        000FAF
_SPBRGH1                          (abs)        000FB0
_T0CON                            (abs)        000FD5
_T3CON                            (abs)        000FB1
_TEST_FREQ                        mediumconst  00FF5F
_TMR0H                            (abs)        000FD7
_TMR0IE                           (abs)        007F95
_TMR0IF                           (abs)        007F92
_TMR0L                            (abs)        000FD6
_TMR3H                            (abs)        000FB3
_TMR3IF                           (abs)        007D09
_TMR3L                            (abs)        000FB2
_TMR3ON                           (abs)        007D88
_TP_PIN                           mediumconst  00FF5B
_TRISAbits                        (abs)        000F92
_TRISBbits                        (abs)        000F93
_TRISCbits                        (abs)        000F94
_TRMT1                            (abs)        007D61
_TX1REG                           (abs)        000FAD
_TXEN1                            (abs)        007D65
_TXEN2                            (abs)        007B95
_TXSTA1bits                       (abs)        000FAC
_UNIT_ACCT                        mediumconst  00FF31
_VERSION                          mediumconst  00FF3D
_WR                               (abs)        007D31
_WREN                             (abs)        007D32
_ZONE1                            mediumconst  00FF5D
_ZONE2                            mediumconst  00FF5C
__CFG_BOREN$SBORDIS               (abs)        000000
__CFG_BORV$190                    (abs)        000000
__CFG_CCP2MX$PORTC1               (abs)        000000
__CFG_CCP3MX$PORTB5               (abs)        000000
__CFG_CP0$ON                      (abs)        000000
__CFG_CP1$ON                      (abs)        000000
__CFG_CP2$ON                      (abs)        000000
__CFG_CP3$ON                      (abs)        000000
__CFG_CPB$ON                      (abs)        000000
__CFG_CPD$ON                      (abs)        000000
__CFG_EBTR0$OFF                   (abs)        000000
__CFG_EBTR1$OFF                   (abs)        000000
__CFG_EBTR2$OFF                   (abs)        000000
__CFG_EBTR3$OFF                   (abs)        000000
__CFG_EBTRB$OFF                   (abs)        000000
__CFG_FCMEN$OFF                   (abs)        000000
__CFG_FOSC$INTIO7                 (abs)        000000
__CFG_HFOFST$ON                   (abs)        000000
__CFG_IESO$OFF                    (abs)        000000
__CFG_LVP$OFF                     (abs)        000000
__CFG_MCLRE$INTMCLR               (abs)        000000
__CFG_P2BMX$PORTB5                (abs)        000000
__CFG_PBADEN$OFF                  (abs)        000000
__CFG_PLLCFG$OFF                  (abs)        000000
__CFG_PRICLKEN$ON                 (abs)        000000
__CFG_PWRTEN$OFF                  (abs)        000000
__CFG_STVREN$ON                   (abs)        000000
__CFG_T3CMX$PORTC0                (abs)        000000
__CFG_WDTEN$OFF                   (abs)        000000
__CFG_WDTPS$32768                 (abs)        000000
__CFG_WRT0$OFF                    (abs)        000000
__CFG_WRT1$OFF                    (abs)        000000
__CFG_WRT2$OFF                    (abs)        000000
__CFG_WRT3$OFF                    (abs)        000000
__CFG_WRTB$OFF                    (abs)        000000
__CFG_WRTC$OFF                    (abs)        000000
__CFG_WRTD$OFF                    (abs)        000000
__CFG_XINST$OFF                   (abs)        000000
__HRAM                            (abs)        000000
__Habs1                           abs1         000000
__Hbank0                          bank0        000000
__Hbank1                          bank1        000000
__Hbank10                         bank10       000000
__Hbank11                         bank11       000000
__Hbank12                         bank12       000000
__Hbank13                         bank13       000000
__Hbank14                         bank14       000000
__Hbank15                         bank15       000000
__Hbank2                          bank2        000000
__Hbank3                          bank3        000000
__Hbank4                          bank4        000000
__Hbank5                          bank5        000000
__Hbank6                          bank6        000000
__Hbank7                          bank7        000000
__Hbank8                          bank8        000000
__Hbank9                          bank9        000000
__Hbigbss                         bigbss       000000
__Hbigdata                        bigdata      000000
__Hbigram                         bigram       000000
__Hbss                            bss          000000
__HbssBANK1                       bssBANK1     000000
__HbssCOMRAM                      bssCOMRAM    000000
__Hcinit                          cinit        000000
__Hclrtext                        clrtext      000000
__Hcomram                         comram       000000
__Hconfig                         config       30000E
__Hconst                          const        000000
__HcstackBANK0                    cstackBANK0  000000
__HcstackCOMRAM                   cstackCOMRAM 000000
__Hdata                           data         000000
__HdataBANK0                      dataBANK0    000000
__HdataCOMRAM                     dataCOMRAM   000000
__Heeprom_data                    eeprom_data  000000
__Hfarbss                         farbss       000000
__Hfardata                        fardata      000000
__Hibigdata                       ibigdata     000000
__Hidata                          idata        000000
__HidataBANK0                     idataBANK0   000000
__HidataCOMRAM                    idataCOMRAM  000000
__Hidloc                          idloc        200008
__Hifardata                       ifardata     000000
__Hinit                           init         0000C2
__Hintcode                        intcode      0000BE
__Hintcode_body                   intcode_body 000000
__Hintcodelo                      intcodelo    0000BE
__Hintentry                       intentry     000000
__Hintret                         intret       000000
__Hintsave_regs                   intsave_regs 000000
__Hirdata                         irdata       000000
__Hmediumconst                    mediumconst  010000
__HnvBANK0                        nvBANK0      000000
__HnvFARRAM                       nvFARRAM     000000
__Hnvbit                          nvbit        000000
__Hnvrram                         nvrram       000000
__Hparam                          rparam       000000
__Hpowerup                        powerup      0000BE
__Hram                            ram          000000
__Hramtop                         ramtop       001000
__Hrbit                           rbit         000000
__Hrbss                           rbss         000000
__Hrdata                          rdata        000000
__Hreset_vec                      reset_vec    000004
__Hrparam                         rparam       000000
__Hsfr                            sfr          000000
__Hsmallconst                     smallconst   000000
__Hspace_0                        (abs)        30000E
__Hspace_1                        (abs)        0001A0
__Hspace_2                        (abs)        000000
__Hstack                          stack        000000
__Hstruct                         struct       000000
__Htemp                           temp         00004C
__Htext                           text         000000
__Htext0                          text0        000000
__Htext1                          text1        000000
__Htext10                         text10       000000
__Htext11                         text11       000000
__Htext12                         text12       000000
__Htext13                         text13       000000
__Htext14                         text14       000000
__Htext15                         text15       000000
__Htext16                         text16       000000
__Htext17                         text17       000000
__Htext18                         text18       000000
__Htext19                         text19       000000
__Htext2                          text2        000000
__Htext20                         text20       000000
__Htext21                         text21       000000
__Htext22                         text22       000000
__Htext23                         text23       000000
__Htext24                         text24       000000
__Htext25                         text25       000000
__Htext26                         text26       000000
__Htext27                         text27       000000
__Htext28                         text28       000000
__Htext3                          text3        000000
__Htext30                         text30       000000
__Htext4                          text4        000000
__Htext5                          text5        000000
__Htext6                          text6        000000
__Htext7                          text7        000000
__Htext8                          text8        000000
__Htext9                          text9        000000
__LRAM                            (abs)        000001
__Labs1                           abs1         000000
__Lbank0                          bank0        000000
__Lbank1                          bank1        000000
__Lbank10                         bank10       000000
__Lbank11                         bank11       000000
__Lbank12                         bank12       000000
__Lbank13                         bank13       000000
__Lbank14                         bank14       000000
__Lbank15                         bank15       000000
__Lbank2                          bank2        000000
__Lbank3                          bank3        000000
__Lbank4                          bank4        000000
__Lbank5                          bank5        000000
__Lbank6                          bank6        000000
__Lbank7                          bank7        000000
__Lbank8                          bank8        000000
__Lbank9                          bank9        000000
__Lbigbss                         bigbss       000000
__Lbigdata                        bigdata      000000
__Lbigram                         bigram       000000
__Lbss                            bss          000000
__LbssBANK1                       bssBANK1     000000
__LbssCOMRAM                      bssCOMRAM    000000
__Lcinit                          cinit        000000
__Lclrtext                        clrtext      000000
__Lcomram                         comram       000000
__Lconfig                         config       300000
__Lconst                          const        000000
__LcstackBANK0                    cstackBANK0  000000
__LcstackCOMRAM                   cstackCOMRAM 000000
__Ldata                           data         000000
__LdataBANK0                      dataBANK0    000000
__LdataCOMRAM                     dataCOMRAM   000000
__Leeprom_data                    eeprom_data  000000
__Lfarbss                         farbss       000000
__Lfardata                        fardata      000000
__Libigdata                       ibigdata     000000
__Lidata                          idata        000000
__LidataBANK0                     idataBANK0   000000
__LidataCOMRAM                    idataCOMRAM  000000
__Lidloc                          idloc        200000
__Lifardata                       ifardata     000000
__Linit                           init         0000BE
__Lintcode                        intcode      000008
__Lintcode_body                   intcode_body 000000
__Lintcodelo                      intcodelo    0000BE
__Lintentry                       intentry     000000
__Lintret                         intret       000000
__Lintsave_regs                   intsave_regs 000000
__Lirdata                         irdata       000000
__Lmediumconst                    mediumconst  00FE1C
__LnvBANK0                        nvBANK0      000000
__LnvFARRAM                       nvFARRAM     000000
__Lnvbit                          nvbit        000000
__Lnvrram                         nvrram       000000
__Lparam                          rparam       000000
__Lpowerup                        powerup      0000BE
__Lram                            ram          000000
__Lramtop                         ramtop       001000
__Lrbit                           rbit         000000
__Lrbss                           rbss         000000
__Lrdata                          rdata        000000
__Lreset_vec                      reset_vec    000000
__Lrparam                         rparam       000000
__Lsfr                            sfr          000000
__Lsmallconst                     smallconst   000000
__Lspace_0                        (abs)        000000
__Lspace_1                        (abs)        000000
__Lspace_2                        (abs)        000000
__Lstack                          stack        000000
__Lstruct                         struct       000000
__Ltemp                           temp         00004B
__Ltext                           text         000000
__Ltext0                          text0        000000
__Ltext1                          text1        000000
__Ltext10                         text10       000000
__Ltext11                         text11       000000
__Ltext12                         text12       000000
__Ltext13                         text13       000000
__Ltext14                         text14       000000
__Ltext15                         text15       000000
__Ltext16                         text16       000000
__Ltext17                         text17       000000
__Ltext18                         text18       000000
__Ltext19                         text19       000000
__Ltext2                          text2        000000
__Ltext20                         text20       000000
__Ltext21                         text21       000000
__Ltext22                         text22       000000
__Ltext23                         text23       000000
__Ltext24                         text24       000000
__Ltext25                         text25       000000
__Ltext26                         text26       000000
__Ltext27                         text27       000000
__Ltext28                         text28       000000
__Ltext3                          text3        000000
__Ltext30                         text30       000000
__Ltext4                          text4        000000
__Ltext5                          text5        000000
__Ltext6                          text6        000000
__Ltext7                          text7        000000
__Ltext8                          text8        000000
__Ltext9                          text9        000000
__S0                              (abs)        30000E
__S1                              (abs)        0001A0
__S2                              (abs)        000000
___inthi_sp                       stack        000000
___intlo_sp                       stack        000000
___param_bank                     (abs)        000000
___rparam_used                    (abs)        000001
___sp                             stack        000000
__accesstop                       (abs)        000060
__activetblptr                    (abs)        000003
__end_of_ACCESS_CODE              mediumconst  00FF3D
__end_of_APN                      mediumconst  00FF57
__end_of_CYCLE                    mediumconst  00FF5B
__end_of_ENCRYPTION               mediumconst  00FF58
__end_of_IP1                      mediumconst  00FF55
__end_of_IP2                      mediumconst  00FF53
__end_of_IP3                      mediumconst  00FF51
__end_of_IP4                      mediumconst  00FF4F
__end_of_LINE_CARD                mediumconst  00FF45
__end_of_PORT1                    mediumconst  00FF4D
__end_of_PORT2                    mediumconst  00FF4B
__end_of_PORT3                    mediumconst  00FF49
__end_of_PORT4                    mediumconst  00FF47
__end_of_PROGRAM_ACK              mediumconst  00FF61
__end_of_RETRY                    mediumconst  00FF5A
__end_of_SERVER_ACK_TIME          mediumconst  00FF5F
__end_of_SMS_WAIT_TIME            mediumconst  00FF59
__end_of_TEST_FREQ                mediumconst  00FF60
__end_of_TP_PIN                   mediumconst  00FF5C
__end_of_UNIT_ACCT                mediumconst  00FF37
__end_of_VERSION                  mediumconst  00FF42
__end_of_ZONE1                    mediumconst  00FF5E
__end_of_ZONE2                    mediumconst  00FF5D
__end_of__initialization          cinit        0013F6
__end_of_cgdcont                  mediumconst  00FF91
__end_of_check_leds               text30       00108C
__end_of_check_sms                text17       000B50
__end_of_delay5ms                 text27       0015C6
__end_of_delete_sms               text20       0012B6
__end_of_ee_read                  text16       001608
__end_of_ee_write                 text7        00159C
__end_of_init_modem_ok            text9        000A00
__end_of_init_pic                 text28       0013A6
__end_of_init_uart_modem          text12       0015EC
__end_of_is_connected             text10       00168C
__end_of_is_first_run             text8        001638
__end_of_isr                      intcode      0000BE
__end_of_main                     text0        001482
__end_of_md_attached              text11       000C8A
__end_of_md_io_setup_ok           text3        00156C
__end_of_md_restart               text21       00164E
__end_of_md_uart_send             text26       001684
__end_of_md_uart_write_str        text25       001442
__end_of_md_uart_write_str_ok     text23       000FAE
__end_of_read_sms                 text19       00133C
__end_of_receive_sms              text15       00153A
__end_of_receive_sms_init         text14       001160
__end_of_registration_ok          text2        000850
__end_of_save_first_run           text6        00165E
__end_of_scfg                     mediumconst  00FF7D
__end_of_send_text                text13       000EA4
__end_of_setup_timer3             text24       00166C
__end_of_sgact                    mediumconst  00FFA0
__end_of_sim_card_ok              text5        000D9A
__end_of_startup_md_ok            text1        0014C2
__end_of_str_matches              text18       001502
__end_of_wakeup_module_ok         text22       001214
__end_of_write_defaults           text4        00063A
__end_ofcheck_sms@F6796           mediumconst  00FE70
__end_ofcheck_sms@F6798           mediumconst  00FF31
__end_ofdelete_sms@F6825          mediumconst  00FF18
__end_ofinit_modem_ok@F6780       mediumconst  00FE60
__end_ofinit_modem_ok@F6782       mediumconst  00FEF3
__end_ofinit_modem_ok@F6784       mediumconst  00FEA5
__end_ofmd_attached@F6786         mediumconst  00FEB1
__end_ofmd_attached@F6788         mediumconst  00FF06
__end_ofmd_attached@F6790         mediumconst  00FEDE
__end_ofopen_connection@F6810     mediumconst  00FED3
__end_ofopen_connection@F6812     mediumconst  00FEFD
__end_ofread_sms@F6815            mediumconst  00FF21
__end_ofreceive_sms_init@F6784    mediumconst  00FE99
__end_ofreceive_sms_init@F6786    mediumconst  00FE37
__end_ofreceive_sms_init@F6788    mediumconst  00FE7F
__end_ofregistration_ok@F6756     mediumconst  00FEE9
__end_ofregistration_ok@F6758     mediumconst  00FF29
__end_ofregistration_ok@F6760     mediumconst  00FEBD
__end_ofregistration_ok@F6762     mediumconst  00FF0F
__end_ofsim_card_ok@F6791         mediumconst  00FEC8
__end_ofsim_card_ok@F6793         mediumconst  00FE8C
__end_ofsocket_configured@F6782   mediumconst  00FE50
__initialization                  cinit        0013A6
__mediumconst                     mediumconst  00FE1C
__pbssBANK1                       bssBANK1     000100
__pbssCOMRAM                      bssCOMRAM    000049
__pcinit                          cinit        0013A6
__pcstackBANK0                    cstackBANK0  000060
__pcstackCOMRAM                   cstackCOMRAM 000001
__pdataBANK0                      dataBANK0    0000AD
__pdataCOMRAM                     dataCOMRAM   000031
__pidataBANK0                     idataBANK0   00166C
__pidataCOMRAM                    idataCOMRAM  001608
__pintcode                        intcode      000008
__pmediumconst                    mediumconst  00FE1C
__pnvBANK0                        nvBANK0      0000B9
__ptext0                          text0        001442
__ptext1                          text1        001482
__ptext10                         text10       001684
__ptext11                         text11       000B50
__ptext12                         text12       0015C6
__ptext13                         text13       000D9A
__ptext14                         text14       00108C
__ptext15                         text15       001502
__ptext16                         text16       0015EC
__ptext17                         text17       000A00
__ptext18                         text18       0014C2
__ptext19                         text19       0012B6
__ptext2                          text2        00063A
__ptext20                         text20       001214
__ptext21                         text21       001638
__ptext22                         text22       001160
__ptext23                         text23       000EA4
__ptext24                         text24       00165E
__ptext25                         text25       001400
__ptext26                         text26       001678
__ptext27                         text27       00159C
__ptext28                         text28       00133C
__ptext3                          text3        00153A
__ptext30                         text30       000FAE
__ptext4                          text4        0000C2
__ptext5                          text5        000C8A
__ptext6                          text6        00164E
__ptext7                          text7        00156C
__ptext8                          text8        001620
__ptext9                          text9        000850
__ramtop                          ramtop       001000
__size_of_check_leds              (abs)        000000
__size_of_check_sms               (abs)        000000
__size_of_delay5ms                (abs)        000000
__size_of_delete_sms              (abs)        000000
__size_of_ee_read                 (abs)        000000
__size_of_ee_write                (abs)        000000
__size_of_init_modem_ok           (abs)        000000
__size_of_init_pic                (abs)        000000
__size_of_init_uart_modem         (abs)        000000
__size_of_is_connected            (abs)        000000
__size_of_is_first_run            (abs)        000000
__size_of_isr                     (abs)        000000
__size_of_main                    (abs)        000000
__size_of_md_attached             (abs)        000000
__size_of_md_io_setup_ok          (abs)        000000
__size_of_md_restart              (abs)        000000
__size_of_md_uart_send            (abs)        000000
__size_of_md_uart_write_str       (abs)        000000
__size_of_md_uart_write_str_ok    (abs)        000000
__size_of_read_sms                (abs)        000000
__size_of_receive_sms             (abs)        000000
__size_of_receive_sms_init        (abs)        000000
__size_of_registration_ok         (abs)        000000
__size_of_save_first_run          (abs)        000000
__size_of_send_text               (abs)        000000
__size_of_setup_timer3            (abs)        000000
__size_of_sim_card_ok             (abs)        000000
__size_of_startup_md_ok           (abs)        000000
__size_of_str_matches             (abs)        000000
__size_of_wakeup_module_ok        (abs)        000000
__size_of_write_defaults          (abs)        000000
__smallconst                      smallconst   000000
_cgdcont                          mediumconst  00FF7D
_check_leds                       text30       000FAE
_check_sms                        text17       000A00
_delay5ms                         text27       00159C
_delayBetweenBytes                dataCOMRAM   000046
_delete_sms                       text20       001214
_ee_read                          text16       0015EC
_ee_write                         text7        00156C
_inListenMode                     dataBANK0    0000AD
_init_modem_ok                    text9        000850
_init_pic                         text28       00133C
_init_uart_modem                  text12       0015C6
_is_connected                     text10       001684
_is_first_run                     text8        001620
_isr                              intcode      000008
_ledPattern                       nvBANK0      0000B9
_ledPatternCount                  bssCOMRAM    00004A
_main                             text0        001442
_mdRxBuf                          bssBANK1     000100
_md_attached                      text11       000B50
_md_io_setup_ok                   text3        00153A
_md_restart                       text21       001638
_md_uart_send                     text26       001678
_md_uart_write_str                text25       001400
_md_uart_write_str_ok             text23       000EA4
_read_sms                         text19       0012B6
_receive_sms                      text15       001502
_receive_sms_init                 text14       00108C
_registration_ok                  text2        00063A
_registration_ok$1870             cstackBANK0  0000A8
_saveINTCONbits                   bssCOMRAM    000049
_save_first_run                   text6        00164E
_scfg                             mediumconst  00FF61
_send_text                        text13       000D9A
_setup_timer3                     text24       00165E
_sgact                            mediumconst  00FF91
_sim_card_ok                      text5        000C8A
_startup_md_ok                    text1        001482
_str_matches                      text18       0014C2
_wakeup_module_ok                 text22       001160
_wakeup_module_ok$2062            cstackBANK0  000075
_write_defaults                   text4        0000C2
btemp                             temp         00004B
check_sms@F6796                   mediumconst  00FE60
check_sms@F6798                   mediumconst  00FF29
check_sms@cmgl                    cstackBANK0  000062
check_sms@cmgl_check              cstackBANK0  000072
check_sms@i                       cstackBANK0  00007E
check_sms@msgPlace1               cstackBANK0  00007C
check_sms@msgPlace2               cstackBANK0  00007D
check_sms@msgPlace3               cstackBANK0  00007B
check_sms@temp                    cstackBANK0  00007A
delay5ms@cnt                      cstackCOMRAM 000014
delay5ms@i                        cstackCOMRAM 000016
delay5ms@j                        cstackCOMRAM 000017
delete_sms@F6825                  mediumconst  00FF0F
delete_sms@cmgd                   cstackCOMRAM 000027
delete_sms@p1                     cstackCOMRAM 000030
delete_sms@p2                     cstackCOMRAM 000023
delete_sms@p3                     cstackCOMRAM 000024
ee_read@addr                      cstackCOMRAM 000014
ee_read@data                      cstackCOMRAM 000016
ee_read@page                      cstackCOMRAM 000015
ee_write@addr                     cstackCOMRAM 000014
ee_write@data                     cstackCOMRAM 000015
ee_write@page                     cstackCOMRAM 000016
end_of_initialization             cinit        0013F6
init_modem_ok@F6780               mediumconst  00FE50
init_modem_ok@F6782               mediumconst  00FEE9
init_modem_ok@F6784               mediumconst  00FE99
init_modem_ok@c1                  cstackBANK0  000088
init_modem_ok@c2                  cstackBANK0  000089
init_modem_ok@c3                  cstackBANK0  00008A
init_modem_ok@c4                  cstackBANK0  00008B
init_modem_ok@c5                  cstackBANK0  000087
init_modem_ok@index               cstackBANK0  000086
init_modem_ok@ledCfg              cstackBANK0  000060
init_modem_ok@ledPattern          cstackBANK0  000070
init_modem_ok@queryVersion        cstackBANK0  00007C
init_modem_ok@repeat              cstackBANK0  00008C
int$flags                         temp         00004B
intlevel0                         text         000000
intlevel1                         text         000000
intlevel2                         text         000000
intlevel3                         text         000000
md_attached@F6786                 mediumconst  00FEA5
md_attached@F6788                 mediumconst  00FEFD
md_attached@F6790                 mediumconst  00FED3
md_attached@attached              cstackBANK0  0000A9
md_attached@buf                   cstackBANK0  000060
md_attached@cnt                   cstackBANK0  0000A8
md_attached@gprs_attach           cstackBANK0  000094
md_attached@gprs_check            cstackBANK0  000088
md_attached@gprs_resp             cstackBANK0  00009F
md_attached@i                     cstackBANK0  0000AA
md_uart_send@data                 cstackCOMRAM 000014
md_uart_write_str@currentChar     cstackCOMRAM 000018
md_uart_write_str@data            cstackCOMRAM 000015
md_uart_write_str@index           cstackCOMRAM 000019
md_uart_write_str@len             cstackCOMRAM 000017
md_uart_write_str_ok@count        cstackCOMRAM 000021
md_uart_write_str_ok@i            cstackCOMRAM 000022
md_uart_write_str_ok@lengthToSend cstackCOMRAM 00001C
md_uart_write_str_ok@temp         cstackCOMRAM 000020
md_uart_write_str_ok@toSend       cstackCOMRAM 00001A
md_uart_write_str_ok@wantOk       cstackCOMRAM 00001D
open_connection@F6810             mediumconst  00FEC8
open_connection@F6812             mediumconst  00FEF3
read_sms@F6815                    mediumconst  00FF18
read_sms@cmgr                     cstackCOMRAM 000025
read_sms@txtAddr1                 cstackCOMRAM 00002E
read_sms@txtAddr2                 cstackCOMRAM 000023
read_sms@txtAddr3                 cstackCOMRAM 000024
receive_sms@cnt                   cstackBANK0  000080
receive_sms@sms_time              cstackBANK0  00007F
receive_sms_init@F6784            mediumconst  00FE8C
receive_sms_init@F6786            mediumconst  00FE1D
receive_sms_init@F6788            mediumconst  00FE70
receive_sms_init@cmgf             cstackBANK0  000089
receive_sms_init@cnmi             cstackBANK0  00007A
receive_sms_init@cpms             cstackBANK0  000060
registration_ok@F6756             mediumconst  00FEDE
registration_ok@F6758             mediumconst  00FF21
registration_ok@F6760             mediumconst  00FEB1
registration_ok@F6762             mediumconst  00FF06
registration_ok@buf               cstackBANK0  000080
registration_ok@cereg             cstackBANK0  000060
registration_ok@cereg_resp        cstackBANK0  000077
registration_ok@creg              cstackBANK0  00006C
registration_ok@creg_resp         cstackBANK0  0000A0
registration_ok@i                 cstackBANK0  0000AC
registration_ok@j                 cstackBANK0  0000AB
registration_ok@matches           cstackBANK0  0000AA
registration_ok@temp              cstackBANK0  0000A9
send_text@buf                     cstackBANK0  000060
send_text@count                   cstackBANK0  000089
send_text@ctrlz                   cstackBANK0  00008A
send_text@i                       cstackBANK0  00008B
send_text@len                     cstackCOMRAM 000025
send_text@msg                     cstackCOMRAM 000023
send_text@number                  cstackCOMRAM 000026
send_text@ready_to_write          cstackBANK0  00008C
send_text@temp                    cstackBANK0  000088
sim_card_ok@F6791                 mediumconst  00FEBD
sim_card_ok@F6793                 mediumconst  00FE7F
sim_card_ok@buf                   cstackBANK0  000060
sim_card_ok@count                 cstackBANK0  000098
sim_card_ok@cpin                  cstackBANK0  00008D
sim_card_ok@cpinResponse          cstackBANK0  000080
sim_card_ok@i                     cstackBANK0  00009C
sim_card_ok@j                     cstackBANK0  00009B
sim_card_ok@matches               cstackBANK0  000099
sim_card_ok@temp                  cstackBANK0  00009A
socket_configured@F6782           mediumconst  00FE37
stackhi                           (abs)        000F37
stacklo                           (abs)        0001A0
start                             init         0000BE
start_initialization              cinit        0013A6
str_matches@expected              cstackCOMRAM 000016
str_matches@i                     cstackCOMRAM 00001C
str_matches@len                   cstackCOMRAM 000018
str_matches@matches               cstackCOMRAM 00001B
str_matches@raw                   cstackCOMRAM 000014
wakeup_module_ok@F6758            dataCOMRAM   000041
wakeup_module_ok@F6760            dataCOMRAM   000031
wakeup_module_ok@cnt              cstackBANK0  000078
wakeup_module_ok@i                cstackBANK0  000079
wakeup_module_ok@initStr          cstackBANK0  000070
wakeup_module_ok@ipr              cstackBANK0  000060
wakeup_module_ok@rsp1_ok          cstackBANK0  000076
wakeup_module_ok@rsp2_ok          cstackBANK0  000077
write_defaults@addr               cstackCOMRAM 000019
write_defaults@i                  cstackCOMRAM 00001C
write_defaults@page               cstackCOMRAM 00001B
write_defaults@temp               cstackCOMRAM 00001A
wtemp6                            temp         00004C


FUNCTION INFORMATION:

 *************** function _main *****************
 Defined at:
		line 26 in file "main.c"
 Parameters:    Size  Location     Type
		None
 Auto vars:     Size  Location     Type
		None
 Return value:  Size  Location     Type
                  1    wreg      void 
 Registers used:
		wreg, fsr0l, fsr0h, fsr1l, fsr1h, fsr2l, fsr2h, status,2, status,0, tblptrl, tblptrh, tblptru, prodl, prodh, cstack
 Tracked objects:
		On entry : 
		On exit  : 
		Unchanged: 
 Data sizes:     COMRAM   BANK0   BANK1   BANK2   BANK3   BANK4   BANK5   BANK6   BANK7   BANK8   BANK9  BANK10  BANK11  BANK12  BANK13  BANK14  BANK15
      Params:         0       0       0       0       0       0       0       0       0       0       0       0       0       0       0       0       0
      Locals:         0       0       0       0       0       0       0       0       0       0       0       0       0       0       0       0       0
      Temps:          0       0       0       0       0       0       0       0       0       0       0       0       0       0       0       0       0
      Totals:         0       0       0       0       0       0       0       0       0       0       0       0       0       0       0       0       0
Total ram usage:        0 bytes
 Hardware stack levels required when called:    8
 This function calls:
		_init_pic
		_md_restart
		_receive_sms
		_receive_sms_init
		_send_text
		_startup_md_ok
 This function is called by:
		Startup code after reset
 This function uses a non-reentrant model


 *************** function _startup_md_ok *****************
 Defined at:
		line 180 in file "module.c"
 Parameters:    Size  Location     Type
		None
 Auto vars:     Size  Location     Type
		None
 Return value:  Size  Location     Type
                  1    wreg      unsigned char 
 Registers used:
		wreg, fsr0l, fsr0h, fsr1l, fsr1h, fsr2l, fsr2h, status,2, status,0, tblptrl, tblptrh, tblptru, prodl, prodh, cstack
 Tracked objects:
		On entry : 
		On exit  : 
		Unchanged: 
 Data sizes:     COMRAM   BANK0   BANK1   BANK2   BANK3   BANK4   BANK5   BANK6   BANK7   BANK8   BANK9  BANK10  BANK11  BANK12  BANK13  BANK14  BANK15
      Params:         0       0       0       0       0       0       0       0       0       0       0       0       0       0       0       0       0
      Locals:         0       0       0       0       0       0       0       0       0       0       0       0       0       0       0       0       0
      Temps:          0       0       0       0       0       0       0       0       0       0       0       0       0       0       0       0       0
      Totals:         0       0       0       0       0       0       0       0       0       0       0       0       0       0       0       0       0
Total ram usage:        0 bytes
 Hardware stack levels used:    1
 Hardware stack levels required when called:    7
 This function calls:
		_init_uart_modem
		_is_connected
		_md_io_setup_ok
		_registration_ok
		_wakeup_module_ok
 This function is called by:
		_main
 This function uses a non-reentrant model


 *************** function _registration_ok *****************
 Defined at:
		line 30 in file "network.c"
 Parameters:    Size  Location     Type
		None
 Auto vars:     Size  Location     Type
  j               1   75[BANK0 ] unsigned char 
  buf            32   32[BANK0 ] unsigned char [32]
  cereg          12    0[BANK0 ] const unsigned char [12]
  creg           11   12[BANK0 ] const unsigned char [11]
  cereg_resp      9   23[BANK0 ] const unsigned char [9]
  creg_resp       8   64[BANK0 ] const unsigned char [8]
  i               1   76[BANK0 ] unsigned char 
  matches         1   74[BANK0 ] unsigned char 
  temp            1   73[BANK0 ] unsigned char 
 Return value:  Size  Location     Type
                  1    wreg      unsigned char 
 Registers used:
		wreg, fsr0l, fsr0h, fsr1l, fsr1h, fsr2l, fsr2h, status,2, status,0, tblptrl, tblptrh, tblptru, prodl, prodh, cstack
 Tracked objects:
		On entry : 
		On exit  : 
		Unchanged: 
 Data sizes:     COMRAM   BANK0   BANK1   BANK2   BANK3   BANK4   BANK5   BANK6   BANK7   BANK8   BANK9  BANK10  BANK11  BANK12  BANK13  BANK14  BANK15
      Params:         0       0       0       0       0       0       0       0       0       0       0       0       0       0       0       0       0
      Locals:         0      77       0       0       0       0       0       0       0       0       0       0       0       0       0       0       0
      Temps:          2       0       0       0       0       0       0       0       0       0       0       0       0       0       0       0       0
      Totals:         2      77       0       0       0       0       0       0       0       0       0       0       0       0       0       0       0
Total ram usage:       79 bytes
 Hardware stack levels used:    1
 Hardware stack levels required when called:    5
 This function calls:
		_delay5ms
		_md_uart_write_str_ok
		_setup_timer3
		_str_matches
 This function is called by:
		_startup_md_ok
 This function uses a non-reentrant model


 *************** function _md_io_setup_ok *****************
 Defined at:
		line 119 in file "module.c"
 Parameters:    Size  Location     Type
		None
 Auto vars:     Size  Location     Type
		None
 Return value:  Size  Location     Type
                  1    wreg      unsigned char 
 Registers used:
		wreg, fsr0l, fsr0h, fsr1l, fsr1h, fsr2l, fsr2h, status,2, status,0, tblptrl, tblptrh, tblptru, prodl, prodh, cstack
 Tracked objects:
		On entry : 
		On exit  : 
		Unchanged: 
 Data sizes:     COMRAM   BANK0   BANK1   BANK2   BANK3   BANK4   BANK5   BANK6   BANK7   BANK8   BANK9  BANK10  BANK11  BANK12  BANK13  BANK14  BANK15
      Params:         0       0       0       0       0       0       0       0       0       0       0       0       0       0       0       0       0
      Locals:         0       0       0       0       0       0       0       0       0       0       0       0       0       0       0       0       0
      Temps:          0       0       0       0       0       0       0       0       0       0       0       0       0       0       0       0       0
      Totals:         0       0       0       0       0       0       0       0       0       0       0       0       0       0       0       0       0
Total ram usage:        0 bytes
 Hardware stack levels used:    1
 Hardware stack levels required when called:    6
 This function calls:
		_init_modem_ok
		_is_first_run
		_save_first_run
		_sim_card_ok
		_write_defaults
 This function is called by:
		_startup_md_ok
 This function uses a non-reentrant model


 *************** function _write_defaults *****************
 Defined at:
		line 18 in file "setup.c"
 Parameters:    Size  Location     Type
		None
 Auto vars:     Size  Location     Type
  i               1   27[COMRAM] unsigned char 
  page            1   26[COMRAM] unsigned char 
  temp            1   25[COMRAM] unsigned char 
  addr            1   24[COMRAM] unsigned char 
 Return value:  Size  Location     Type
                  1    wreg      void 
 Registers used:
		wreg, status,2, status,0, tblptrl, tblptrh, tblptru, prodl, prodh, cstack
 Tracked objects:
		On entry : 
		On exit  : 
		Unchanged: 
 Data sizes:     COMRAM   BANK0   BANK1   BANK2   BANK3   BANK4   BANK5   BANK6   BANK7   BANK8   BANK9  BANK10  BANK11  BANK12  BANK13  BANK14  BANK15
      Params:         0       0       0       0       0       0       0       0       0       0       0       0       0       0       0       0       0
      Locals:         4       0       0       0       0       0       0       0       0       0       0       0       0       0       0       0       0
      Temps:          2       0       0       0       0       0       0       0       0       0       0       0       0       0       0       0       0
      Totals:         6       0       0       0       0       0       0       0       0       0       0       0       0       0       0       0       0
Total ram usage:        6 bytes
 Hardware stack levels used:    1
 Hardware stack levels required when called:    3
 This function calls:
		_ee_read
		_ee_write
 This function is called by:
		_md_io_setup_ok
 This function uses a non-reentrant model


 *************** function _sim_card_ok *****************
 Defined at:
		line 134 in file "module.c"
 Parameters:    Size  Location     Type
		None
 Auto vars:     Size  Location     Type
  j               1   59[BANK0 ] unsigned char 
  buf            32    0[BANK0 ] unsigned char [32]
  cpinResponse   13   32[BANK0 ] const unsigned char [13]
  cpin           11   45[BANK0 ] const unsigned char [11]
  i               1   60[BANK0 ] unsigned char 
  temp            1   58[BANK0 ] unsigned char 
  matches         1   57[BANK0 ] unsigned char 
  count           1   56[BANK0 ] unsigned char 
 Return value:  Size  Location     Type
                  1    wreg      unsigned char 
 Registers used:
		wreg, fsr0l, fsr0h, fsr1l, fsr1h, fsr2l, fsr2h, status,2, status,0, tblptrl, tblptrh, tblptru, prodl, prodh, cstack
 Tracked objects:
		On entry : 
		On exit  : 
		Unchanged: 
 Data sizes:     COMRAM   BANK0   BANK1   BANK2   BANK3   BANK4   BANK5   BANK6   BANK7   BANK8   BANK9  BANK10  BANK11  BANK12  BANK13  BANK14  BANK15
      Params:         0       0       0       0       0       0       0       0       0       0       0       0       0       0       0       0       0
      Locals:         0      61       0       0       0       0       0       0       0       0       0       0       0       0       0       0       0
      Temps:          1       0       0       0       0       0       0       0       0       0       0       0       0       0       0       0       0
      Totals:         1      61       0       0       0       0       0       0       0       0       0       0       0       0       0       0       0
Total ram usage:       62 bytes
 Hardware stack levels used:    1
 Hardware stack levels required when called:    5
 This function calls:
		_delay5ms
		_md_uart_write_str_ok
		_setup_timer3
		_str_matches
 This function is called by:
		_md_io_setup_ok
 This function uses a non-reentrant model


 *************** function _save_first_run *****************
 Defined at:
		line 74 in file "module.c"
 Parameters:    Size  Location     Type
		None
 Auto vars:     Size  Location     Type
		None
 Return value:  Size  Location     Type
                  1    wreg      void 
 Registers used:
		wreg, status,2, cstack
 Tracked objects:
		On entry : 
		On exit  : 
		Unchanged: 
 Data sizes:     COMRAM   BANK0   BANK1   BANK2   BANK3   BANK4   BANK5   BANK6   BANK7   BANK8   BANK9  BANK10  BANK11  BANK12  BANK13  BANK14  BANK15
      Params:         0       0       0       0       0       0       0       0       0       0       0       0       0       0       0       0       0
      Locals:         0       0       0       0       0       0       0       0       0       0       0       0       0       0       0       0       0
      Temps:          0       0       0       0       0       0       0       0       0       0       0       0       0       0       0       0       0
      Totals:         0       0       0       0       0       0       0       0       0       0       0       0       0       0       0       0       0
Total ram usage:        0 bytes
 Hardware stack levels used:    1
 Hardware stack levels required when called:    3
 This function calls:
		_ee_write
 This function is called by:
		_md_io_setup_ok
 This function uses a non-reentrant model


 *************** function _ee_write *****************
 Defined at:
		line 26 in file "eeprom.c"
 Parameters:    Size  Location     Type
  page            1    wreg     unsigned char 
  addr            1   19[COMRAM] unsigned char 
  data            1   20[COMRAM] unsigned char 
 Auto vars:     Size  Location     Type
  page            1   21[COMRAM] unsigned char 
 Return value:  Size  Location     Type
                  1    wreg      void 
 Registers used:
		wreg, status,2
 Tracked objects:
		On entry : 
		On exit  : 
		Unchanged: 
 Data sizes:     COMRAM   BANK0   BANK1   BANK2   BANK3   BANK4   BANK5   BANK6   BANK7   BANK8   BANK9  BANK10  BANK11  BANK12  BANK13  BANK14  BANK15
      Params:         2       0       0       0       0       0       0       0       0       0       0       0       0       0       0       0       0
      Locals:         1       0       0       0       0       0       0       0       0       0       0       0       0       0       0       0       0
      Temps:          0       0       0       0       0       0       0       0       0       0       0       0       0       0       0       0       0
      Totals:         3       0       0       0       0       0       0       0       0       0       0       0       0       0       0       0       0
Total ram usage:        3 bytes
 Hardware stack levels used:    1
 Hardware stack levels required when called:    2
 This function calls:
		Nothing
 This function is called by:
		_save_first_run
		_write_defaults
 This function uses a non-reentrant model


 *************** function _is_first_run *****************
 Defined at:
		line 69 in file "module.c"
 Parameters:    Size  Location     Type
		None
 Auto vars:     Size  Location     Type
		None
 Return value:  Size  Location     Type
                  1    wreg      unsigned char 
 Registers used:
		wreg, status,2, cstack
 Tracked objects:
		On entry : 
		On exit  : 
		Unchanged: 
 Data sizes:     COMRAM   BANK0   BANK1   BANK2   BANK3   BANK4   BANK5   BANK6   BANK7   BANK8   BANK9  BANK10  BANK11  BANK12  BANK13  BANK14  BANK15
      Params:         0       0       0       0       0       0       0       0       0       0       0       0       0       0       0       0       0
      Locals:         0       0       0       0       0       0       0       0       0       0       0       0       0       0       0       0       0
      Temps:          0       0       0       0       0       0       0       0       0       0       0       0       0       0       0       0       0
      Totals:         0       0       0       0       0       0       0       0       0       0       0       0       0       0       0       0       0
Total ram usage:        0 bytes
 Hardware stack levels used:    1
 Hardware stack levels required when called:    3
 This function calls:
		_ee_read
 This function is called by:
		_md_io_setup_ok
 This function uses a non-reentrant model


 *************** function _init_modem_ok *****************
 Defined at:
		line 79 in file "module.c"
 Parameters:    Size  Location     Type
		None
 Auto vars:     Size  Location     Type
  ledCfg         16    0[BANK0 ] const unsigned char [16]
  ledPattern     12   16[BANK0 ] const unsigned char [12]
  queryVersion   10   28[BANK0 ] const unsigned char [10]
  repeat          1   44[BANK0 ] unsigned char 
  c4              1   43[BANK0 ] unsigned char 
  c3              1   42[BANK0 ] unsigned char 
  c2              1   41[BANK0 ] unsigned char 
  c1              1   40[BANK0 ] unsigned char 
  c5              1   39[BANK0 ] unsigned char 
  index           1   38[BANK0 ] unsigned char 
 Return value:  Size  Location     Type
                  1    wreg      unsigned char 
 Registers used:
		wreg, fsr0l, fsr0h, fsr2l, fsr2h, status,2, status,0, tblptrl, tblptrh, tblptru, prodl, prodh, cstack
 Tracked objects:
		On entry : 
		On exit  : 
		Unchanged: 
 Data sizes:     COMRAM   BANK0   BANK1   BANK2   BANK3   BANK4   BANK5   BANK6   BANK7   BANK8   BANK9  BANK10  BANK11  BANK12  BANK13  BANK14  BANK15
      Params:         0       0       0       0       0       0       0       0       0       0       0       0       0       0       0       0       0
      Locals:         0      45       0       0       0       0       0       0       0       0       0       0       0       0       0       0       0
      Temps:          0       0       0       0       0       0       0       0       0       0       0       0       0       0       0       0       0
      Totals:         0      45       0       0       0       0       0       0       0       0       0       0       0       0       0       0       0
Total ram usage:       45 bytes
 Hardware stack levels used:    1
 Hardware stack levels required when called:    5
 This function calls:
		_delay5ms
		_md_uart_write_str_ok
 This function is called by:
		_md_io_setup_ok
 This function uses a non-reentrant model


 *************** function _is_connected *****************
 Defined at:
		line 16 in file "network.c"
 Parameters:    Size  Location     Type
		None
 Auto vars:     Size  Location     Type
		None
 Return value:  Size  Location     Type
                  1    wreg      unsigned char 
 Registers used:
		wreg, fsr0l, fsr0h, fsr1l, fsr1h, fsr2l, fsr2h, status,2, status,0, tblptrl, tblptrh, tblptru, prodl, prodh, cstack
 Tracked objects:
		On entry : 
		On exit  : 
		Unchanged: 
 Data sizes:     COMRAM   BANK0   BANK1   BANK2   BANK3   BANK4   BANK5   BANK6   BANK7   BANK8   BANK9  BANK10  BANK11  BANK12  BANK13  BANK14  BANK15
      Params:         0       0       0       0       0       0       0       0       0       0       0       0       0       0       0       0       0
      Locals:         0       0       0       0       0       0       0       0       0       0       0       0       0       0       0       0       0
      Temps:          0       0       0       0       0       0       0       0       0       0       0       0       0       0       0       0       0
      Totals:         0       0       0       0       0       0       0       0       0       0       0       0       0       0       0       0       0
Total ram usage:        0 bytes
 Hardware stack levels used:    1
 Hardware stack levels required when called:    6
 This function calls:
		_md_attached
 This function is called by:
		_startup_md_ok
 This function uses a non-reentrant model


 *************** function _md_attached *****************
 Defined at:
		line 100 in file "network.c"
 Parameters:    Size  Location     Type
		None
 Auto vars:     Size  Location     Type
  buf            40    0[BANK0 ] unsigned char [40]
  gprs_check     12   40[BANK0 ] const unsigned char [12]
  gprs_attach    11   52[BANK0 ] const unsigned char [11]
  gprs_resp       9   63[BANK0 ] const unsigned char [9]
  i               1   74[BANK0 ] unsigned char 
  attached        1   73[BANK0 ] unsigned char 
  cnt             1   72[BANK0 ] unsigned char 
  temp            1    0        unsigned char 
 Return value:  Size  Location     Type
                  1    wreg      unsigned char 
 Registers used:
		wreg, fsr0l, fsr0h, fsr1l, fsr1h, fsr2l, fsr2h, status,2, status,0, tblptrl, tblptrh, tblptru, prodl, prodh, cstack
 Tracked objects:
		On entry : 
		On exit  : 
		Unchanged: 
 Data sizes:     COMRAM   BANK0   BANK1   BANK2   BANK3   BANK4   BANK5   BANK6   BANK7   BANK8   BANK9  BANK10  BANK11  BANK12  BANK13  BANK14  BANK15
      Params:         0       0       0       0       0       0       0       0       0       0       0       0       0       0       0       0       0
      Locals:         0      75       0       0       0       0       0       0       0       0       0       0       0       0       0       0       0
      Temps:          2       0       0       0       0       0       0       0       0       0       0       0       0       0       0       0       0
      Totals:         2      75       0       0       0       0       0       0       0       0       0       0       0       0       0       0       0
Total ram usage:       77 bytes
 Hardware stack levels used:    1
 Hardware stack levels required when called:    5
 This function calls:
		_delay5ms
		_md_uart_write_str_ok
		_str_matches
 This function is called by:
		_is_connected
 This function uses a non-reentrant model


 *************** function _init_uart_modem *****************
 Defined at:
		line 21 in file "uart.c"
 Parameters:    Size  Location     Type
		None
 Auto vars:     Size  Location     Type
		None
 Return value:  Size  Location     Type
                  1    wreg      unsigned char 
 Registers used:
		wreg, status,2
 Tracked objects:
		On entry : 
		On exit  : 
		Unchanged: 
 Data sizes:     COMRAM   BANK0   BANK1   BANK2   BANK3   BANK4   BANK5   BANK6   BANK7   BANK8   BANK9  BANK10  BANK11  BANK12  BANK13  BANK14  BANK15
      Params:         0       0       0       0       0       0       0       0       0       0       0       0       0       0       0       0       0
      Locals:         0       0       0       0       0       0       0       0       0       0       0       0       0       0       0       0       0
      Temps:          0       0       0       0       0       0       0       0       0       0       0       0       0       0       0       0       0
      Totals:         0       0       0       0       0       0       0       0       0       0       0       0       0       0       0       0       0
Total ram usage:        0 bytes
 Hardware stack levels used:    1
 Hardware stack levels required when called:    2
 This function calls:
		Nothing
 This function is called by:
		_startup_md_ok
		_init_uart
 This function uses a non-reentrant model


 *************** function _send_text *****************
 Defined at:
		line 15 in file "sms.c"
 Parameters:    Size  Location     Type
  msg             2   34[COMRAM] PTR unsigned char 
		 -> STR_1(44), 
  len             1   36[COMRAM] unsigned char 
  number          2   37[COMRAM] PTR unsigned char 
		 -> JENS_NUMBER(11), 
 Auto vars:     Size  Location     Type
  buf            40    0[BANK0 ] unsigned char [40]
  ready_to_wri    1   44[BANK0 ] unsigned char 
  i               1   43[BANK0 ] unsigned char 
  ctrlz           1   42[BANK0 ] unsigned char 
  count           1   41[BANK0 ] unsigned char 
  temp            1   40[BANK0 ] unsigned char 
 Return value:  Size  Location     Type
                  1    wreg      unsigned char 
 Registers used:
		wreg, fsr0l, fsr0h, fsr2l, fsr2h, status,2, status,0, tblptrl, tblptrh, tblptru, prodl, prodh, cstack
 Tracked objects:
		On entry : 
		On exit  : 
		Unchanged: 
 Data sizes:     COMRAM   BANK0   BANK1   BANK2   BANK3   BANK4   BANK5   BANK6   BANK7   BANK8   BANK9  BANK10  BANK11  BANK12  BANK13  BANK14  BANK15
      Params:         5       0       0       0       0       0       0       0       0       0       0       0       0       0       0       0       0
      Locals:         0      45       0       0       0       0       0       0       0       0       0       0       0       0       0       0       0
      Temps:          0       0       0       0       0       0       0       0       0       0       0       0       0       0       0       0       0
      Totals:         5      45       0       0       0       0       0       0       0       0       0       0       0       0       0       0       0
Total ram usage:       50 bytes
 Hardware stack levels used:    1
 Hardware stack levels required when called:    5
 This function calls:
		_delay5ms
		_md_uart_write_str_ok
		_setup_timer3
 This function is called by:
		_main
 This function uses a non-reentrant model


 *************** function _receive_sms_init *****************
 Defined at:
		line 71 in file "sms.c"
 Parameters:    Size  Location     Type
		None
 Auto vars:     Size  Location     Type
  dummyBuf       40    0        unsigned char [40]
  cpms           26    0[BANK0 ] const unsigned char [26]
  cnmi           15   26[BANK0 ] const unsigned char [15]
  cmgf           13   41[BANK0 ] const unsigned char [13]
 Return value:  Size  Location     Type
                  1    wreg      unsigned char 
 Registers used:
		wreg, fsr0l, fsr0h, fsr2l, fsr2h, status,2, status,0, tblptrl, tblptrh, tblptru, prodl, prodh, cstack
 Tracked objects:
		On entry : 
		On exit  : 
		Unchanged: 
 Data sizes:     COMRAM   BANK0   BANK1   BANK2   BANK3   BANK4   BANK5   BANK6   BANK7   BANK8   BANK9  BANK10  BANK11  BANK12  BANK13  BANK14  BANK15
      Params:         0       0       0       0       0       0       0       0       0       0       0       0       0       0       0       0       0
      Locals:         0      54       0       0       0       0       0       0       0       0       0       0       0       0       0       0       0
      Temps:          0       0       0       0       0       0       0       0       0       0       0       0       0       0       0       0       0
      Totals:         0      54       0       0       0       0       0       0       0       0       0       0       0       0       0       0       0
Total ram usage:       54 bytes
 Hardware stack levels used:    1
 Hardware stack levels required when called:    5
 This function calls:
		_delay5ms
		_md_uart_write_str_ok
 This function is called by:
		_main
 This function uses a non-reentrant model


 *************** function _receive_sms *****************
 Defined at:
		line 88 in file "sms.c"
 Parameters:    Size  Location     Type
		None
 Auto vars:     Size  Location     Type
  cnt             1   32[BANK0 ] unsigned char 
  sms_time        1   31[BANK0 ] unsigned char 
 Return value:  Size  Location     Type
                  1    wreg      unsigned char 
 Registers used:
		wreg, fsr0l, fsr0h, fsr1l, fsr1h, fsr2l, fsr2h, status,2, status,0, tblptrl, tblptrh, tblptru, prodl, prodh, cstack
 Tracked objects:
		On entry : 
		On exit  : 
		Unchanged: 
 Data sizes:     COMRAM   BANK0   BANK1   BANK2   BANK3   BANK4   BANK5   BANK6   BANK7   BANK8   BANK9  BANK10  BANK11  BANK12  BANK13  BANK14  BANK15
      Params:         0       0       0       0       0       0       0       0       0       0       0       0       0       0       0       0       0
      Locals:         0       2       0       0       0       0       0       0       0       0       0       0       0       0       0       0       0
      Temps:          0       0       0       0       0       0       0       0       0       0       0       0       0       0       0       0       0
      Totals:         0       2       0       0       0       0       0       0       0       0       0       0       0       0       0       0       0
Total ram usage:        2 bytes
 Hardware stack levels used:    1
 Hardware stack levels required when called:    7
 This function calls:
		_check_sms
		_delay5ms
		_ee_read
 This function is called by:
		_main
 This function uses a non-reentrant model


 *************** function _ee_read *****************
 Defined at:
		line 11 in file "eeprom.c"
 Parameters:    Size  Location     Type
  page            1    wreg     unsigned char 
  addr            1   19[COMRAM] unsigned char 
 Auto vars:     Size  Location     Type
  page            1   20[COMRAM] unsigned char 
  data            1   21[COMRAM] unsigned char 
 Return value:  Size  Location     Type
                  1    wreg      unsigned char 
 Registers used:
		wreg, status,2
 Tracked objects:
		On entry : 
		On exit  : 
		Unchanged: 
 Data sizes:     COMRAM   BANK0   BANK1   BANK2   BANK3   BANK4   BANK5   BANK6   BANK7   BANK8   BANK9  BANK10  BANK11  BANK12  BANK13  BANK14  BANK15
      Params:         1       0       0       0       0       0       0       0       0       0       0       0       0       0       0       0       0
      Locals:         2       0       0       0       0       0       0       0       0       0       0       0       0       0       0       0       0
      Temps:          0       0       0       0       0       0       0       0       0       0       0       0       0       0       0       0       0
      Totals:         3       0       0       0       0       0       0       0       0       0       0       0       0       0       0       0       0
Total ram usage:        3 bytes
 Hardware stack levels used:    1
 Hardware stack levels required when called:    2
 This function calls:
		Nothing
 This function is called by:
		_receive_sms
		_is_first_run
		_write_defaults
		_set_pdp_ok
 This function uses a non-reentrant model


 *************** function _check_sms *****************
 Defined at:
		line 104 in file "sms.c"
 Parameters:    Size  Location     Type
		None
 Auto vars:     Size  Location     Type
  i               1   30[BANK0 ] unsigned char 
  cmgl           16    2[BANK0 ] const unsigned char [16]
  cmgl_check      8   18[BANK0 ] const unsigned char [8]
  msgPlace2       1   29[BANK0 ] unsigned char 
  msgPlace1       1   28[BANK0 ] unsigned char 
  msgPlace3       1   27[BANK0 ] unsigned char 
  temp            1   26[BANK0 ] unsigned char 
 Return value:  Size  Location     Type
                  1    wreg      void 
 Registers used:
		wreg, fsr0l, fsr0h, fsr1l, fsr1h, fsr2l, fsr2h, status,2, status,0, tblptrl, tblptrh, tblptru, prodl, prodh, cstack
 Tracked objects:
		On entry : 
		On exit  : 
		Unchanged: 
 Data sizes:     COMRAM   BANK0   BANK1   BANK2   BANK3   BANK4   BANK5   BANK6   BANK7   BANK8   BANK9  BANK10  BANK11  BANK12  BANK13  BANK14  BANK15
      Params:         0       0       0       0       0       0       0       0       0       0       0       0       0       0       0       0       0
      Locals:         0      29       0       0       0       0       0       0       0       0       0       0       0       0       0       0       0
      Temps:          0       2       0       0       0       0       0       0       0       0       0       0       0       0       0       0       0
      Totals:         0      31       0       0       0       0       0       0       0       0       0       0       0       0       0       0       0
Total ram usage:       31 bytes
 Hardware stack levels used:    1
 Hardware stack levels required when called:    6
 This function calls:
[...]
 This function calls:
		_delay5ms
		_wakeup_module_ok
 This function is called by:
		_main
 This function uses a non-reentrant model


 *************** function _wakeup_module_ok *****************
 Defined at:
		line 31 in file "module.c"
 Parameters:    Size  Location     Type
		None
 Auto vars:     Size  Location     Type
  i               1   25[BANK0 ] unsigned char 
  read_buf       20    0        unsigned char [20]
  ipr            16    0[BANK0 ] unsigned char [16]
  initStr         5   16[BANK0 ] unsigned char [5]
  cnt             1   24[BANK0 ] unsigned char 
  rsp2_ok         1   23[BANK0 ] unsigned char 
  rsp1_ok         1   22[BANK0 ] unsigned char 
 Return value:  Size  Location     Type
                  1    wreg      unsigned char 
 Registers used:
		wreg, fsr0l, fsr0h, fsr1l, fsr1h, fsr2l, fsr2h, status,2, status,0, tblptrl, tblptrh, tblptru, prodl, prodh, cstack
 Tracked objects:
		On entry : 
		On exit  : 
		Unchanged: 
 Data sizes:     COMRAM   BANK0   BANK1   BANK2   BANK3   BANK4   BANK5   BANK6   BANK7   BANK8   BANK9  BANK10  BANK11  BANK12  BANK13  BANK14  BANK15
      Params:         0       0       0       0       0       0       0       0       0       0       0       0       0       0       0       0       0
      Locals:         0      26       0       0       0       0       0       0       0       0       0       0       0       0       0       0       0
      Temps:          0       0       0       0       0       0       0       0       0       0       0       0       0       0       0       0       0
      Totals:         0      26       0       0       0       0       0       0       0       0       0       0       0       0       0       0       0
Total ram usage:       26 bytes
 Hardware stack levels used:    1
 Hardware stack levels required when called:    5
 This function calls:
		_delay5ms
		_md_uart_write_str_ok
 This function is called by:
		_md_restart
		_startup_md_ok
 This function uses a non-reentrant model


 *************** function _md_uart_write_str_ok *****************
 Defined at:
		line 134 in file "uart.c"
 Parameters:    Size  Location     Type
  toSend          2   25[COMRAM] PTR unsigned char 
		 -> sim_card_ok@cpin(11), STR_9(12), STR_8(7), init_modem_ok@ledPattern(12), 
		 -> init_modem_ok@queryVersion(10), init_modem_ok@ledCfg(16), wakeup_module_ok@ipr(16), wakeup_module_ok@initStr(5), 
		 -> sgact(15), set_pdp_ok@apn_buf(0), cgdcont(20), md_attached@gprs_attach(11), 
		 -> md_attached@gprs_check(12), scfg(28), socket_configured@scfgext(25), STR_7(10), 
		 -> registration_ok@cereg(12), registration_ok@creg(11), STR_6(3), RAM(3895), 
		 -> delete_sms@cmgd(9), STR_5(3), read_sms@txtAddr3(1), read_sms@txtAddr2(1), 
		 -> read_sms@txtAddr1(1), read_sms@cmgr(9), check_sms@cmgl(16), receive_sms_init@cnmi(15), 
		 -> receive_sms_init@cpms(26), receive_sms_init@cmgf(13), send_text@ctrlz(1), STR_4(3), 
		 -> STR_3(9), STR_2(12), STR_1(44), JENS_NUMBER(11), 
  lengthToSend    1   27[COMRAM] unsigned char 
  wantOk          1   28[COMRAM] unsigned char 
 Auto vars:     Size  Location     Type
  i               1   33[COMRAM] unsigned char 
  count           1   32[COMRAM] unsigned char 
  temp            1   31[COMRAM] unsigned char 
 Return value:  Size  Location     Type
                  1    wreg      unsigned char 
 Registers used:
		wreg, fsr0l, fsr0h, fsr2l, fsr2h, status,2, status,0, tblptrl, tblptrh, tblptru, prodl, prodh, cstack
 Tracked objects:
		On entry : 
		On exit  : 
		Unchanged: 
 Data sizes:     COMRAM   BANK0   BANK1   BANK2   BANK3   BANK4   BANK5   BANK6   BANK7   BANK8   BANK9  BANK10  BANK11  BANK12  BANK13  BANK14  BANK15
      Params:         4       0       0       0       0       0       0       0       0       0       0       0       0       0       0       0       0
      Locals:         3       0       0       0       0       0       0       0       0       0       0       0       0       0       0       0       0
      Temps:          2       0       0       0       0       0       0       0       0       0       0       0       0       0       0       0       0
      Totals:         9       0       0       0       0       0       0       0       0       0       0       0       0       0       0       0       0
Total ram usage:        9 bytes
 Hardware stack levels used:    1
 Hardware stack levels required when called:    4
 This function calls:
		_md_uart_write_str
		_setup_timer3
 This function is called by:
		_send_text
		_receive_sms_init
		_check_sms
		_read_sms
		_delete_sms
		_registration_ok
		_md_attached
		_wakeup_module_ok
		_init_modem_ok
		_sim_card_ok
		_socket_configured
		_set_pdp_ok
		_open_pdp_ok
 This function uses a non-reentrant model


 *************** function _setup_timer3 *****************
 Defined at:
		line 173 in file "setup.c"
 Parameters:    Size  Location     Type
		None
 Auto vars:     Size  Location     Type
		None
 Return value:  Size  Location     Type
                  1    wreg      void 
 Registers used:
		wreg, status,2
 Tracked objects:
		On entry : 
		On exit  : 
		Unchanged: 
 Data sizes:     COMRAM   BANK0   BANK1   BANK2   BANK3   BANK4   BANK5   BANK6   BANK7   BANK8   BANK9  BANK10  BANK11  BANK12  BANK13  BANK14  BANK15
      Params:         0       0       0       0       0       0       0       0       0       0       0       0       0       0       0       0       0
      Locals:         0       0       0       0       0       0       0       0       0       0       0       0       0       0       0       0       0
      Temps:          0       0       0       0       0       0       0       0       0       0       0       0       0       0       0       0       0
      Totals:         0       0       0       0       0       0       0       0       0       0       0       0       0       0       0       0       0
Total ram usage:        0 bytes
 Hardware stack levels used:    1
 Hardware stack levels required when called:    2
 This function calls:
		Nothing
 This function is called by:
		_send_text
		_md_uart_write_str_ok
		_registration_ok
		_sim_card_ok
 This function uses a non-reentrant model


 *************** function _md_uart_write_str *****************
 Defined at:
		line 86 in file "uart.c"
 Parameters:    Size  Location     Type
  data            2   20[COMRAM] PTR unsigned char 
		 -> sim_card_ok@cpin(11), STR_9(12), STR_8(7), init_modem_ok@ledPattern(12), 
		 -> init_modem_ok@queryVersion(10), init_modem_ok@ledCfg(16), wakeup_module_ok@ipr(16), wakeup_module_ok@initStr(5), 
		 -> sgact(15), set_pdp_ok@apn_buf(0), cgdcont(20), md_attached@gprs_attach(11), 
		 -> md_attached@gprs_check(12), scfg(28), socket_configured@scfgext(25), STR_7(10), 
		 -> registration_ok@cereg(12), registration_ok@creg(11), STR_6(3), RAM(3895), 
		 -> delete_sms@cmgd(9), STR_5(3), read_sms@txtAddr3(1), read_sms@txtAddr2(1), 
		 -> read_sms@txtAddr1(1), read_sms@cmgr(9), check_sms@cmgl(16), receive_sms_init@cnmi(15), 
		 -> receive_sms_init@cpms(26), receive_sms_init@cmgf(13), send_text@ctrlz(1), STR_4(3), 
		 -> STR_3(9), STR_2(12), STR_1(44), JENS_NUMBER(11), 
  len             1   22[COMRAM] unsigned char 
 Auto vars:     Size  Location     Type
  index           1   24[COMRAM] unsigned char 
  currentChar     1   23[COMRAM] unsigned char 
 Return value:  Size  Location     Type
                  1    wreg      void 
 Registers used:
		wreg, fsr0l, fsr0h, status,2, status,0, tblptrl, tblptrh, tblptru, cstack
 Tracked objects:
		On entry : 
		On exit  : 
		Unchanged: 
 Data sizes:     COMRAM   BANK0   BANK1   BANK2   BANK3   BANK4   BANK5   BANK6   BANK7   BANK8   BANK9  BANK10  BANK11  BANK12  BANK13  BANK14  BANK15
      Params:         3       0       0       0       0       0       0       0       0       0       0       0       0       0       0       0       0
      Locals:         2       0       0       0       0       0       0       0       0       0       0       0       0       0       0       0       0
      Temps:          0       0       0       0       0       0       0       0       0       0       0       0       0       0       0       0       0
      Totals:         5       0       0       0       0       0       0       0       0       0       0       0       0       0       0       0       0
Total ram usage:        5 bytes
 Hardware stack levels used:    1
 Hardware stack levels required when called:    3
 This function calls:
		_md_uart_send
 This function is called by:
		_md_uart_write_str_ok
 This function uses a non-reentrant model


 *************** function _md_uart_send *****************
 Defined at:
		line 99 in file "uart.c"
 Parameters:    Size  Location     Type
  data            1    wreg     unsigned char 
 Auto vars:     Size  Location     Type
  data            1   19[COMRAM] unsigned char 
 Return value:  Size  Location     Type
                  1    wreg      void 
 Registers used:
		wreg
 Tracked objects:
		On entry : 
		On exit  : 
		Unchanged: 
 Data sizes:     COMRAM   BANK0   BANK1   BANK2   BANK3   BANK4   BANK5   BANK6   BANK7   BANK8   BANK9  BANK10  BANK11  BANK12  BANK13  BANK14  BANK15
      Params:         0       0       0       0       0       0       0       0       0       0       0       0       0       0       0       0       0
      Locals:         1       0       0       0       0       0       0       0       0       0       0       0       0       0       0       0       0
      Temps:          0       0       0       0       0       0       0       0       0       0       0       0       0       0       0       0       0
      Totals:         1       0       0       0       0       0       0       0       0       0       0       0       0       0       0       0       0
Total ram usage:        1 bytes
 Hardware stack levels used:    1
 Hardware stack levels required when called:    2
 This function calls:
		Nothing
 This function is called by:
		_md_uart_write_str
 This function uses a non-reentrant model


 *************** function _delay5ms *****************
 Defined at:
		line 55 in file "module.c"
 Parameters:    Size  Location     Type
  cnt             2   19[COMRAM] unsigned int 
 Auto vars:     Size  Location     Type
  j               1   22[COMRAM] unsigned char 
  i               1   21[COMRAM] unsigned char 
 Return value:  Size  Location     Type
                  1    wreg      void 
 Registers used:
		wreg, status,2, status,0
 Tracked objects:
		On entry : 
		On exit  : 
		Unchanged: 
 Data sizes:     COMRAM   BANK0   BANK1   BANK2   BANK3   BANK4   BANK5   BANK6   BANK7   BANK8   BANK9  BANK10  BANK11  BANK12  BANK13  BANK14  BANK15
      Params:         2       0       0       0       0       0       0       0       0       0       0       0       0       0       0       0       0
      Locals:         2       0       0       0       0       0       0       0       0       0       0       0       0       0       0       0       0
      Temps:          0       0       0       0       0       0       0       0       0       0       0       0       0       0       0       0       0
      Totals:         4       0       0       0       0       0       0       0       0       0       0       0       0       0       0       0       0
Total ram usage:        4 bytes
 Hardware stack levels used:    1
 Hardware stack levels required when called:    2
 This function calls:
		Nothing
 This function is called by:
		_send_text
		_receive_sms_init
		_receive_sms
		_registration_ok
		_md_attached
		_md_restart
		_wakeup_module_ok
		_init_modem_ok
		_sim_card_ok
		_open_pdp_ok
 This function uses a non-reentrant model


 *************** function _init_pic *****************
 Defined at:
		line 54 in file "main.c"
 Parameters:    Size  Location     Type
		None
 Auto vars:     Size  Location     Type
		None
 Return value:  Size  Location     Type
                  1    wreg      void 
 Registers used:
		wreg, status,2
 Tracked objects:
		On entry : 
		On exit  : 
		Unchanged: 
 Data sizes:     COMRAM   BANK0   BANK1   BANK2   BANK3   BANK4   BANK5   BANK6   BANK7   BANK8   BANK9  BANK10  BANK11  BANK12  BANK13  BANK14  BANK15
      Params:         0       0       0       0       0       0       0       0       0       0       0       0       0       0       0       0       0
      Locals:         0       0       0       0       0       0       0       0       0       0       0       0       0       0       0       0       0
      Temps:          0       0       0       0       0       0       0       0       0       0       0       0       0       0       0       0       0
      Totals:         0       0       0       0       0       0       0       0       0       0       0       0       0       0       0       0       0
Total ram usage:        0 bytes
 Hardware stack levels used:    1
 Hardware stack levels required when called:    2
 This function calls:
		Nothing
 This function is called by:
		_main
 This function uses a non-reentrant model


 *************** function _isr *****************
 Defined at:
		line 134 in file "main.c"
 Parameters:    Size  Location     Type
		None
 Auto vars:     Size  Location     Type
		None
 Return value:  Size  Location     Type
                  1    wreg      void 
 Registers used:
		wreg, status,2, status,0, cstack
 Tracked objects:
		On entry : 
		On exit  : 
		Unchanged: 
 Data sizes:     COMRAM   BANK0   BANK1   BANK2   BANK3   BANK4   BANK5   BANK6   BANK7   BANK8   BANK9  BANK10  BANK11  BANK12  BANK13  BANK14  BANK15
      Params:         0       0       0       0       0       0       0       0       0       0       0       0       0       0       0       0       0
      Locals:         0       0       0       0       0       0       0       0       0       0       0       0       0       0       0       0       0
      Temps:         18       0       0       0       0       0       0       0       0       0       0       0       0       0       0       0       0
      Totals:        18       0       0       0       0       0       0       0       0       0       0       0       0       0       0       0       0
Total ram usage:       18 bytes
 Hardware stack levels used:    1
 Hardware stack levels required when called:    1
 This function calls:
		_check_leds
 This function is called by:
		Interrupt level 2
 This function uses a non-reentrant model


 *************** function _check_leds *****************
 Defined at:
		line 154 in file "main.c"
 Parameters:    Size  Location     Type
		None
 Auto vars:     Size  Location     Type
		None
 Return value:  Size  Location     Type
                  1    wreg      void 
 Registers used:
		wreg, status,2, status,0
 Tracked objects:
		On entry : 
		On exit  : 
		Unchanged: 
 Data sizes:     COMRAM   BANK0   BANK1   BANK2   BANK3   BANK4   BANK5   BANK6   BANK7   BANK8   BANK9  BANK10  BANK11  BANK12  BANK13  BANK14  BANK15
      Params:         0       0       0       0       0       0       0       0       0       0       0       0       0       0       0       0       0
      Locals:         0       0       0       0       0       0       0       0       0       0       0       0       0       0       0       0       0
      Temps:          1       0       0       0       0       0       0       0       0       0       0       0       0       0       0       0       0
      Totals:         1       0       0       0       0       0       0       0       0       0       0       0       0       0       0       0       0
Total ram usage:        1 bytes
 Hardware stack levels used:    1
 This function calls:
		Nothing
 This function is called by:
		_isr
 This function uses a non-reentrant model



MODULE INFORMATION

Module		Function		Class		Link	Load	Size
module.c
		_md_restart    		CODE           	1638	0000	23
		_save_first_run		CODE           	164E	0000	17
		_startup_md_ok 		CODE           	1482	0000	65
		_sim_card_ok   		CODE           	0C8A	0000	273
		_delay5ms      		CODE           	159C	0000	43
		_init_modem_ok 		CODE           	0850	0000	433
		_md_io_setup_ok		CODE           	153A	0000	51
		_wakeup_module_ok		CODE           	1160	0000	181
		_is_first_run  		CODE           	1620	0000	25

module.c estimated size: 1111

uart.c
		_md_uart_send  		CODE           	1678	0000	13
		_md_uart_write_str		CODE           	1400	0000	67
		_md_uart_write_str_ok		CODE           	0EA4	0000	267
		_str_matches   		CODE           	14C2	0000	65
		_init_uart_modem		CODE           	15C6	0000	39

uart.c estimated size: 451

network.c
		_md_attached   		CODE           	0B50	0000	315
		_registration_ok		CODE           	063A	0000	535
		_is_connected  		CODE           	1684	0000	9

network.c estimated size: 859

eeprom.c
		_ee_write      		CODE           	156C	0000	49
		_ee_read       		CODE           	15EC	0000	29

eeprom.c estimated size: 78

sms.c
		_read_sms      		CODE           	12B6	0000	135
		_check_sms     		CODE           	0A00	0000	337
		_send_text     		CODE           	0D9A	0000	267
		_receive_sms   		CODE           	1502	0000	57
		_delete_sms    		CODE           	1214	0000	163
		_receive_sms_init		CODE           	108C	0000	213

sms.c estimated size: 1172

shared
		_TP_PIN        		MEDIUMCONST    	FF5B	0000	2
		_ENCRYPTION    		MEDIUMCONST    	FF57	0000	2
		_TEST_FREQ     		MEDIUMCONST    	FF5F	0000	2
		receive_sms_init@F6784		MEDIUMCONST    	FE8C	0000	14
		_PORT3         		MEDIUMCONST    	FF47	0000	3
		_sgact         		MEDIUMCONST    	FF91	0000	16
		open_connection@F6810		MEDIUMCONST    	FEC8	0000	12
		_SERVER_ACK_TIME		MEDIUMCONST    	FF5E	0000	2
		_ACCESS_CODE   		MEDIUMCONST    	FF37	0000	7
		read_sms@F6815 		MEDIUMCONST    	FF18	0000	10
		delete_sms@F6825		MEDIUMCONST    	FF0F	0000	10
		registration_ok@F6756		MEDIUMCONST    	FEDE	0000	12
		_PORT4         		MEDIUMCONST    	FF45	0000	3
		open_connection@F6812		MEDIUMCONST    	FEF3	0000	11
		_RETRY         		MEDIUMCONST    	FF59	0000	2
		md_attached@F6790		MEDIUMCONST    	FED3	0000	12
		md_attached@F6786		MEDIUMCONST    	FEA5	0000	13
		md_attached@F6788		MEDIUMCONST    	FEFD	0000	10
		_ZONE1         		MEDIUMCONST    	FF5D	0000	2
		registration_ok@F6758		MEDIUMCONST    	FF21	0000	9
		receive_sms_init@F6786		MEDIUMCONST    	FE1D	0000	27
		__initialization		CODE           	13A6	0000	81
		sim_card_ok@F6791		MEDIUMCONST    	FEBD	0000	12
		sim_card_ok@F6793		MEDIUMCONST    	FE7F	0000	14
		_VERSION       		MEDIUMCONST    	FF3D	0000	6
		_ZONE2         		MEDIUMCONST    	FF5C	0000	2
		_PROGRAM_ACK   		MEDIUMCONST    	FF60	0000	2
		_scfg          		MEDIUMCONST    	FF61	0000	29
		_IP1           		MEDIUMCONST    	FF53	0000	3
		socket_configured@F6782		MEDIUMCONST    	FE37	0000	26
		_IP2           		MEDIUMCONST    	FF51	0000	3
		init_modem_ok@F6780		MEDIUMCONST    	FE50	0000	17
		_IP3           		MEDIUMCONST    	FF4F	0000	3
		init_modem_ok@F6782		MEDIUMCONST    	FEE9	0000	11
		_PORT1         		MEDIUMCONST    	FF4B	0000	3
		_IP4           		MEDIUMCONST    	FF4D	0000	3
		init_modem_ok@F6784		MEDIUMCONST    	FE99	0000	13
		receive_sms_init@F6788		MEDIUMCONST    	FE70	0000	16
		_UNIT_ACCT     		MEDIUMCONST    	FF31	0000	7
		registration_ok@F6760		MEDIUMCONST    	FEB1	0000	13
		_APN           		MEDIUMCONST    	FF55	0000	3
		_LINE_CARD     		MEDIUMCONST    	FF42	0000	4
		check_sms@F6796		MEDIUMCONST    	FE60	0000	17
		check_sms@F6798		MEDIUMCONST    	FF29	0000	9
		_cgdcont       		MEDIUMCONST    	FF7D	0000	21
		_PORT2         		MEDIUMCONST    	FF49	0000	3
		_CYCLE         		MEDIUMCONST    	FF5A	0000	2
		registration_ok@F6762		MEDIUMCONST    	FF06	0000	10
		_SMS_WAIT_TIME 		MEDIUMCONST    	FF58	0000	2

shared estimated size: 516

setup.c
		_setup_timer3  		CODE           	165E	0000	15
		_write_defaults		CODE           	00C2	0000	1401

setup.c estimated size: 1416

main.c
		_init_pic      		CODE           	133C	0000	107
		_main          		CODE           	1442	0000	65
		_isr           		CODE           	0008	0000	183
		_check_leds    		CODE           	0FAE	0000	223

main.c estimated size: 578

