Microchip MPLAB XC8 Compiler V1.45 ()

Linker command line:

-W-3 --edf=C:\Program Files (x86)\Microchip\xc8\v1.45\dat\en_msgs.txt -cs \
  -h+dist/default/debug\test_buttonmenu_wSMS.X.debug.sym \
  --cmf=dist/default/debug\test_buttonmenu_wSMS.X.debug.cmf -z -Q18F26K22 \
  -oC:\Users\Scott\AppData\Local\Temp\sheg.2 \
  -Mdist/default/debug/test_buttonmenu_wSMS.X.debug.map -E1 -ver=XC8 \
  -ASTACK=03A0h-0f37h -pstack=STACK -ACODE=00h-0FFFFh -ACONST=00h-0FFFFh \
  -ASMALLCONST=01000h-010FFhx240 -AMEDIUMCONST=01000h-0FFFFh \
  -ACOMRAM=01h-05Fh -AABS1=00h-0F37h -ABIGRAM=01h-0F37h \
  -ARAM=060h-0FFh,0100h-01FFhx14,0F00h-0F37h -ABANK0=060h-0FFh \
  -ABANK1=0100h-01FFh -ABANK2=0200h-02FFh -ABANK3=0300h-03FFh \
  -ABANK4=0400h-04FFh -ABANK5=0500h-05FFh -ABANK6=0600h-06FFh \
  -ABANK7=0700h-07FFh -ABANK8=0800h-08FFh -ABANK9=0900h-09FFh \
  -ABANK10=0A00h-0AFFh -ABANK11=0B00h-0BFFh -ABANK12=0C00h-0CFFh \
  -ABANK13=0D00h-0DFFh -ABANK14=0E00h-0EFFh -ABANK15=0F00h-0F37h \
  -ASFR=0F38h-0F5Fh,0F60h-0FFCh \
  -preset_vec=00h,intcode=08h,intcodelo,powerup,init -pramtop=01000h \
  -psmallconst=SMALLCONST -pmediumconst=MEDIUMCONST -pconst=CONST \
  -AFARRAM=00h-00h -ACONFIG=0300000h-030000Dh -pconfig=CONFIG \
  -AIDLOC=0200000h-0200007h -pidloc=IDLOC -AEEDATA=0F00000h-0F003FFh \
  -peeprom_data=EEDATA \
  -prdata=COMRAM,nvrram=COMRAM,nvbit=COMRAM,rbss=COMRAM,rbit=COMRAM \
  -pfarbss=FARRAM,fardata=FARRAM,nvFARRAM=FARRAM \
  -pintsave_regs=BIGRAM,bigbss=BIGRAM,bigdata=BIGRAM -pbss=RAM \
  -pidata=CODE,irdata=CODE,ibigdata=CODE,ifardata=CODE -prparam=COMRAM \
  C:\Users\Scott\AppData\Local\Temp\sheg.obj \
  dist/default/debug\test_buttonmenu_wSMS.X.debug.obj 

Object code version is 3.11

Machine type is 18F26K22

Call graph: (short form)




                Name                               Link     Load   Length Selector   Space Scale
C:\Users\Scott\AppData\Local\Temp\sheg.obj
                init                                186      186        4        4       0
                reset_vec                             0        0        6        0       0
                idloc                            200000   200000        8   200000       0
                config                           300000   300000        E   300000       0
dist/default/debug\test_buttonmenu_wSMS.X.debug.obj
                intcode                               8        8      17E        4       0
                temp                                 4B       4B        1        1       1
                smallconst                         1000     1000       2E      800       0
                text44                             3084     3084        E     180E       0
                text43                             2AFE     2AFE       9C      817       0
                text42                             27E2     27E2       CE      817       0
                text41                             3076     3076        E     180E       0
                text40                             2F90     2F90       22      817       0
                text39                             30B6     30B6        A     180E       0
                text37                             2FB2     2FB2       1C      817       0
                text36                             2F6C     2F6C       24      817       0
                text35                             30CC     30CC        6     180E       0
                text34                             2D8C     2D8C       6C      817       0
                text33                             2EBC     2EBC       34      817       0
                text32                             2F46     2F46       26      817       0
                text31                             30AA     30AA        C     180E       0
                text30                             309E     309E        C     180E       0
                text29                             3092     3092        C     180E       0
                text28                             2FE8     2FE8       1A      817       0
                text27                             23A6     23A6      12E      817       0
                text26                             2A3E     2A3E       C0      817       0
                text25                             2C28     2C28       84      817       0
                text24                             2D1C     2D1C       70      817       0
                text23                             2EF0     2EF0       30      817       0
                text22                             1C12     1C12      1EC      817       0
                text21                             1892     1892      380      817       0
                text20                             1DFE     1DFE      19A      817       0
                text19                             2128     2128      150      817       0
                text18                             2278     2278      12E      817       0
                text17                             24D4     24D4      10E      817       0
                text16                             1F98     1F98      190      817       0
                text15                             14B6     14B6      3DC      817       0
                text14                             2DF8     2DF8       6A      817       0
                text13                             301C     301C       18     180E       0
                text12                             3058     3058       10     180E       0
                text11                             30C6     30C6        6     180E       0
                text10                             102E     102E      488      817       0
                text9                              2CAC     2CAC       70      817       0
                text8                              25E2     25E2      10C      817       0
                text7                              2FCE     2FCE       1A      817       0
                text6                              28B0     28B0       CC      817       0
                text5                              3048     3048       10     180E       0
                text4                              2B9A     2B9A       8E      817       0
                text3                              3034     3034       14     180E       0
                text2                              2F20     2F20       26      817       0
                text1                              2E62     2E62       5A      817       0
                text0                              3068     3068        E     180E       0
                cstackCOMRAM                          1        1       2E        1       1
                cstackBANK0                          60       60       86       60       1
                bssBANK3                            300      300       A0      300       1
                dataBANK2                           2C8      2C8       19      200       1
                bssBANK2                            200      200       C8      200       1
                dataBANK1                           100      100       F4      100       1
                bssBANK1                            1F4      1F4        9      100       1
                dataBANK0                            FA       FA        6       60       1
                bssBANK0                             E6       E6       14       60       1
                dataCOMRAM                           49       49        2        1       1
                bssCOMRAM                            2F       2F       1A        1       1
                cinit                              297C     297C       C2      817       0
                idataBANK2                         3002     3002       19      817       0
                idataBANK1                         26EE     26EE       F4      817       0
                idataBANK0                         30C0     30C0        6     180E       0
                idataCOMRAM                        30D2     30D2        2     180E       0

TOTAL           Name                               Link     Load   Length     Space
        CLASS   STACK          

        CLASS   CODE           
                intcode                               8        8      17E         0
                init                                186      186        4         0
                reset_vec                             0        0        6         0
                text44                             3084     3084        E         0
                text43                             2AFE     2AFE       9C         0
                text42                             27E2     27E2       CE         0
                text41                             3076     3076        E         0
                text40                             2F90     2F90       22         0
                text39                             30B6     30B6        A         0
                text37                             2FB2     2FB2       1C         0
                text36                             2F6C     2F6C       24         0
                text35                             30CC     30CC        6         0
                text34                             2D8C     2D8C       6C         0
                text33                             2EBC     2EBC       34         0
                text32                             2F46     2F46       26         0
                text31                             30AA     30AA        C         0
                text30                             309E     309E        C         0
                text29                             3092     3092        C         0
                text28                             2FE8     2FE8       1A         0
                text27                             23A6     23A6      12E         0
                text26                             2A3E     2A3E       C0         0
                text25                             2C28     2C28       84         0
                text24                             2D1C     2D1C       70         0
                text23                             2EF0     2EF0       30         0
                text22                             1C12     1C12      1EC         0
                text21                             1892     1892      380         0
                text20                             1DFE     1DFE      19A         0
                text19                             2128     2128      150         0
                text18                             2278     2278      12E         0
                text17                             24D4     24D4      10E         0
                text16                             1F98     1F98      190         0
                text15                             14B6     14B6      3DC         0
                text14                             2DF8     2DF8       6A         0
                text13                             301C     301C       18         0
                text12                             3058     3058       10         0
                text11                             30C6     30C6        6         0
                text10                             102E     102E      488         0
                text9                              2CAC     2CAC       70         0
                text8                              25E2     25E2      10C         0
                text7                              2FCE     2FCE       1A         0
                text6                              28B0     28B0       CC         0
                text5                              3048     3048       10         0
                text4                              2B9A     2B9A       8E         0
                text3                              3034     3034       14         0
                text2                              2F20     2F20       26         0
                text1                              2E62     2E62       5A         0
                text0                              3068     3068        E         0
                cinit                              297C     297C       C2         0
                idataBANK2                         3002     3002       19         0
                idataBANK1                         26EE     26EE       F4         0
                idataBANK0                         30C0     30C0        6         0
                idataCOMRAM                        30D2     30D2        2         0

        CLASS   CONST          

        CLASS   SMALLCONST     
                smallconst                         1000     1000       2E         0

        CLASS   MEDIUMCONST    

        CLASS   COMRAM         
                temp                                 4B       4B        1         1
                cstackCOMRAM                          1        1       2E         1
                dataCOMRAM                           49       49        2         1
                bssCOMRAM                            2F       2F       1A         1

        CLASS   ABS1           

        CLASS   BIGRAM         

        CLASS   RAM            

        CLASS   BANK0          
                cstackBANK0                          60       60       86         1
                dataBANK0                            FA       FA        6         1
                bssBANK0                             E6       E6       14         1

        CLASS   BANK1          
                dataBANK1                           100      100       F4         1
                bssBANK1                            1F4      1F4        9         1

        CLASS   BANK2          
                dataBANK2                           2C8      2C8       19         1
                bssBANK2                            200      200       C8         1

        CLASS   BANK3          
                bssBANK3                            300      300       A0         1

        CLASS   BANK4          

        CLASS   BANK5          

        CLASS   BANK6          

        CLASS   BANK7          

        CLASS   BANK8          

        CLASS   BANK9          

        CLASS   BANK10         

        CLASS   BANK11         

        CLASS   BANK12         

        CLASS   BANK13         

        CLASS   BANK14         

        CLASS   BANK15         

        CLASS   SFR            

        CLASS   FARRAM         

        CLASS   CONFIG         
                config                           300000   300000        E         0

        CLASS   IDLOC          
                idloc                            200000   200000        8         0

        CLASS   EEDATA         



SEGMENTS        Name                           Load    Length   Top    Selector   Space  Class

                reset_vec                      000000  000006  000006         0       0  CODE    
                cstackCOMRAM                   000001  00004B  00004C         1       1  COMRAM  
                intcode                        000008  000182  00018A         4       0  CODE    
                cstackBANK0                    000060  0000A0  000100        60       1  BANK0   
                dataBANK1                      000100  0000FD  0001FD       100       1  BANK1   
                bssBANK2                       000200  0000E1  0002E1       200       1  BANK2   
                bssBANK3                       000300  0000A0  0003A0       300       1  BANK3   
                smallconst                     001000  00002E  00102E       800       0  SMALLCON
                text10                         00102E  001FED  00301B       817       0  CODE    
                text13                         00301C  0000B8  0030D4      180E       0  CODE    
                idloc                          200000  000008  200008    200000       0  IDLOC   
                config                         300000  00000E  30000E    300000       0  CONFIG  


UNUSED ADDRESS RANGES

        Name                Unused          Largest block    Delta
        BANK1            0001FD-0001FF                3
        BANK10           000A00-000AFF              100
        BANK11           000B00-000BFF              100
        BANK12           000C00-000CFF              100
        BANK13           000D00-000DFF              100
        BANK14           000E00-000EFF              100
        BANK15           000F00-000F37               38
        BANK2            0002E1-0002FF               1F
        BANK3            0003A0-0003FF               60
        BANK4            000400-0004FF              100
        BANK5            000500-0005FF              100
        BANK6            000600-0006FF              100
        BANK7            000700-0007FF              100
        BANK8            000800-0008FF              100
        BANK9            000900-0009FF              100
        BIGRAM           00004C-00005F               14
                         0001FD-0001FF                3
                         0002E1-0002FF               1F
                         0003A0-000F37              B98
        CODE             000006-000007                2
                         00018A-000FFF              E76
                         00301B-00301B                1
                         0030D4-00FFFF             CF2C
        COMRAM           00004C-00005F               14
        CONST            000006-000007                2
                         00018A-000FFF              E76
                         00301B-00301B                1
                         0030D4-00FFFF             CF2C
        EEDATA           F00000-F003FF              400
        MEDIUMCONST      00301B-00301B                1
                         0030D4-00FFFF             CF2C
        RAM              0001FD-0001FF                3
                         0002E1-0002FF               1F
                         0003A0-000F37              100
        SFR              000F38-000FFC               28
        SMALLCONST       00301B-00301B                1
                         0030D4-00FFFF              100
        STACK            0003A0-000F37              B98

                                  Symbol Table

?___awdiv                               cstackCOMRAM 000015
?___awmod                               cstackCOMRAM 000015
_ANSELA                                 (abs)        000F38
_ANSELB                                 (abs)        000F39
_ANSELC                                 (abs)        000F3A
_BAUDCON1bits                           (abs)        000FB8
_BAUDCONbits                            (abs)        000FB8
_CFGS                                   (abs)        007D36
_CREN1                                  (abs)        007D5C
_EEADR                                  (abs)        000FA9
_EEADRH                                 (abs)        000FAA
_EECON2                                 (abs)        000FA7
_EEDATA                                 (abs)        000FA8
_EEPGD                                  (abs)        007D37
_GIE                                    (abs)        007F97
_INTCON                                 (abs)        000FF2
_INTCONbits                             (abs)        000FF2
_LATAbits                               (abs)        000F89
_LATBbits                               (abs)        000F8A
_LATCbits                               (abs)        000F8B
_MD_STATE                               bssCOMRAM    00003B
_OSCCONbits                             (abs)        000FD3
_PIE1bits                               (abs)        000F9D
_PIE2bits                               (abs)        000FA0
_PIE5bits                               (abs)        000F7D
_PIR1bits                               (abs)        000F9E
_PIR2bits                               (abs)        000FA1
_PIR5bits                               (abs)        000F7E
_PORTBbits                              (abs)        000F81
_PORTCbits                              (abs)        000F82
_RC1IF                                  (abs)        007CF5
_RC1REG                                 (abs)        000FAE
_RC1STAbits                             (abs)        000FAB
_RCSTA1bits                             (abs)        000FAB
_RD                                     (abs)        007D30
_SMS_TMR_STATE                          bssCOMRAM    00003C
_SPBRG1                                 (abs)        000FAF
_SPBRGH1                                (abs)        000FB0
_T0CON                                  (abs)        000FD5
_T2CONbits                              (abs)        000FBA
_T3CON                                  (abs)        000FB1
_T3CONbits                              (abs)        000FB1
_T4CONbits                              (abs)        000F51
_T5CON                                  (abs)        000F4E
_T5CONbits                              (abs)        000F4E
_TMR0H                                  (abs)        000FD7
_TMR0IE                                 (abs)        007F95
_TMR0IF                                 (abs)        007F92
_TMR0L                                  (abs)        000FD6
_TMR3H                                  (abs)        000FB3
_TMR3IF                                 (abs)        007D09
_TMR3L                                  (abs)        000FB2
_TMR4                                   (abs)        000F53
_TMR5H                                  (abs)        000F50
_TMR5L                                  (abs)        000F4F
_TRISAbits                              (abs)        000F92
_TRISBbits                              (abs)        000F93
_TRISCbits                              (abs)        000F94
_TRMT1                                  (abs)        007D61
_TX1REG                                 (abs)        000FAD
_TXSTA1bits                             (abs)        000FAC
_VERSION                                dataBANK0    0000FA
_WR                                     (abs)        007D31
_WREN                                   (abs)        007D32
__CFG_BOREN$SBORDIS                     (abs)        000000
__CFG_BORV$190                          (abs)        000000
__CFG_CCP2MX$PORTC1                     (abs)        000000
__CFG_CCP3MX$PORTB5                     (abs)        000000
__CFG_CP0$ON                            (abs)        000000
__CFG_CP1$ON                            (abs)        000000
__CFG_CP2$ON                            (abs)        000000
__CFG_CP3$ON                            (abs)        000000
__CFG_CPB$ON                            (abs)        000000
__CFG_CPD$ON                            (abs)        000000
__CFG_EBTR0$OFF                         (abs)        000000
__CFG_EBTR1$OFF                         (abs)        000000
__CFG_EBTR2$OFF                         (abs)        000000
__CFG_EBTR3$OFF                         (abs)        000000
__CFG_EBTRB$OFF                         (abs)        000000
__CFG_FCMEN$OFF                         (abs)        000000
__CFG_FOSC$INTIO7                       (abs)        000000
__CFG_HFOFST$ON                         (abs)        000000
__CFG_IESO$OFF                          (abs)        000000
__CFG_LVP$OFF                           (abs)        000000
__CFG_MCLRE$INTMCLR                     (abs)        000000
__CFG_P2BMX$PORTB5                      (abs)        000000
__CFG_PBADEN$OFF                        (abs)        000000
__CFG_PLLCFG$OFF                        (abs)        000000
__CFG_PRICLKEN$ON                       (abs)        000000
__CFG_PWRTEN$OFF                        (abs)        000000
__CFG_STVREN$ON                         (abs)        000000
__CFG_T3CMX$PORTC0                      (abs)        000000
__CFG_WDTEN$SWON                        (abs)        000000
__CFG_WDTPS$256                         (abs)        000000
__CFG_WRT0$OFF                          (abs)        000000
__CFG_WRT1$OFF                          (abs)        000000
__CFG_WRT2$OFF                          (abs)        000000
__CFG_WRT3$OFF                          (abs)        000000
__CFG_WRTB$OFF                          (abs)        000000
__CFG_WRTC$OFF                          (abs)        000000
__CFG_WRTD$OFF                          (abs)        000000
__CFG_XINST$OFF                         (abs)        000000
__HRAM                                  (abs)        000000
__Habs1                                 abs1         000000
__Hbank0                                bank0        000000
__Hbank1                                bank1        000000
__Hbank10                               bank10       000000
__Hbank11                               bank11       000000
__Hbank12                               bank12       000000
__Hbank13                               bank13       000000
__Hbank14                               bank14       000000
__Hbank15                               bank15       000000
__Hbank2                                bank2        000000
__Hbank3                                bank3        000000
__Hbank4                                bank4        000000
__Hbank5                                bank5        000000
__Hbank6                                bank6        000000
__Hbank7                                bank7        000000
__Hbank8                                bank8        000000
__Hbank9                                bank9        000000
__Hbigbss                               bigbss       000000
__Hbigdata                              bigdata      000000
__Hbigram                               bigram       000000
__Hbss                                  bss          000000
__HbssBANK0                             bssBANK0     000000
__HbssBANK1                             bssBANK1     000000
__HbssBANK2                             bssBANK2     000000
__HbssBANK3                             bssBANK3     000000
__HbssCOMRAM                            bssCOMRAM    000000
__Hcinit                                cinit        000000
__Hclrtext                              clrtext      000000
__Hcomram                               comram       000000
__Hconfig                               config       30000E
__Hconst                                const        000000
__HcstackBANK0                          cstackBANK0  000000
__HcstackCOMRAM                         cstackCOMRAM 000000
__Hdata                                 data         000000
__HdataBANK0                            dataBANK0    000000
__HdataBANK1                            dataBANK1    000000
__HdataBANK2                            dataBANK2    000000
__HdataCOMRAM                           dataCOMRAM   000000
__Heeprom_data                          eeprom_data  000000
__Hfarbss                               farbss       000000
__Hfardata                              fardata      000000
__Hibigdata                             ibigdata     000000
__Hidata                                idata        000000
__HidataBANK0                           idataBANK0   000000
__HidataBANK1                           idataBANK1   000000
__HidataBANK2                           idataBANK2   000000
__HidataCOMRAM                          idataCOMRAM  000000
__Hidloc                                idloc        200008
__Hifardata                             ifardata     000000
__Hinit                                 init         00018A
__Hintcode                              intcode      000186
__Hintcode_body                         intcode_body 000000
__Hintcodelo                            intcodelo    000186
__Hintentry                             intentry     000000
__Hintret                               intret       000000
__Hintsave_regs                         intsave_regs 000000
__Hirdata                               irdata       000000
__Hmediumconst                          mediumconst  000000
__HnvFARRAM                             nvFARRAM     000000
__Hnvbit                                nvbit        000000
__Hnvrram                               nvrram       000000
__Hparam                                rparam       000000
__Hpowerup                              powerup      000186
__Hram                                  ram          000000
__Hramtop                               ramtop       001000
__Hrbit                                 rbit         000000
__Hrbss                                 rbss         000000
__Hrdata                                rdata        000000
__Hreset_vec                            reset_vec    000006
__Hrparam                               rparam       000000
__Hsfr                                  sfr          000000
__Hsmallconst                           smallconst   00102E
__Hspace_0                              (abs)        30000E
__Hspace_1                              (abs)        0003A0
__Hspace_2                              (abs)        000000
__Hstack                                stack        000000
__Hstruct                               struct       000000
__Htemp                                 temp         00004C
__Htext                                 text         000000
__Htext0                                text0        000000
__Htext1                                text1        000000
__Htext10                               text10       000000
__Htext11                               text11       000000
__Htext12                               text12       000000
__Htext13                               text13       000000
__Htext14                               text14       000000
__Htext15                               text15       000000
__Htext16                               text16       000000
__Htext17                               text17       000000
__Htext18                               text18       000000
__Htext19                               text19       000000
__Htext2                                text2        000000
__Htext20                               text20       000000
__Htext21                               text21       000000
__Htext22                               text22       000000
__Htext23                               text23       000000
__Htext24                               text24       000000
__Htext25                               text25       000000
__Htext26                               text26       000000
__Htext27                               text27       000000
__Htext28                               text28       000000
__Htext29                               text29       000000
__Htext3                                text3        000000
__Htext30                               text30       000000
__Htext31                               text31       000000
__Htext32                               text32       000000
__Htext33                               text33       000000
__Htext34                               text34       000000
__Htext35                               text35       000000
__Htext36                               text36       000000
__Htext37                               text37       000000
__Htext39                               text39       000000
__Htext4                                text4        000000
__Htext40                               text40       000000
__Htext41                               text41       000000
__Htext42                               text42       000000
__Htext43                               text43       000000
__Htext44                               text44       000000
__Htext5                                text5        000000
__Htext6                                text6        000000
__Htext7                                text7        000000
__Htext8                                text8        000000
__Htext9                                text9        000000
__LRAM                                  (abs)        000001
__Labs1                                 abs1         000000
__Lbank0                                bank0        000000
__Lbank1                                bank1        000000
__Lbank10                               bank10       000000
__Lbank11                               bank11       000000
__Lbank12                               bank12       000000
__Lbank13                               bank13       000000
__Lbank14                               bank14       000000
__Lbank15                               bank15       000000
__Lbank2                                bank2        000000
__Lbank3                                bank3        000000
__Lbank4                                bank4        000000
__Lbank5                                bank5        000000
__Lbank6                                bank6        000000
__Lbank7                                bank7        000000
__Lbank8                                bank8        000000
__Lbank9                                bank9        000000
__Lbigbss                               bigbss       000000
__Lbigdata                              bigdata      000000
__Lbigram                               bigram       000000
__Lbss                                  bss          000000
__LbssBANK0                             bssBANK0     000000
__LbssBANK1                             bssBANK1     000000
__LbssBANK2                             bssBANK2     000000
__LbssBANK3                             bssBANK3     000000
__LbssCOMRAM                            bssCOMRAM    000000
__Lcinit                                cinit        000000
__Lclrtext                              clrtext      000000
__Lcomram                               comram       000000
__Lconfig                               config       300000
__Lconst                                const        000000
__LcstackBANK0                          cstackBANK0  000000
__LcstackCOMRAM                         cstackCOMRAM 000000
__Ldata                                 data         000000
__LdataBANK0                            dataBANK0    000000
__LdataBANK1                            dataBANK1    000000
__LdataBANK2                            dataBANK2    000000
__LdataCOMRAM                           dataCOMRAM   000000
__Leeprom_data                          eeprom_data  000000
__Lfarbss                               farbss       000000
__Lfardata                              fardata      000000
__Libigdata                             ibigdata     000000
__Lidata                                idata        000000
__LidataBANK0                           idataBANK0   000000
__LidataBANK1                           idataBANK1   000000
__LidataBANK2                           idataBANK2   000000
__LidataCOMRAM                          idataCOMRAM  000000
__Lidloc                                idloc        200000
__Lifardata                             ifardata     000000
__Linit                                 init         000186
__Lintcode                              intcode      000008
__Lintcode_body                         intcode_body 000000
__Lintcodelo                            intcodelo    000186
__Lintentry                             intentry     000000
__Lintret                               intret       000000
__Lintsave_regs                         intsave_regs 000000
__Lirdata                               irdata       000000
__Lmediumconst                          mediumconst  000000
__LnvFARRAM                             nvFARRAM     000000
__Lnvbit                                nvbit        000000
__Lnvrram                               nvrram       000000
__Lparam                                rparam       000000
__Lpowerup                              powerup      000186
__Lram                                  ram          000000
__Lramtop                               ramtop       001000
__Lrbit                                 rbit         000000
__Lrbss                                 rbss         000000
__Lrdata                                rdata        000000
__Lreset_vec                            reset_vec    000000
__Lrparam                               rparam       000000
__Lsfr                                  sfr          000000
__Lsmallconst                           smallconst   001000
__Lspace_0                              (abs)        000000
__Lspace_1                              (abs)        000000
__Lspace_2                              (abs)        000000
__Lstack                                stack        000000
__Lstruct                               struct       000000
__Ltemp                                 temp         00004B
__Ltext                                 text         000000
__Ltext0                                text0        000000
__Ltext1                                text1        000000
__Ltext10                               text10       000000
__Ltext11                               text11       000000
__Ltext12                               text12       000000
__Ltext13                               text13       000000
__Ltext14                               text14       000000
__Ltext15                               text15       000000
__Ltext16                               text16       000000
__Ltext17                               text17       000000
__Ltext18                               text18       000000
__Ltext19                               text19       000000
__Ltext2                                text2        000000
__Ltext20                               text20       000000
__Ltext21                               text21       000000
__Ltext22                               text22       000000
__Ltext23                               text23       000000
__Ltext24                               text24       000000
__Ltext25                               text25       000000
__Ltext26                               text26       000000
__Ltext27                               text27       000000
__Ltext28                               text28       000000
__Ltext29                               text29       000000
__Ltext3                                text3        000000
__Ltext30                               text30       000000
__Ltext31                               text31       000000
__Ltext32                               text32       000000
__Ltext33                               text33       000000
__Ltext34                               text34       000000
__Ltext35                               text35       000000
__Ltext36                               text36       000000
__Ltext37                               text37       000000
__Ltext39                               text39       000000
__Ltext4                                text4        000000
__Ltext40                               text40       000000
__Ltext41                               text41       000000
__Ltext42                               text42       000000
__Ltext43                               text43       000000
__Ltext44                               text44       000000
__Ltext5                                text5        000000
__Ltext6                                text6        000000
__Ltext7                                text7        000000
__Ltext8                                text8        000000
__Ltext9                                text9        000000
__S0                                    (abs)        30000E
__S1                                    (abs)        0003A0
__S2                                    (abs)        000000
___awdiv                                text25       002C28
___awdiv@counter                        cstackCOMRAM 000019
___awdiv@dividend                       cstackCOMRAM 000015
___awdiv@divisor                        cstackCOMRAM 000017
___awdiv@quotient                       cstackCOMRAM 00001B
___awdiv@sign                           cstackCOMRAM 00001A
___awmod                                text24       002D1C
___awmod@counter                        cstackCOMRAM 000019
___awmod@dividend                       cstackCOMRAM 000015
___awmod@divisor                        cstackCOMRAM 000017
___awmod@sign                           cstackCOMRAM 00001A
___inthi_sp                             stack        000000
___intlo_sp                             stack        000000
___param_bank                           (abs)        000000
___rparam_used                          (abs)        000001
___sp                                   stack        000000
__accesstop                             (abs)        000060
__activetblptr                          (abs)        000002
__end_of___awdiv                        text25       002CAC
__end_of___awmod                        text24       002D8C
__end_of__initialization                cinit        002A30
__end_of_check_md_state                 text14       002E62
__end_of_check_sms_timer                text34       002DF8
__end_of_check_state                    text4        002C28
__end_of_check_state_timeout            text43       002B9A
__end_of_clear_at_ok                    text33       002EF0
__end_of_control_leds                   text42       0028B0
__end_of_default_ACCESS_CODE            smallconst   00100D
__end_of_default_ACCT                   smallconst   001007
__end_of_default_APN                    smallconst   001022
__end_of_default_CYCLE                  smallconst   001026
__end_of_default_ENCRYPTION             smallconst   001023
__end_of_default_IP1                    smallconst   001020
__end_of_default_IP2                    smallconst   00101E
__end_of_default_IP3                    smallconst   00101C
__end_of_default_IP4                    smallconst   00101A
__end_of_default_LINE_CARD              smallconst   001010
__end_of_default_PORT1                  smallconst   001018
__end_of_default_PORT2                  smallconst   001016
__end_of_default_PORT3                  smallconst   001014
__end_of_default_PORT4                  smallconst   001012
__end_of_default_PROGRAM_ACK            smallconst   00102C
__end_of_default_RETRY                  smallconst   001025
__end_of_default_SERVER_ACK_TIME        smallconst   00102A
__end_of_default_SMS_WAIT_TIME          smallconst   001024
__end_of_default_TEST_FREQ              smallconst   00102B
__end_of_default_TP_PIN                 smallconst   001027
__end_of_default_ZONE1                  smallconst   001029
__end_of_default_ZONE2                  smallconst   001028
__end_of_disable_tmr3                   text41       003084
__end_of_disable_tmr4                   text44       003092
__end_of_disable_tmr5                   text31       0030B6
__end_of_ee_read                        text37       002FCE
__end_of_ee_read_ascii_to_value         text36       002F90
__end_of_ee_write                       text23       002F20
__end_of_enable_ints                    text2        002F46
__end_of_enable_md_rxint                text30       0030AA
__end_of_enable_tmr4                    text40       002FB2
__end_of_init_md_uart                   text32       002F6C
__end_of_init_pic                       text1        002EBC
__end_of_is_first_run                   text13       003034
__end_of_isr                            intcode      000186
__end_of_listen_sms                     text6        00297C
__end_of_main                           text0        003076
__end_of_md_uart_send                   text29       00309E
__end_of_md_uart_write_str_ok           text27       0024D4
__end_of_parse_cereg_ok                 text18       0023A6
__end_of_parse_cmgl                     text26       002AFE
__end_of_parse_cmgr                     text21       001C12
__end_of_parse_creg_ok                  text17       0025E2
__end_of_parse_csq_ok                   text16       002128
__end_of_program_field                  text22       001DFE
__end_of_read_sms                       text20       001F98
__end_of_reload_timer0                  text39       0030C0
__end_of_reload_tmr3_pt25s              text5        003058
__end_of_reload_tmr5_pt25s              text28       003002
__end_of_save_first_run                 text12       003068
__end_of_send_sms_ok                    text19       002278
__end_of_start_md_boot_timer            text11       0030CC
__end_of_start_modem                    text9        002D1C
__end_of_start_sms_ok                   text8        0026EE
__end_of_start_sms_timer                text7        002FE8
__end_of_start_timer0                   text3        003048
__end_of_startup_ok                     text15       001892
__end_of_stop_sms_timer                 text35       0030D2
__end_of_write_defaults                 text10       0014B6
__initialization                        cinit        00297C
__mediumconst                           mediumconst  000000
__pbssBANK0                             bssBANK0     0000E6
__pbssBANK1                             bssBANK1     0001F4
__pbssBANK2                             bssBANK2     000200
__pbssBANK3                             bssBANK3     000300
__pbssCOMRAM                            bssCOMRAM    00002F
__pcinit                                cinit        00297C
__pcstackBANK0                          cstackBANK0  000060
__pcstackCOMRAM                         cstackCOMRAM 000001
__pdataBANK0                            dataBANK0    0000FA
__pdataBANK1                            dataBANK1    000100
__pdataBANK2                            dataBANK2    0002C8
__pdataCOMRAM                           dataCOMRAM   000049
__pidataBANK0                           idataBANK0   0030C0
__pidataBANK1                           idataBANK1   0026EE
__pidataBANK2                           idataBANK2   003002
__pidataCOMRAM                          idataCOMRAM  0030D2
__pintcode                              intcode      000008
__psmallconst                           smallconst   001000
__ptext0                                text0        003068
__ptext1                                text1        002E62
__ptext10                               text10       00102E
__ptext11                               text11       0030C6
__ptext12                               text12       003058
__ptext13                               text13       00301C
__ptext14                               text14       002DF8
__ptext15                               text15       0014B6
__ptext16                               text16       001F98
__ptext17                               text17       0024D4
__ptext18                               text18       002278
__ptext19                               text19       002128
__ptext2                                text2        002F20
__ptext20                               text20       001DFE
__ptext21                               text21       001892
__ptext22                               text22       001C12
__ptext23                               text23       002EF0
__ptext24                               text24       002D1C
__ptext25                               text25       002C28
__ptext26                               text26       002A3E
__ptext27                               text27       0023A6
__ptext28                               text28       002FE8
__ptext29                               text29       003092
__ptext3                                text3        003034
__ptext30                               text30       00309E
__ptext31                               text31       0030AA
__ptext32                               text32       002F46
__ptext33                               text33       002EBC
__ptext34                               text34       002D8C
__ptext35                               text35       0030CC
__ptext36                               text36       002F6C
__ptext37                               text37       002FB2
__ptext39                               text39       0030B6
__ptext4                                text4        002B9A
__ptext40                               text40       002F90
__ptext41                               text41       003076
__ptext42                               text42       0027E2
__ptext43                               text43       002AFE
__ptext44                               text44       003084
__ptext5                                text5        003048
__ptext6                                text6        0028B0
__ptext7                                text7        002FCE
__ptext8                                text8        0025E2
__ptext9                                text9        002CAC
__ramtop                                ramtop       001000
__size_of___awdiv                       (abs)        000000
__size_of___awmod                       (abs)        000000
__size_of_check_md_state                (abs)        000000
__size_of_check_sms_timer               (abs)        000000
__size_of_check_state                   (abs)        000000
__size_of_check_state_timeout           (abs)        000000
__size_of_clear_at_ok                   (abs)        000000
__size_of_control_leds                  (abs)        000000
__size_of_disable_tmr3                  (abs)        000000
__size_of_disable_tmr4                  (abs)        000000
__size_of_disable_tmr5                  (abs)        000000
__size_of_ee_read                       (abs)        000000
__size_of_ee_read_ascii_to_value        (abs)        000000
__size_of_ee_write                      (abs)        000000
__size_of_enable_ints                   (abs)        000000
__size_of_enable_md_rxint               (abs)        000000
__size_of_enable_tmr4                   (abs)        000000
__size_of_init_md_uart                  (abs)        000000
__size_of_init_pic                      (abs)        000000
__size_of_is_first_run                  (abs)        000000
__size_of_isr                           (abs)        000000
__size_of_listen_sms                    (abs)        000000
__size_of_main                          (abs)        000000
__size_of_md_uart_send                  (abs)        000000
__size_of_md_uart_write_str_ok          (abs)        000000
__size_of_parse_cereg_ok                (abs)        000000
__size_of_parse_cmgl                    (abs)        000000
__size_of_parse_cmgr                    (abs)        000000
__size_of_parse_creg_ok                 (abs)        000000
__size_of_parse_csq_ok                  (abs)        000000
__size_of_program_field                 (abs)        000000
__size_of_read_sms                      (abs)        000000
__size_of_reload_timer0                 (abs)        000000
__size_of_reload_tmr3_pt25s             (abs)        000000
__size_of_reload_tmr5_pt25s             (abs)        000000
__size_of_save_first_run                (abs)        000000
__size_of_send_sms_ok                   (abs)        000000
__size_of_start_md_boot_timer           (abs)        000000
__size_of_start_modem                   (abs)        000000
__size_of_start_sms_ok                  (abs)        000000
__size_of_start_sms_timer               (abs)        000000
__size_of_start_timer0                  (abs)        000000
__size_of_startup_ok                    (abs)        000000
__size_of_stop_sms_timer                (abs)        000000
__size_of_write_defaults                (abs)        000000
__smallconst                            smallconst   001000
_at1                                    bssBANK0     0000F5
_at10                                   bssBANK0     0000EC
_at11                                   bssBANK0     0000EB
_at12                                   bssBANK0     0000EA
_at2                                    bssBANK0     0000F4
_at3                                    bssBANK0     0000F3
_at4                                    bssBANK0     0000F2
_at5                                    bssBANK0     0000F1
_at6                                    bssBANK0     0000F0
_at7                                    bssBANK0     0000EF
_at8                                    bssBANK0     0000EE
_at9                                    bssBANK0     0000ED
_bled_tmr0_tick                         bssCOMRAM    000040
_buttonPressCount                       bssCOMRAM    000042
_buttonStillPressed                     bssCOMRAM    00002F
_check_md_state                         text14       002DF8
_check_sms_timer                        text34       002D8C
_check_state                            text4        002B9A
_check_state_timeout                    text43       002AFE
_clear_at_ok                            text33       002EBC
_control_leds                           text42       0027E2
_currentChar                            bssCOMRAM    00003D
_default_ACCESS_CODE                    smallconst   001007
_default_ACCT                           smallconst   001001
_default_APN                            smallconst   001020
_default_CYCLE                          smallconst   001025
_default_ENCRYPTION                     smallconst   001022
_default_IP1                            smallconst   00101E
_default_IP2                            smallconst   00101C
_default_IP3                            smallconst   00101A
_default_IP4                            smallconst   001018
_default_LINE_CARD                      smallconst   00100D
_default_PORT1                          smallconst   001016
_default_PORT2                          smallconst   001014
_default_PORT3                          smallconst   001012
_default_PORT4                          smallconst   001010
_default_PROGRAM_ACK                    smallconst   00102B
_default_RETRY                          smallconst   001024
_default_SERVER_ACK_TIME                smallconst   001029
_default_SMS_WAIT_TIME                  smallconst   001023
_default_TEST_FREQ                      smallconst   00102A
_default_TP_PIN                         smallconst   001026
_default_ZONE1                          smallconst   001028
_default_ZONE2                          smallconst   001027
_disable_tmr3                           text41       003076
_disable_tmr4                           text44       003084
_disable_tmr5                           text31       0030AA
_ee_read                                text37       002FB2
_ee_read_ascii_to_value                 text36       002F6C
_ee_write                               text23       002EF0
_enable_ints                            text2        002F20
_enable_md_rxint                        text30       00309E
_enable_tmr4                            text40       002F90
_gled_tmr0_tick                         bssCOMRAM    000041
_inButtonMenu                           bssCOMRAM    000045
_init_md_uart                           text32       002F46
_init_pic                               text1        002E62
_is_first_run                           text13       00301C
_isr                                    intcode      000008
_listen_sms                             text6        0028B0
_main                                   text0        003068
_mdRxBuf                                bssBANK2     000200
_md_timeout_cnt                         bssCOMRAM    000032
_md_uart_send                           text29       003092
_md_uart_write_str_ok                   text27       0023A6
_modem_awake                            bssCOMRAM    00003A
_modem_ready_sms                        bssCOMRAM    000039
_numUartRetries                         dataCOMRAM   00004A
_parse_cereg_ok                         text18       002278
_parse_cmgl                             text26       002A3E
_parse_cmgr                             text21       001892
_parse_creg_ok                          text17       0024D4
_parse_csq_ok                           text16       001F98
_ph_num                                 bssBANK1     0001F4
_ph_num_index                           bssBANK0     0000E9
_prev_state                             bssCOMRAM    000030
_program_field                          text22       001C12
_read_sms                               text20       001DFE
_ready_to_read_text                     bssBANK0     0000F8
_receivedERR                            bssCOMRAM    000037
_receivedOK                             bssCOMRAM    000038
_receivedRESP                           bssBANK0     0000F6
_receivedSensor                         bssBANK0     0000F9
_referenceBuf                           bssBANK3     000364
_reload_timer0                          text39       0030B6
_reload_tmr3_pt25s                      text5        003048
_reload_tmr5_pt25s                      text28       002FE8
_retryCnt                               bssCOMRAM    000033
_returnStr                              bssBANK3     000300
_saveINTCONbits                         bssBANK0     0000E8
_save_first_run                         text12       003058
_send_sms_ok                            text19       002128
_smsMsgIndex                            bssBANK0     0000F7
_sms_buf                                bssBANK2     0002A0
_sms_echo_ready                         bssCOMRAM    000047
_sms_err_ready                          bssCOMRAM    000046
_sms_timer_ready                        bssCOMRAM    000048
_sms_tmr_tick                           bssCOMRAM    000044
_start_md_boot_timer                    text11       0030C6
_start_modem                            text9        002CAC
_start_sms_ok                           text8        0025E2
_start_sms_timer                        text7        002FCE
_start_timer0                           text3        003034
_startup_ok                             text15       0014B6
_state                                  bssCOMRAM    000031
_stop_sms_timer                         text35       0030CC
_t2_tick                                bssCOMRAM    000043
_t4_tick                                bssBANK0     0000E6
_timedOut                               bssCOMRAM    000036
_tmr3_cnt                               bssCOMRAM    00003F
_tmr5_cnt                               bssCOMRAM    00003E
_toggleLED                              dataBANK0    0000FF
_waiting                                dataCOMRAM   000049
_waiting_carrot                         bssCOMRAM    000034
_waiting_uart                           bssCOMRAM    000035
_write_defaults                         text10       00102E
btemp                                   temp         00004B
check_md_state@tempStatus               cstackCOMRAM 000025
check_sms_timer@sms_duration            cstackCOMRAM 00001B
ee_read@addr                            cstackCOMRAM 000015
ee_read@data                            cstackCOMRAM 000017
ee_read@page                            cstackCOMRAM 000016
ee_read_ascii_to_value@addr             cstackCOMRAM 000018
ee_read_ascii_to_value@data             cstackCOMRAM 00001A
ee_read_ascii_to_value@page             cstackCOMRAM 000019
ee_write@addr                           cstackCOMRAM 000015
ee_write@data                           cstackCOMRAM 000016
ee_write@page                           cstackCOMRAM 000017
end_of_initialization                   cinit        002A30
int$flags                               temp         00004B
intlevel0                               text         000000
intlevel1                               text         000000
intlevel2                               text         000000
intlevel3                               text         000000
listen_sms@start_ok                     cstackBANK0  0000E4
md_uart_send@data                       cstackCOMRAM 000015
md_uart_write_str_ok@data               cstackCOMRAM 000016
md_uart_write_str_ok@index              cstackCOMRAM 00001C
md_uart_write_str_ok@len1               cstackCOMRAM 000018
md_uart_write_str_ok@pos                cstackCOMRAM 00001B
md_uart_write_str_ok@waitToSendMoreData cstackCOMRAM 00001A
md_uart_write_str_ok@wantOk             cstackCOMRAM 000019
parse_cereg_ok@F6846                    dataBANK1    0001B4
parse_cereg_ok@cereg_rsp                cstackCOMRAM 000017
parse_cereg_ok@i                        cstackCOMRAM 000021
parse_cereg_ok@registration_num         cstackCOMRAM 000020
parse_cmgl@F6870                        dataBANK1    0001E4
parse_cmgl@i                            cstackCOMRAM 00001C
parse_cmgl@rec_msg                      cstackCOMRAM 000017
parse_cmgr@F6877                        dataBANK1    0001C6
parse_cmgr@access_code                  cstackBANK0  00006B
parse_cmgr@cmgr_rsp                     cstackBANK0  000060
parse_cmgr@colon_index                  cstackBANK0  000068
parse_cmgr@field_num_ones               cstackBANK0  000070
parse_cmgr@field_num_tens               cstackBANK0  00006F
parse_cmgr@final_field_index            cstackBANK0  000072
parse_cmgr@final_field_term             cstackBANK0  000071
parse_cmgr@i                            cstackBANK0  000075
parse_cmgr@j                            cstackBANK0  000074
parse_cmgr@k                            cstackBANK0  00006A
parse_cmgr@l                            cstackBANK0  000073
parse_cmgr@newline_index                cstackBANK0  000069
parse_creg_ok@F6836                     dataBANK1    0001CE
parse_creg_ok@creg_rsp                  cstackCOMRAM 000017
parse_creg_ok@i                         cstackCOMRAM 000020
parse_creg_ok@registration_num          cstackCOMRAM 00001F
parse_csq_ok@F6857                      dataBANK1    0001D6
parse_csq_ok@colon_index                cstackCOMRAM 000022
parse_csq_ok@comma_index                cstackCOMRAM 000021
parse_csq_ok@csq_rsp                    cstackCOMRAM 000019
parse_csq_ok@i                          cstackCOMRAM 000023
parse_csq_ok@ones_digit                 cstackCOMRAM 000020
parse_csq_ok@tens_digit                 cstackCOMRAM 000024
program_field@data_buf                  cstackCOMRAM 00001D
program_field@field_number              cstackCOMRAM 000025
program_field@i                         cstackCOMRAM 000023
program_field@max_size                  cstackCOMRAM 000022
program_field@page                      cstackCOMRAM 000021
program_field@size                      cstackCOMRAM 00001F
program_field@start_addr                cstackCOMRAM 000024
read_sms@F6841                          dataBANK1    000100
read_sms@F6843                          dataBANK1    0001AB
read_sms@F6845                          dataBANK1    0001F1
read_sms@F6847                          dataBANK1    0001A2
read_sms@cmgd                           cstackBANK0  00008F
read_sms@cmgl                           cstackBANK0  000076
read_sms@cmgr                           cstackBANK0  000086
read_sms@msgIndex                       cstackBANK0  000098
send_sms_ok@F6857                       dataBANK1    000199
send_sms_ok@F6859                       dataBANK1    0001EE
send_sms_ok@cmgs                        cstackCOMRAM 00001E
send_sms_ok@i                           cstackCOMRAM 00002D
send_sms_ok@isValidCmd                  cstackCOMRAM 00002A
send_sms_ok@msgIndex                    cstackCOMRAM 000027
send_sms_ok@poundCount                  cstackCOMRAM 00002C
send_sms_ok@smsEndIndex                 cstackCOMRAM 00002B
stackhi                                 (abs)        000F37
stacklo                                 (abs)        0003A0
start                                   init         000186
start_initialization                    cinit        00297C
start_sms_ok@F6832                      dataBANK1    00013E
start_sms_ok@F6834                      dataBANK2    0002C8
start_sms_ok@F6836                      dataBANK1    000130
start_sms_ok@cmgf                       cstackBANK0  000087
start_sms_ok@cnmi                       cstackBANK0  000079
start_sms_ok@cpms                       cstackBANK0  000060
startup_ok@F6824                        dataBANK1    0001E9
startup_ok@F6826                        dataBANK1    0001DD
startup_ok@F6828                        dataBANK1    000162
startup_ok@F6830                        dataBANK1    000120
startup_ok@F6832                        dataBANK1    000110
startup_ok@F6834                        dataBANK1    000156
startup_ok@F6836                        dataBANK1    00018F
startup_ok@F6838                        dataBANK1    000184
startup_ok@F6840                        dataBANK1    000179
startup_ok@F6842                        dataBANK1    00014A
startup_ok@F6844                        dataBANK1    00016E
startup_ok@F6846                        dataBANK1    0001BD
startup_ok@at                           cstackBANK0  0000DF
startup_ok@ate                          cstackBANK0  0000D8
startup_ok@baud                         cstackBANK0  00006B
startup_ok@cereg                        cstackBANK0  0000A3
startup_ok@cmee                         cstackBANK0  00008B
startup_ok@cpin                         cstackBANK0  0000AF
startup_ok@creg                         cstackBANK0  0000BA
startup_ok@csq                          cstackBANK0  0000CF
startup_ok@gprs                         cstackBANK0  000060
startup_ok@ledCfg                       cstackBANK0  00007B
startup_ok@ledpattern                   cstackBANK0  000097
startup_ok@queryVersion                 cstackBANK0  0000C5
write_defaults@addr                     cstackCOMRAM 00001B
write_defaults@i                        cstackCOMRAM 00001D
write_defaults@page                     cstackCOMRAM 00001A
write_defaults@temp                     cstackCOMRAM 00001C
wtemp6                                  temp         00004C


FUNCTION INFORMATION:

 *************** function _main *****************
 Defined at:
		line 89 in file "main.c"
 Parameters:    Size  Location     Type
		None
 Auto vars:     Size  Location     Type
		None
 Return value:  Size  Location     Type
                  1    wreg      void 
 Registers used:
		wreg, fsr1l, fsr1h, fsr2l, fsr2h, status,2, status,0, tblptrl, tblptrh, tblptru, prodl, prodh, cstack
 Tracked objects:
		On entry : 
		On exit  : 
		Unchanged: 
 Data sizes:     COMRAM   BANK0   BANK1   BANK2   BANK3   BANK4   BANK5   BANK6   BANK7   BANK8   BANK9  BANK10  BANK11  BANK12  BANK13  BANK14  BANK15
      Params:         0       0       0       0       0       0       0       0       0       0       0       0       0       0       0       0       0
      Locals:         0       0       0       0       0       0       0       0       0       0       0       0       0       0       0       0       0
      Temps:          0       0       0       0       0       0       0       0       0       0       0       0       0       0       0       0       0
      Totals:         0       0       0       0       0       0       0       0       0       0       0       0       0       0       0       0       0
Total ram usage:        0 bytes
 Hardware stack levels required when called:   10
 This function calls:
		_check_state
		_init_md_uart
		_init_pic
 This function is called by:
		Startup code after reset
 This function uses a non-reentrant model


 *************** function _init_pic *****************
 Defined at:
		line 107 in file "main.c"
 Parameters:    Size  Location     Type
		None
 Auto vars:     Size  Location     Type
		None
 Return value:  Size  Location     Type
                  1    wreg      void 
 Registers used:
		wreg, status,2, cstack
 Tracked objects:
		On entry : 
		On exit  : 
		Unchanged: 
 Data sizes:     COMRAM   BANK0   BANK1   BANK2   BANK3   BANK4   BANK5   BANK6   BANK7   BANK8   BANK9  BANK10  BANK11  BANK12  BANK13  BANK14  BANK15
      Params:         0       0       0       0       0       0       0       0       0       0       0       0       0       0       0       0       0
      Locals:         0       0       0       0       0       0       0       0       0       0       0       0       0       0       0       0       0
      Temps:          0       0       0       0       0       0       0       0       0       0       0       0       0       0       0       0       0
      Totals:         0       0       0       0       0       0       0       0       0       0       0       0       0       0       0       0       0
Total ram usage:        0 bytes
 Hardware stack levels used:    1
 Hardware stack levels required when called:    5
 This function calls:
		_enable_ints
 This function is called by:
		_main
 This function uses a non-reentrant model


 *************** function _enable_ints *****************
 Defined at:
		line 156 in file "main.c"
 Parameters:    Size  Location     Type
		None
 Auto vars:     Size  Location     Type
		None
 Return value:  Size  Location     Type
                  1    wreg      void 
 Registers used:
		wreg, status,2, cstack
 Tracked objects:
		On entry : 
		On exit  : 
		Unchanged: 
 Data sizes:     COMRAM   BANK0   BANK1   BANK2   BANK3   BANK4   BANK5   BANK6   BANK7   BANK8   BANK9  BANK10  BANK11  BANK12  BANK13  BANK14  BANK15
      Params:         0       0       0       0       0       0       0       0       0       0       0       0       0       0       0       0       0
      Locals:         0       0       0       0       0       0       0       0       0       0       0       0       0       0       0       0       0
      Temps:          0       0       0       0       0       0       0       0       0       0       0       0       0       0       0       0       0
      Totals:         0       0       0       0       0       0       0       0       0       0       0       0       0       0       0       0       0
Total ram usage:        0 bytes
 Hardware stack levels used:    1
 Hardware stack levels required when called:    4
 This function calls:
		_start_timer0
 This function is called by:
		_init_pic
 This function uses a non-reentrant model


 *************** function _start_timer0 *****************
 Defined at:
		line 210 in file "main.c"
 Parameters:    Size  Location     Type
		None
 Auto vars:     Size  Location     Type
		None
 Return value:  Size  Location     Type
                  1    wreg      void 
 Registers used:
		wreg, status,2
 Tracked objects:
		On entry : 
		On exit  : 
		Unchanged: 
 Data sizes:     COMRAM   BANK0   BANK1   BANK2   BANK3   BANK4   BANK5   BANK6   BANK7   BANK8   BANK9  BANK10  BANK11  BANK12  BANK13  BANK14  BANK15
      Params:         0       0       0       0       0       0       0       0       0       0       0       0       0       0       0       0       0
      Locals:         0       0       0       0       0       0       0       0       0       0       0       0       0       0       0       0       0
      Temps:          0       0       0       0       0       0       0       0       0       0       0       0       0       0       0       0       0
      Totals:         0       0       0       0       0       0       0       0       0       0       0       0       0       0       0       0       0
Total ram usage:        0 bytes
 Hardware stack levels used:    1
 Hardware stack levels required when called:    3
 This function calls:
		Nothing
 This function is called by:
		_enable_ints
 This function uses a non-reentrant model


 *************** function _check_state *****************
 Defined at:
		line 13 in file "state.c"
 Parameters:    Size  Location     Type
		None
 Auto vars:     Size  Location     Type
		None
 Return value:  Size  Location     Type
                  1    wreg      void 
 Registers used:
		wreg, fsr1l, fsr1h, fsr2l, fsr2h, status,2, status,0, tblptrl, tblptrh, tblptru, prodl, prodh, cstack
 Tracked objects:
		On entry : 
		On exit  : 
		Unchanged: 
 Data sizes:     COMRAM   BANK0   BANK1   BANK2   BANK3   BANK4   BANK5   BANK6   BANK7   BANK8   BANK9  BANK10  BANK11  BANK12  BANK13  BANK14  BANK15
      Params:         0       0       0       0       0       0       0       0       0       0       0       0       0       0       0       0       0
      Locals:         0       0       0       0       0       0       0       0       0       0       0       0       0       0       0       0       0
      Temps:          0       1       0       0       0       0       0       0       0       0       0       0       0       0       0       0       0
      Totals:         0       1       0       0       0       0       0       0       0       0       0       0       0       0       0       0       0
Total ram usage:        1 bytes
 Hardware stack levels used:    1
 Hardware stack levels required when called:    9
 This function calls:
		_listen_sms
		_reload_tmr3_pt25s
 This function is called by:
		_main
 This function uses a non-reentrant model


 *************** function _reload_tmr3_pt25s *****************
 Defined at:
		line 193 in file "main.c"
 Parameters:    Size  Location     Type
		None
 Auto vars:     Size  Location     Type
		None
 Return value:  Size  Location     Type
                  1    wreg      void 
 Registers used:
		wreg, status,2
 Tracked objects:
		On entry : 
		On exit  : 
		Unchanged: 
 Data sizes:     COMRAM   BANK0   BANK1   BANK2   BANK3   BANK4   BANK5   BANK6   BANK7   BANK8   BANK9  BANK10  BANK11  BANK12  BANK13  BANK14  BANK15
      Params:         0       0       0       0       0       0       0       0       0       0       0       0       0       0       0       0       0
      Locals:         0       0       0       0       0       0       0       0       0       0       0       0       0       0       0       0       0
      Temps:          0       0       0       0       0       0       0       0       0       0       0       0       0       0       0       0       0
      Totals:         0       0       0       0       0       0       0       0       0       0       0       0       0       0       0       0       0
Total ram usage:        0 bytes
 Hardware stack levels used:    1
 Hardware stack levels required when called:    3
 This function calls:
		Nothing
 This function is called by:
		_check_state
 This function uses a non-reentrant model


 *************** function _listen_sms *****************
 Defined at:
		line 10 in file "C:/Users/Scott/InstantCare/Engineering/7102-10 - 906GN-SmokeGSMHub/Firmware/ic_hubCode_jvolk/test_buttonmenu_wSMS.X/sms.c"
 Parameters:    Size  Location     Type
		None
 Auto vars:     Size  Location     Type
  start_ok        1  132[BANK0 ] unsigned char 
 Return value:  Size  Location     Type
                  1    wreg      void 
 Registers used:
		wreg, fsr1l, fsr1h, fsr2l, fsr2h, status,2, status,0, tblptrl, tblptrh, tblptru, prodl, prodh, cstack
 Tracked objects:
		On entry : 
		On exit  : 
		Unchanged: 
 Data sizes:     COMRAM   BANK0   BANK1   BANK2   BANK3   BANK4   BANK5   BANK6   BANK7   BANK8   BANK9  BANK10  BANK11  BANK12  BANK13  BANK14  BANK15
      Params:         0       0       0       0       0       0       0       0       0       0       0       0       0       0       0       0       0
      Locals:         0       1       0       0       0       0       0       0       0       0       0       0       0       0       0       0       0
      Temps:          1       0       0       0       0       0       0       0       0       0       0       0       0       0       0       0       0
      Totals:         1       1       0       0       0       0       0       0       0       0       0       0       0       0       0       0       0
Total ram usage:        2 bytes
 Hardware stack levels used:    1
 Hardware stack levels required when called:    8
 This function calls:
		_check_sms_timer
		_read_sms
		_send_sms_ok
		_start_modem
		_start_sms_ok
		_start_sms_timer
 This function is called by:
		_check_state
 This function uses a non-reentrant model


 *************** function _start_sms_timer *****************
 Defined at:
		line 349 in file "C:/Users/Scott/InstantCare/Engineering/7102-10 - 906GN-SmokeGSMHub/Firmware/ic_hubCode_jvolk/test_buttonmenu_wSMS.X/sms.c"
 Parameters:    Size  Location     Type
		None
 Auto vars:     Size  Location     Type
		None
 Return value:  Size  Location     Type
                  1    wreg      void 
 Registers used:
		wreg, status,2
 Tracked objects:
		On entry : 
		On exit  : 
		Unchanged: 
 Data sizes:     COMRAM   BANK0   BANK1   BANK2   BANK3   BANK4   BANK5   BANK6   BANK7   BANK8   BANK9  BANK10  BANK11  BANK12  BANK13  BANK14  BANK15
      Params:         0       0       0       0       0       0       0       0       0       0       0       0       0       0       0       0       0
      Locals:         0       0       0       0       0       0       0       0       0       0       0       0       0       0       0       0       0
      Temps:          0       0       0       0       0       0       0       0       0       0       0       0       0       0       0       0       0
      Totals:         0       0       0       0       0       0       0       0       0       0       0       0       0       0       0       0       0
Total ram usage:        0 bytes
 Hardware stack levels used:    1
 Hardware stack levels required when called:    3
 This function calls:
		Nothing
 This function is called by:
		_listen_sms
 This function uses a non-reentrant model


 *************** function _start_sms_ok *****************
 Defined at:
		line 64 in file "C:/Users/Scott/InstantCare/Engineering/7102-10 - 906GN-SmokeGSMHub/Firmware/ic_hubCode_jvolk/test_buttonmenu_wSMS.X/sms.c"
 Parameters:    Size  Location     Type
		None
 Auto vars:     Size  Location     Type
  cpms           25    0[BANK0 ] unsigned char [25]
  cnmi           14   25[BANK0 ] unsigned char [14]
  cmgf           12   39[BANK0 ] unsigned char [12]
 Return value:  Size  Location     Type
                  1    wreg      unsigned char 
 Registers used:
		wreg, fsr1l, fsr1h, fsr2l, fsr2h, status,2, status,0, prodl, prodh, cstack
 Tracked objects:
		On entry : 
		On exit  : 
		Unchanged: 
 Data sizes:     COMRAM   BANK0   BANK1   BANK2   BANK3   BANK4   BANK5   BANK6   BANK7   BANK8   BANK9  BANK10  BANK11  BANK12  BANK13  BANK14  BANK15
      Params:         0       0       0       0       0       0       0       0       0       0       0       0       0       0       0       0       0
      Locals:         0      51       0       0       0       0       0       0       0       0       0       0       0       0       0       0       0
      Temps:          0       0       0       0       0       0       0       0       0       0       0       0       0       0       0       0       0
      Totals:         0      51       0       0       0       0       0       0       0       0       0       0       0       0       0       0       0
Total ram usage:       51 bytes
 Hardware stack levels used:    1
 Hardware stack levels required when called:    5
 This function calls:
		_clear_at_ok
		_init_md_uart
		_md_uart_write_str_ok
 This function is called by:
		_listen_sms
 This function uses a non-reentrant model


 *************** function _start_modem *****************
 Defined at:
		line 60 in file "modem.c"
 Parameters:    Size  Location     Type
		None
 Auto vars:     Size  Location     Type
		None
 Return value:  Size  Location     Type
                  1    wreg      void 
 Registers used:
		wreg, fsr1l, fsr1h, fsr2l, fsr2h, status,2, status,0, tblptrl, tblptrh, tblptru, prodl, prodh, cstack
 Tracked objects:
		On entry : 
		On exit  : 
		Unchanged: 
 Data sizes:     COMRAM   BANK0   BANK1   BANK2   BANK3   BANK4   BANK5   BANK6   BANK7   BANK8   BANK9  BANK10  BANK11  BANK12  BANK13  BANK14  BANK15
      Params:         0       0       0       0       0       0       0       0       0       0       0       0       0       0       0       0       0
      Locals:         0       0       0       0       0       0       0       0       0       0       0       0       0       0       0       0       0
      Temps:          2       0       0       0       0       0       0       0       0       0       0       0       0       0       0       0       0
      Totals:         2       0       0       0       0       0       0       0       0       0       0       0       0       0       0       0       0
Total ram usage:        2 bytes
 Hardware stack levels used:    1
[...]
		_start_sms_ok
		_read_sms
		_send_sms_ok
 This function uses a non-reentrant model


 *************** function _check_sms_timer *****************
 Defined at:
		line 315 in file "C:/Users/Scott/InstantCare/Engineering/7102-10 - 906GN-SmokeGSMHub/Firmware/ic_hubCode_jvolk/test_buttonmenu_wSMS.X/sms.c"
 Parameters:    Size  Location     Type
		None
 Auto vars:     Size  Location     Type
  sms_duration    1   26[COMRAM] unsigned char 
 Return value:  Size  Location     Type
                  1    wreg      void 
 Registers used:
		wreg, status,2, status,0, prodl, prodh, cstack
 Tracked objects:
		On entry : 
		On exit  : 
		Unchanged: 
 Data sizes:     COMRAM   BANK0   BANK1   BANK2   BANK3   BANK4   BANK5   BANK6   BANK7   BANK8   BANK9  BANK10  BANK11  BANK12  BANK13  BANK14  BANK15
      Params:         0       0       0       0       0       0       0       0       0       0       0       0       0       0       0       0       0
      Locals:         1       0       0       0       0       0       0       0       0       0       0       0       0       0       0       0       0
      Temps:          0       0       0       0       0       0       0       0       0       0       0       0       0       0       0       0       0
      Totals:         1       0       0       0       0       0       0       0       0       0       0       0       0       0       0       0       0
Total ram usage:        1 bytes
 Hardware stack levels used:    1
 Hardware stack levels required when called:    5
 This function calls:
		_ee_read_ascii_to_value
		_stop_sms_timer
 This function is called by:
		_listen_sms
 This function uses a non-reentrant model


 *************** function _stop_sms_timer *****************
 Defined at:
		line 359 in file "C:/Users/Scott/InstantCare/Engineering/7102-10 - 906GN-SmokeGSMHub/Firmware/ic_hubCode_jvolk/test_buttonmenu_wSMS.X/sms.c"
 Parameters:    Size  Location     Type
		None
 Auto vars:     Size  Location     Type
		None
 Return value:  Size  Location     Type
                  1    wreg      void 
 Registers used:
		None
 Tracked objects:
		On entry : 
		On exit  : 
		Unchanged: 
 Data sizes:     COMRAM   BANK0   BANK1   BANK2   BANK3   BANK4   BANK5   BANK6   BANK7   BANK8   BANK9  BANK10  BANK11  BANK12  BANK13  BANK14  BANK15
      Params:         0       0       0       0       0       0       0       0       0       0       0       0       0       0       0       0       0
      Locals:         0       0       0       0       0       0       0       0       0       0       0       0       0       0       0       0       0
      Temps:          0       0       0       0       0       0       0       0       0       0       0       0       0       0       0       0       0
      Totals:         0       0       0       0       0       0       0       0       0       0       0       0       0       0       0       0       0
Total ram usage:        0 bytes
 Hardware stack levels used:    1
 Hardware stack levels required when called:    3
 This function calls:
		Nothing
 This function is called by:
		_check_sms_timer
 This function uses a non-reentrant model


 *************** function _ee_read_ascii_to_value *****************
 Defined at:
		line 47 in file "eeprom.c"
 Parameters:    Size  Location     Type
  page            1    wreg     unsigned char 
  addr            1   23[COMRAM] unsigned char 
 Auto vars:     Size  Location     Type
  page            1   24[COMRAM] unsigned char 
  data            1   25[COMRAM] unsigned char 
 Return value:  Size  Location     Type
                  1    wreg      unsigned char 
 Registers used:
		wreg, status,2, status,0, cstack
 Tracked objects:
		On entry : 
		On exit  : 
		Unchanged: 
 Data sizes:     COMRAM   BANK0   BANK1   BANK2   BANK3   BANK4   BANK5   BANK6   BANK7   BANK8   BANK9  BANK10  BANK11  BANK12  BANK13  BANK14  BANK15
      Params:         1       0       0       0       0       0       0       0       0       0       0       0       0       0       0       0       0
      Locals:         2       0       0       0       0       0       0       0       0       0       0       0       0       0       0       0       0
      Temps:          0       0       0       0       0       0       0       0       0       0       0       0       0       0       0       0       0
      Totals:         3       0       0       0       0       0       0       0       0       0       0       0       0       0       0       0       0
Total ram usage:        3 bytes
 Hardware stack levels used:    1
 Hardware stack levels required when called:    4
 This function calls:
		_ee_read
 This function is called by:
		_check_sms_timer
 This function uses a non-reentrant model


 *************** function _ee_read *****************
 Defined at:
		line 11 in file "eeprom.c"
 Parameters:    Size  Location     Type
  page            1    wreg     unsigned char 
  addr            1   20[COMRAM] unsigned char 
 Auto vars:     Size  Location     Type
  page            1   21[COMRAM] unsigned char 
  data            1   22[COMRAM] unsigned char 
 Return value:  Size  Location     Type
                  1    wreg      unsigned char 
 Registers used:
		wreg, status,2
 Tracked objects:
		On entry : 
		On exit  : 
		Unchanged: 
 Data sizes:     COMRAM   BANK0   BANK1   BANK2   BANK3   BANK4   BANK5   BANK6   BANK7   BANK8   BANK9  BANK10  BANK11  BANK12  BANK13  BANK14  BANK15
      Params:         1       0       0       0       0       0       0       0       0       0       0       0       0       0       0       0       0
      Locals:         2       0       0       0       0       0       0       0       0       0       0       0       0       0       0       0       0
      Temps:          0       0       0       0       0       0       0       0       0       0       0       0       0       0       0       0       0
      Totals:         3       0       0       0       0       0       0       0       0       0       0       0       0       0       0       0       0
Total ram usage:        3 bytes
 Hardware stack levels used:    1
 Hardware stack levels required when called:    3
 This function calls:
		Nothing
 This function is called by:
		_ee_read_ascii_to_value
		_parse_cmgr
		_write_defaults
		_is_first_run
 This function uses a non-reentrant model


 *************** function _isr *****************
 Defined at:
		line 18 in file "main.c"
 Parameters:    Size  Location     Type
		None
 Auto vars:     Size  Location     Type
		None
 Return value:  Size  Location     Type
                  1    wreg      void 
 Registers used:
		wreg, status,2, status,0, cstack
 Tracked objects:
		On entry : 
		On exit  : 
		Unchanged: 
 Data sizes:     COMRAM   BANK0   BANK1   BANK2   BANK3   BANK4   BANK5   BANK6   BANK7   BANK8   BANK9  BANK10  BANK11  BANK12  BANK13  BANK14  BANK15
      Params:         0       0       0       0       0       0       0       0       0       0       0       0       0       0       0       0       0
      Locals:         0       0       0       0       0       0       0       0       0       0       0       0       0       0       0       0       0
      Temps:         18       0       0       0       0       0       0       0       0       0       0       0       0       0       0       0       0
      Totals:        18       0       0       0       0       0       0       0       0       0       0       0       0       0       0       0       0
Total ram usage:       18 bytes
 Hardware stack levels used:    1
 Hardware stack levels required when called:    2
 This function calls:
		_check_state_timeout
		_control_leds
		_disable_tmr3
		_enable_tmr4
		_reload_timer0
 This function is called by:
		Interrupt level 2
 This function uses a non-reentrant model


 *************** function _reload_timer0 *****************
 Defined at:
		line 221 in file "main.c"
 Parameters:    Size  Location     Type
		None
 Auto vars:     Size  Location     Type
		None
 Return value:  Size  Location     Type
                  1    wreg      void 
 Registers used:
		wreg, status,2
 Tracked objects:
		On entry : 
		On exit  : 
		Unchanged: 
 Data sizes:     COMRAM   BANK0   BANK1   BANK2   BANK3   BANK4   BANK5   BANK6   BANK7   BANK8   BANK9  BANK10  BANK11  BANK12  BANK13  BANK14  BANK15
      Params:         0       0       0       0       0       0       0       0       0       0       0       0       0       0       0       0       0
      Locals:         0       0       0       0       0       0       0       0       0       0       0       0       0       0       0       0       0
      Temps:          0       0       0       0       0       0       0       0       0       0       0       0       0       0       0       0       0
      Totals:         0       0       0       0       0       0       0       0       0       0       0       0       0       0       0       0       0
Total ram usage:        0 bytes
 Hardware stack levels used:    1
 This function calls:
		Nothing
 This function is called by:
		_isr
 This function uses a non-reentrant model


 *************** function _enable_tmr4 *****************
 Defined at:
		line 38 in file "io.c"
 Parameters:    Size  Location     Type
		None
 Auto vars:     Size  Location     Type
		None
 Return value:  Size  Location     Type
                  1    wreg      void 
 Registers used:
		wreg, status,2
 Tracked objects:
		On entry : 
		On exit  : 
		Unchanged: 
 Data sizes:     COMRAM   BANK0   BANK1   BANK2   BANK3   BANK4   BANK5   BANK6   BANK7   BANK8   BANK9  BANK10  BANK11  BANK12  BANK13  BANK14  BANK15
      Params:         0       0       0       0       0       0       0       0       0       0       0       0       0       0       0       0       0
      Locals:         0       0       0       0       0       0       0       0       0       0       0       0       0       0       0       0       0
      Temps:          0       0       0       0       0       0       0       0       0       0       0       0       0       0       0       0       0
      Totals:         0       0       0       0       0       0       0       0       0       0       0       0       0       0       0       0       0
Total ram usage:        0 bytes
 Hardware stack levels used:    1
 This function calls:
		Nothing
 This function is called by:
		_isr
 This function uses a non-reentrant model


 *************** function _disable_tmr3 *****************
 Defined at:
		line 202 in file "main.c"
 Parameters:    Size  Location     Type
		None
 Auto vars:     Size  Location     Type
		None
 Return value:  Size  Location     Type
                  1    wreg      void 
 Registers used:
		wreg, status,2
 Tracked objects:
		On entry : 
		On exit  : 
		Unchanged: 
 Data sizes:     COMRAM   BANK0   BANK1   BANK2   BANK3   BANK4   BANK5   BANK6   BANK7   BANK8   BANK9  BANK10  BANK11  BANK12  BANK13  BANK14  BANK15
      Params:         0       0       0       0       0       0       0       0       0       0       0       0       0       0       0       0       0
      Locals:         0       0       0       0       0       0       0       0       0       0       0       0       0       0       0       0       0
      Temps:          0       0       0       0       0       0       0       0       0       0       0       0       0       0       0       0       0
      Totals:         0       0       0       0       0       0       0       0       0       0       0       0       0       0       0       0       0
Total ram usage:        0 bytes
 Hardware stack levels used:    1
 This function calls:
		Nothing
 This function is called by:
		_isr
 This function uses a non-reentrant model


 *************** function _control_leds *****************
 Defined at:
		line 69 in file "state.c"
 Parameters:    Size  Location     Type
		None
 Auto vars:     Size  Location     Type
		None
 Return value:  Size  Location     Type
                  1    wreg      void 
 Registers used:
		wreg, status,2, status,0
 Tracked objects:
		On entry : 
		On exit  : 
		Unchanged: 
 Data sizes:     COMRAM   BANK0   BANK1   BANK2   BANK3   BANK4   BANK5   BANK6   BANK7   BANK8   BANK9  BANK10  BANK11  BANK12  BANK13  BANK14  BANK15
      Params:         0       0       0       0       0       0       0       0       0       0       0       0       0       0       0       0       0
      Locals:         0       0       0       0       0       0       0       0       0       0       0       0       0       0       0       0       0
      Temps:          0       0       0       0       0       0       0       0       0       0       0       0       0       0       0       0       0
      Totals:         0       0       0       0       0       0       0       0       0       0       0       0       0       0       0       0       0
Total ram usage:        0 bytes
 Hardware stack levels used:    1
 This function calls:
		Nothing
 This function is called by:
		_isr
 This function uses a non-reentrant model


 *************** function _check_state_timeout *****************
 Defined at:
		line 7 in file "io.c"
 Parameters:    Size  Location     Type
		None
 Auto vars:     Size  Location     Type
		None
 Return value:  Size  Location     Type
                  1    wreg      void 
 Registers used:
		wreg, status,2, status,0, cstack
 Tracked objects:
		On entry : 
		On exit  : 
		Unchanged: 
 Data sizes:     COMRAM   BANK0   BANK1   BANK2   BANK3   BANK4   BANK5   BANK6   BANK7   BANK8   BANK9  BANK10  BANK11  BANK12  BANK13  BANK14  BANK15
      Params:         0       0       0       0       0       0       0       0       0       0       0       0       0       0       0       0       0
      Locals:         0       0       0       0       0       0       0       0       0       0       0       0       0       0       0       0       0
      Temps:          2       0       0       0       0       0       0       0       0       0       0       0       0       0       0       0       0
      Totals:         2       0       0       0       0       0       0       0       0       0       0       0       0       0       0       0       0
Total ram usage:        2 bytes
 Hardware stack levels used:    1
 Hardware stack levels required when called:    1
 This function calls:
		_disable_tmr4
 This function is called by:
		_isr
 This function uses a non-reentrant model


 *************** function _disable_tmr4 *****************
 Defined at:
		line 50 in file "io.c"
 Parameters:    Size  Location     Type
		None
 Auto vars:     Size  Location     Type
		None
 Return value:  Size  Location     Type
                  1    wreg      void 
 Registers used:
		wreg, status,2
 Tracked objects:
		On entry : 
		On exit  : 
		Unchanged: 
 Data sizes:     COMRAM   BANK0   BANK1   BANK2   BANK3   BANK4   BANK5   BANK6   BANK7   BANK8   BANK9  BANK10  BANK11  BANK12  BANK13  BANK14  BANK15
      Params:         0       0       0       0       0       0       0       0       0       0       0       0       0       0       0       0       0
      Locals:         0       0       0       0       0       0       0       0       0       0       0       0       0       0       0       0       0
      Temps:          0       0       0       0       0       0       0       0       0       0       0       0       0       0       0       0       0
      Totals:         0       0       0       0       0       0       0       0       0       0       0       0       0       0       0       0       0
Total ram usage:        0 bytes
 Hardware stack levels used:    1
 This function calls:
		Nothing
 This function is called by:
		_check_state_timeout
 This function uses a non-reentrant model



MODULE INFORMATION

Module		Function		Class		Link	Load	Size
uart.c
		_md_uart_send  		CODE           	3092	0000	13
		_parse_csq_ok  		CODE           	1F98	0000	401
		_enable_md_rxint		CODE           	309E	0000	13
		_parse_creg_ok 		CODE           	24D4	0000	271
		_parse_cereg_ok		CODE           	2278	0000	303
		_md_uart_write_str_ok		CODE           	23A6	0000	303
		_init_md_uart  		CODE           	2F46	0000	39

uart.c estimated size: 1343

io.c
		_reload_tmr5_pt25s		CODE           	2FE8	0000	27
		_clear_at_ok   		CODE           	2EBC	0000	53
		_disable_tmr4  		CODE           	3084	0000	15
		_disable_tmr5  		CODE           	30AA	0000	13
		_check_state_timeout		CODE           	2AFE	0000	157
		_enable_tmr4   		CODE           	2F90	0000	35

io.c estimated size: 300

state.c
		_control_leds  		CODE           	27E2	0000	207
		_check_state   		CODE           	2B9A	0000	143

state.c estimated size: 350

C:\Program Files (x86)\Microchip\xc8\v1.45\sources\common\awmod.c
		___awmod       		CODE           	2D1C	0000	113

C:\Program Files (x86)\Microchip\xc8\v1.45\sources\common\awmod.c estimated size: 113

eeprom.c
		_ee_write      		CODE           	2EF0	0000	49
		_ee_read       		CODE           	2FB2	0000	29
		_ee_read_ascii_to_value		CODE           	2F6C	0000	37

eeprom.c estimated size: 115

C:/Users/Scott/InstantCare/Engineering/7102-10 - 906GN-SmokeGSMHub/Firmware/ic_hubCode_jvolk/test_buttonmenu_wSMS.X/sms.c
		_check_sms_timer		CODE           	2D8C	0000	109
		_start_sms_timer		CODE           	2FCE	0000	27
		_read_sms      		CODE           	1DFE	0000	411
		_parse_cmgl    		CODE           	2A3E	0000	193
		_parse_cmgr    		CODE           	1892	0000	897
		_stop_sms_timer		CODE           	30CC	0000	7
		_start_sms_ok  		CODE           	25E2	0000	269
		_send_sms_ok   		CODE           	2128	0000	337
		_listen_sms    		CODE           	28B0	0000	205

C:/Users/Scott/InstantCare/Engineering/7102-10 - 906GN-SmokeGSMHub/Firmware/ic_hubCode_jvolk/test_buttonmenu_wSMS.X/sms.c estimated size: 2455

shared
		_default_SERVER_ACK_TIME		SMALLCONST     	1029	0000	2
		_default_IP1   		SMALLCONST     	101E	0000	3
		_default_IP2   		SMALLCONST     	101C	0000	3
		_default_IP3   		SMALLCONST     	101A	0000	3
		_default_IP4   		SMALLCONST     	1018	0000	3
		_default_APN   		SMALLCONST     	1020	0000	3
		_default_ACCT  		SMALLCONST     	1001	0000	7
		_default_ZONE1 		SMALLCONST     	1028	0000	2
		_default_ZONE2 		SMALLCONST     	1027	0000	2
		_default_PORT1 		SMALLCONST     	1016	0000	3
		_default_PORT2 		SMALLCONST     	1014	0000	3
		_default_PORT3 		SMALLCONST     	1012	0000	3
		_default_PORT4 		SMALLCONST     	1010	0000	3
		_default_CYCLE 		SMALLCONST     	1025	0000	2
		_default_ACCESS_CODE		SMALLCONST     	1007	0000	7
		_default_RETRY 		SMALLCONST     	1024	0000	2
		_default_TP_PIN		SMALLCONST     	1026	0000	2
		_default_PROGRAM_ACK		SMALLCONST     	102B	0000	2
		_default_SMS_WAIT_TIME		SMALLCONST     	1023	0000	2
		_default_ENCRYPTION		SMALLCONST     	1022	0000	2
		__initialization		CODE           	297C	0000	181
		_default_LINE_CARD		SMALLCONST     	100D	0000	4
		_default_TEST_FREQ		SMALLCONST     	102A	0000	2

shared estimated size: 246

C:\Program Files (x86)\Microchip\xc8\v1.45\sources\common\awdiv.c
		___awdiv       		CODE           	2C28	0000	133

C:\Program Files (x86)\Microchip\xc8\v1.45\sources\common\awdiv.c estimated size: 133

modem.c
		_startup_ok    		CODE           	14B6	0000	989
		_start_modem   		CODE           	2CAC	0000	113
		_check_md_state		CODE           	2DF8	0000	107
		_start_md_boot_timer		CODE           	30C6	0000	7

modem.c estimated size: 1216

main.c
		_reload_tmr3_pt25s		CODE           	3048	0000	17
		_init_pic      		CODE           	2E62	0000	91
		_reload_timer0 		CODE           	30B6	0000	11
		_disable_tmr3  		CODE           	3076	0000	15
		_start_timer0  		CODE           	3034	0000	21
		_main          		CODE           	3068	0000	15
		_isr           		CODE           	0008	0000	383
		_enable_ints   		CODE           	2F20	0000	39

main.c estimated size: 592

cell_settings.c
		_save_first_run		CODE           	3058	0000	17
		_write_defaults		CODE           	102E	0000	1161
		_program_field 		CODE           	1C12	0000	493
		_is_first_run  		CODE           	301C	0000	25

cell_settings.c estimated size: 1696

