Microchip MPLAB XC8 Compiler V1.45 ()

Linker command line:

-W-3 --edf=C:\Program Files (x86)\Microchip\xc8\v1.45\dat\en_msgs.txt -cs \
  -h+dist/default/debug\uart_comm.debug.sym \
  --cmf=dist/default/debug\uart_comm.debug.cmf -z -Q18F26K22 \
  -oC:\Users\Scott\AppData\Local\Temp\s8ek.2 \
  -Mdist/default/debug/uart_comm.debug.map -E1 -ver=XC8 -ASTACK=0164h-0f37h \
  -pstack=STACK -ACODE=00h-0FFFFh -ACONST=00h-0FFFFh \
  -ASMALLCONST=01000h-010FFhx240 -AMEDIUMCONST=01000h-0FFFFh \
  -ACOMRAM=01h-05Fh -AABS1=00h-0F37h -ABIGRAM=01h-0F37h \
  -ARAM=060h-0FFh,0100h-01FFhx14,0F00h-0F37h -ABANK0=060h-0FFh \
  -ABANK1=0100h-01FFh -ABANK2=0200h-02FFh -ABANK3=0300h-03FFh \
  -ABANK4=0400h-04FFh -ABANK5=0500h-05FFh -ABANK6=0600h-06FFh \
  -ABANK7=0700h-07FFh -ABANK8=0800h-08FFh -ABANK9=0900h-09FFh \
  -ABANK10=0A00h-0AFFh -ABANK11=0B00h-0BFFh -ABANK12=0C00h-0CFFh \
  -ABANK13=0D00h-0DFFh -ABANK14=0E00h-0EFFh -ABANK15=0F00h-0F37h \
  -ASFR=0F38h-0F5Fh,0F60h-0FFCh \
  -preset_vec=00h,intcode,intcodelo,powerup,init -pramtop=01000h \
  -psmallconst=SMALLCONST -pmediumconst=MEDIUMCONST -pconst=CONST \
  -AFARRAM=00h-00h -ACONFIG=0300000h-030000Dh -pconfig=CONFIG \
  -AIDLOC=0200000h-0200007h -pidloc=IDLOC -AEEDATA=0F00000h-0F003FFh \
  -peeprom_data=EEDATA \
  -prdata=COMRAM,nvrram=COMRAM,nvbit=COMRAM,rbss=COMRAM,rbit=COMRAM \
  -pfarbss=FARRAM,fardata=FARRAM,nvFARRAM=FARRAM \
  -pintsave_regs=BIGRAM,bigbss=BIGRAM,bigdata=BIGRAM -pbss=RAM \
  -pidata=CODE,irdata=CODE,ibigdata=CODE,ifardata=CODE -prparam=COMRAM \
  C:\Users\Scott\AppData\Local\Temp\s8ek.obj \
  dist/default/debug\uart_comm.debug.obj 

Object code version is 3.11

Machine type is 18F26K22

Call graph: (short form)




                Name                               Link     Load   Length Selector   Space Scale
C:\Users\Scott\AppData\Local\Temp\s8ek.obj
                init                                  2        2        4        0       0
                reset_vec                             0        0        2        0       0
                idloc                            200000   200000        8   200000       0
                config                           300000   300000        E   300000       0
dist/default/debug\uart_comm.debug.obj
                smallconst                         1000     1000       80      800       0
                text19                             186A     186A       52      840       0
                text18                             1A32     1A32       2A      840       0
                text17                             18BC     18BC       4C      840       0
                text16                             1A5C     1A5C       26      840       0
                text15                             1B08     1B08        C      840       0
                text14                             1A08     1A08       2A      840       0
                text13                             1AFA     1AFA        E      840       0
                text12                             14D2     14D2      210      840       0
                text11                             16E2     16E2       E8      840       0
                text10                             1AA6     1AA6       1C      840       0
                text9                              1AC2     1AC2       18      840       0
                text8                              19AA     19AA       30      840       0
                text7                              1AEA     1AEA       10      840       0
                text6                              1944     1944       34      840       0
                text5                              1080     1080      452      840       0
                text4                              1978     1978       32      840       0
                text3                              17CA     17CA       A0      840       0
                text2                              1A82     1A82       24      840       0
                text1                              19DA     19DA       2E      840       0
                text0                              1ADA     1ADA       10      840       0
                cstackCOMRAM                          1        1       3A        1       1
                cstackBANK0                          60       60       68       60       1
                bssBANK1                            100      100       64      100       1
                dataCOMRAM                           3B       3B        5        1       1
                bssCOMRAM                            40       40        1        1       1
                cinit                              1908     1908       3C      840       0
                idataCOMRAM                        1B14     1B14        5      840       0

TOTAL           Name                               Link     Load   Length     Space
        CLASS   STACK          

        CLASS   CODE           
                init                                  2        2        4         0
                reset_vec                             0        0        2         0
                text19                             186A     186A       52         0
                text18                             1A32     1A32       2A         0
                text17                             18BC     18BC       4C         0
                text16                             1A5C     1A5C       26         0
                text15                             1B08     1B08        C         0
                text14                             1A08     1A08       2A         0
                text13                             1AFA     1AFA        E         0
                text12                             14D2     14D2      210         0
                text11                             16E2     16E2       E8         0
                text10                             1AA6     1AA6       1C         0
                text9                              1AC2     1AC2       18         0
                text8                              19AA     19AA       30         0
                text7                              1AEA     1AEA       10         0
                text6                              1944     1944       34         0
                text5                              1080     1080      452         0
                text4                              1978     1978       32         0
                text3                              17CA     17CA       A0         0
                text2                              1A82     1A82       24         0
                text1                              19DA     19DA       2E         0
                text0                              1ADA     1ADA       10         0
                cinit                              1908     1908       3C         0
                idataCOMRAM                        1B14     1B14        5         0

        CLASS   CONST          

        CLASS   SMALLCONST     
                smallconst                         1000     1000       80         0

        CLASS   MEDIUMCONST    

        CLASS   COMRAM         
                cstackCOMRAM                          1        1       3A         1
                dataCOMRAM                           3B       3B        5         1
                bssCOMRAM                            40       40        1         1

        CLASS   ABS1           

        CLASS   BIGRAM         

        CLASS   RAM            

        CLASS   BANK0          
                cstackBANK0                          60       60       68         1

        CLASS   BANK1          
                bssBANK1                            100      100       64         1

        CLASS   BANK2          

        CLASS   BANK3          

        CLASS   BANK4          

        CLASS   BANK5          

        CLASS   BANK6          

        CLASS   BANK7          

        CLASS   BANK8          

        CLASS   BANK9          

        CLASS   BANK10         

        CLASS   BANK11         

        CLASS   BANK12         

        CLASS   BANK13         

        CLASS   BANK14         

        CLASS   BANK15         

        CLASS   SFR            

        CLASS   FARRAM         

        CLASS   CONFIG         
                config                           300000   300000        E         0

        CLASS   IDLOC          
                idloc                            200000   200000        8         0

        CLASS   EEDATA         



SEGMENTS        Name                           Load    Length   Top    Selector   Space  Class

                reset_vec                      000000  000006  000006         0       0  CODE    
                cstackCOMRAM                   000001  000040  000041         1       1  COMRAM  
                cstackBANK0                    000060  000068  0000C8        60       1  BANK0   
                bssBANK1                       000100  000064  000164       100       1  BANK1   
                smallconst                     001000  000080  001080       800       0  SMALLCON
                text5                          001080  000A99  001B19       840       0  CODE    
                idloc                          200000  000008  200008    200000       0  IDLOC   
                config                         300000  00000E  30000E    300000       0  CONFIG  


UNUSED ADDRESS RANGES

        Name                Unused          Largest block    Delta
        BANK0            0000C8-0000FF               38
        BANK1            000164-0001FF               9C
        BANK10           000A00-000AFF              100
        BANK11           000B00-000BFF              100
        BANK12           000C00-000CFF              100
        BANK13           000D00-000DFF              100
        BANK14           000E00-000EFF              100
        BANK15           000F00-000F37               38
        BANK2            000200-0002FF              100
        BANK3            000300-0003FF              100
        BANK4            000400-0004FF              100
        BANK5            000500-0005FF              100
        BANK6            000600-0006FF              100
        BANK7            000700-0007FF              100
        BANK8            000800-0008FF              100
        BANK9            000900-0009FF              100
        BIGRAM           000041-00005F               1F
                         0000C8-0000FF               38
                         000164-000F37              DD4
        CODE             000006-000FFF              FFA
                         001B19-00FFFF             E4E7
        COMRAM           000041-00005F               1F
        CONST            000006-000FFF              FFA
                         001B19-00FFFF             E4E7
        EEDATA           F00000-F003FF              400
        MEDIUMCONST      001B19-00FFFF             E4E7
        RAM              0000C8-0000FF               38
                         000164-000F37              100
        SFR              000F38-000FFC               28
        SMALLCONST       001B19-00FFFF              100
        STACK            000164-000F37              DD4

                                  Symbol Table

_ANSELA                          (abs)        000F38
_ANSELB                          (abs)        000F39
_ANSELC                          (abs)        000F3A
_BAUDCON1bits                    (abs)        000FB8
_BAUDCONbits                     (abs)        000FB8
_CFGS                            (abs)        007D36
_CREN1                           (abs)        007D5C
_EEADR                           (abs)        000FA9
_EEADRH                          (abs)        000FAA
_EECON2                          (abs)        000FA7
_EEDATA                          (abs)        000FA8
_EEPGD                           (abs)        007D37
_GIE                             (abs)        007F97
_INTCON                          (abs)        000FF2
_INTCONbits                      (abs)        000FF2
_LATAbits                        (abs)        000F89
_LATBbits                        (abs)        000F8A
_LATCbits                        (abs)        000F8B
_OSCCONbits                      (abs)        000FD3
_PIR1bits                        (abs)        000F9E
_PIR2bits                        (abs)        000FA1
_PORTAbits                       (abs)        000F80
_PORTBbits                       (abs)        000F81
_PORTCbits                       (abs)        000F82
_RC1IE                           (abs)        007CED
_RC1IF                           (abs)        007CF5
_RC1REG                          (abs)        000FAE
_RC1STAbits                      (abs)        000FAB
_RCSTA1bits                      (abs)        000FAB
_RD                              (abs)        007D30
_SPBRG1                          (abs)        000FAF
_SPBRGH1                         (abs)        000FB0
_T3CON                           (abs)        000FB1
_TMR3H                           (abs)        000FB3
_TMR3IF                          (abs)        007D09
_TMR3L                           (abs)        000FB2
_TMR3ON                          (abs)        007D88
_TRISAbits                       (abs)        000F92
_TRISBbits                       (abs)        000F93
_TRISCbits                       (abs)        000F94
_TRMT1                           (abs)        007D61
_TX1REG                          (abs)        000FAD
_TXSTA1bits                      (abs)        000FAC
_VERSION                         dataCOMRAM   00003B
_WR                              (abs)        007D31
_WREN                            (abs)        007D32
__CFG_BOREN$SBORDIS              (abs)        000000
__CFG_BORV$190                   (abs)        000000
__CFG_CCP2MX$PORTC1              (abs)        000000
__CFG_CCP3MX$PORTB5              (abs)        000000
__CFG_CP0$ON                     (abs)        000000
__CFG_CP1$ON                     (abs)        000000
__CFG_CP2$ON                     (abs)        000000
__CFG_CP3$ON                     (abs)        000000
__CFG_CPB$ON                     (abs)        000000
__CFG_CPD$ON                     (abs)        000000
__CFG_EBTR0$OFF                  (abs)        000000
__CFG_EBTR1$OFF                  (abs)        000000
__CFG_EBTR2$OFF                  (abs)        000000
__CFG_EBTR3$OFF                  (abs)        000000
__CFG_EBTRB$OFF                  (abs)        000000
__CFG_FCMEN$OFF                  (abs)        000000
__CFG_FOSC$INTIO7                (abs)        000000
__CFG_HFOFST$ON                  (abs)        000000
__CFG_IESO$OFF                   (abs)        000000
__CFG_LVP$OFF                    (abs)        000000
__CFG_MCLRE$INTMCLR              (abs)        000000
__CFG_P2BMX$PORTB5               (abs)        000000
__CFG_PBADEN$OFF                 (abs)        000000
__CFG_PLLCFG$OFF                 (abs)        000000
__CFG_PRICLKEN$ON                (abs)        000000
__CFG_PWRTEN$OFF                 (abs)        000000
__CFG_STVREN$ON                  (abs)        000000
__CFG_T3CMX$PORTC0               (abs)        000000
__CFG_WDTEN$SWON                 (abs)        000000
__CFG_WDTPS$256                  (abs)        000000
__CFG_WRT0$OFF                   (abs)        000000
__CFG_WRT1$OFF                   (abs)        000000
__CFG_WRT2$OFF                   (abs)        000000
__CFG_WRT3$OFF                   (abs)        000000
__CFG_WRTB$OFF                   (abs)        000000
__CFG_WRTC$OFF                   (abs)        000000
__CFG_WRTD$OFF                   (abs)        000000
__CFG_XINST$OFF                  (abs)        000000
__HRAM                           (abs)        000000
__Habs1                          abs1         000000
__Hbank0                         bank0        000000
__Hbank1                         bank1        000000
__Hbank10                        bank10       000000
__Hbank11                        bank11       000000
__Hbank12                        bank12       000000
__Hbank13                        bank13       000000
__Hbank14                        bank14       000000
__Hbank15                        bank15       000000
__Hbank2                         bank2        000000
__Hbank3                         bank3        000000
__Hbank4                         bank4        000000
__Hbank5                         bank5        000000
__Hbank6                         bank6        000000
__Hbank7                         bank7        000000
__Hbank8                         bank8        000000
__Hbank9                         bank9        000000
__Hbigbss                        bigbss       000000
__Hbigdata                       bigdata      000000
__Hbigram                        bigram       000000
__Hbss                           bss          000000
__HbssBANK1                      bssBANK1     000000
__HbssCOMRAM                     bssCOMRAM    000000
__Hcinit                         cinit        000000
__Hclrtext                       clrtext      000000
__Hcomram                        comram       000000
__Hconfig                        config       30000E
__Hconst                         const        000000
__HcstackBANK0                   cstackBANK0  000000
__HcstackCOMRAM                  cstackCOMRAM 000000
__Hdata                          data         000000
__HdataCOMRAM                    dataCOMRAM   000000
__Heeprom_data                   eeprom_data  000000
__Hfarbss                        farbss       000000
__Hfardata                       fardata      000000
__Hibigdata                      ibigdata     000000
__Hidata                         idata        000000
__HidataCOMRAM                   idataCOMRAM  000000
__Hidloc                         idloc        200008
__Hifardata                      ifardata     000000
__Hinit                          init         000006
__Hintcode                       intcode      000002
__Hintcode_body                  intcode_body 000000
__Hintcodelo                     intcodelo    000002
__Hintentry                      intentry     000000
__Hintret                        intret       000000
__Hintsave_regs                  intsave_regs 000000
__Hirdata                        irdata       000000
__Hmediumconst                   mediumconst  000000
__HnvFARRAM                      nvFARRAM     000000
__Hnvbit                         nvbit        000000
__Hnvrram                        nvrram       000000
__Hparam                         rparam       000000
__Hpowerup                       powerup      000002
__Hram                           ram          000000
__Hramtop                        ramtop       001000
__Hrbit                          rbit         000000
__Hrbss                          rbss         000000
__Hrdata                         rdata        000000
__Hreset_vec                     reset_vec    000002
__Hrparam                        rparam       000000
__Hsfr                           sfr          000000
__Hsmallconst                    smallconst   001080
__Hspace_0                       (abs)        30000E
__Hspace_1                       (abs)        000164
__Hspace_2                       (abs)        000000
__Hstack                         stack        000000
__Hstruct                        struct       000000
__Htemp                          temp         000000
__Htext                          text         000000
__Htext0                         text0        000000
__Htext1                         text1        000000
__Htext10                        text10       000000
__Htext11                        text11       000000
__Htext12                        text12       000000
__Htext13                        text13       000000
__Htext14                        text14       000000
__Htext15                        text15       000000
__Htext16                        text16       000000
__Htext17                        text17       000000
__Htext18                        text18       000000
__Htext19                        text19       000000
__Htext2                         text2        000000
__Htext3                         text3        000000
__Htext4                         text4        000000
__Htext5                         text5        000000
__Htext6                         text6        000000
__Htext7                         text7        000000
__Htext8                         text8        000000
__Htext9                         text9        000000
__LRAM                           (abs)        000001
__Labs1                          abs1         000000
__Lbank0                         bank0        000000
__Lbank1                         bank1        000000
__Lbank10                        bank10       000000
__Lbank11                        bank11       000000
__Lbank12                        bank12       000000
__Lbank13                        bank13       000000
__Lbank14                        bank14       000000
__Lbank15                        bank15       000000
__Lbank2                         bank2        000000
__Lbank3                         bank3        000000
__Lbank4                         bank4        000000
__Lbank5                         bank5        000000
__Lbank6                         bank6        000000
__Lbank7                         bank7        000000
__Lbank8                         bank8        000000
__Lbank9                         bank9        000000
__Lbigbss                        bigbss       000000
__Lbigdata                       bigdata      000000
__Lbigram                        bigram       000000
__Lbss                           bss          000000
__LbssBANK1                      bssBANK1     000000
__LbssCOMRAM                     bssCOMRAM    000000
__Lcinit                         cinit        000000
__Lclrtext                       clrtext      000000
__Lcomram                        comram       000000
__Lconfig                        config       300000
__Lconst                         const        000000
__LcstackBANK0                   cstackBANK0  000000
__LcstackCOMRAM                  cstackCOMRAM 000000
__Ldata                          data         000000
__LdataCOMRAM                    dataCOMRAM   000000
__Leeprom_data                   eeprom_data  000000
__Lfarbss                        farbss       000000
__Lfardata                       fardata      000000
__Libigdata                      ibigdata     000000
__Lidata                         idata        000000
__LidataCOMRAM                   idataCOMRAM  000000
__Lidloc                         idloc        200000
__Lifardata                      ifardata     000000
__Linit                          init         000002
__Lintcode                       intcode      000002
__Lintcode_body                  intcode_body 000000
__Lintcodelo                     intcodelo    000002
__Lintentry                      intentry     000000
__Lintret                        intret       000000
__Lintsave_regs                  intsave_regs 000000
__Lirdata                        irdata       000000
__Lmediumconst                   mediumconst  000000
__LnvFARRAM                      nvFARRAM     000000
__Lnvbit                         nvbit        000000
__Lnvrram                        nvrram       000000
__Lparam                         rparam       000000
__Lpowerup                       powerup      000002
__Lram                           ram          000000
__Lramtop                        ramtop       001000
__Lrbit                          rbit         000000
__Lrbss                          rbss         000000
__Lrdata                         rdata        000000
__Lreset_vec                     reset_vec    000000
__Lrparam                        rparam       000000
__Lsfr                           sfr          000000
__Lsmallconst                    smallconst   001000
__Lspace_0                       (abs)        000000
__Lspace_1                       (abs)        000000
__Lspace_2                       (abs)        000000
__Lstack                         stack        000000
__Lstruct                        struct       000000
__Ltemp                          temp         000000
__Ltext                          text         000000
__Ltext0                         text0        000000
__Ltext1                         text1        000000
__Ltext10                        text10       000000
__Ltext11                        text11       000000
__Ltext12                        text12       000000
__Ltext13                        text13       000000
__Ltext14                        text14       000000
__Ltext15                        text15       000000
__Ltext16                        text16       000000
__Ltext17                        text17       000000
__Ltext18                        text18       000000
__Ltext19                        text19       000000
__Ltext2                         text2        000000
__Ltext3                         text3        000000
__Ltext4                         text4        000000
__Ltext5                         text5        000000
__Ltext6                         text6        000000
__Ltext7                         text7        000000
__Ltext8                         text8        000000
__Ltext9                         text9        000000
__S0                             (abs)        30000E
__S1                             (abs)        000164
__S2                             (abs)        000000
___inthi_sp                      stack        000000
___intlo_sp                      stack        000000
___param_bank                    (abs)        000000
___rparam_used                   (abs)        000001
___sp                            stack        000000
__accesstop                      (abs)        000060
__activetblptr                   (abs)        000001
__end_of__initialization         cinit        001936
__end_of_default_ACCESS_CODE     smallconst   00105B
__end_of_default_ACCT            smallconst   001055
__end_of_default_APN             smallconst   001075
__end_of_default_CYCLE           smallconst   001079
__end_of_default_ENCRYPTION      smallconst   001076
__end_of_default_IP1             smallconst   001073
__end_of_default_IP2             smallconst   001071
__end_of_default_IP3             smallconst   00106F
__end_of_default_IP4             smallconst   00106D
__end_of_default_LINE_CARD       smallconst   001063
__end_of_default_PORT1           smallconst   00106B
__end_of_default_PORT2           smallconst   001069
__end_of_default_PORT3           smallconst   001067
__end_of_default_PORT4           smallconst   001065
__end_of_default_PROGRAM_ACK     smallconst   00107F
__end_of_default_RETRY           smallconst   001078
__end_of_default_SERVER_ACK_TIME smallconst   00107D
__end_of_default_SMS_WAIT_TIME   smallconst   001077
__end_of_default_TEST_FREQ       smallconst   00107E
__end_of_default_TP_PIN          smallconst   00107A
__end_of_default_ZONE1           smallconst   00107C
__end_of_default_ZONE2           smallconst   00107B
__end_of_delay5ms                text18       001A5C
__end_of_ee_read                 text10       001AC2
__end_of_ee_write                text8        0019DA
__end_of_init_modem_io_ok        text11       0017CA
__end_of_init_pic                text19       0018BC
__end_of_init_uart_md            text16       001A82
__end_of_is_first_run            text9        001ADA
__end_of_main                    text0        001AEA
__end_of_md_uart_send_ok         text12       0016E2
__end_of_md_uart_transmit        text15       001B14
__end_of_md_uart_write           text14       001A32
__end_of_restart_modem           text17       001908
__end_of_save_first_run          text7        001AFA
__end_of_setup_modem_io_ok       text4        0019AA
__end_of_setup_timer3            text13       001B08
__end_of_sim_card_ok             text6        001978
__end_of_start_modem             text1        001A08
__end_of_startup_modem_ok        text2        001AA6
__end_of_wakeup_modem_ok         text3        00186A
__end_of_write_defaults          text5        0014D2
__end_ofinit_modem_io_ok@F6749   smallconst   001011
__end_ofinit_modem_io_ok@F6751   smallconst   00104F
__end_ofinit_modem_io_ok@F6753   smallconst   00103A
__end_ofsim_card_ok@F6758        smallconst   001045
__end_ofsim_card_ok@F6760        smallconst   00102E
__end_ofwakeup_modem_ok@F6740    smallconst   001060
__end_ofwakeup_modem_ok@F6742    smallconst   001021
__initialization                 cinit        001908
__mediumconst                    mediumconst  000000
__pbssBANK1                      bssBANK1     000100
__pbssCOMRAM                     bssCOMRAM    000040
__pcinit                         cinit        001908
__pcstackBANK0                   cstackBANK0  000060
__pcstackCOMRAM                  cstackCOMRAM 000001
__pdataCOMRAM                    dataCOMRAM   00003B
__pidataCOMRAM                   idataCOMRAM  001B14
__psmallconst                    smallconst   001000
__ptext0                         text0        001ADA
__ptext1                         text1        0019DA
__ptext10                        text10       001AA6
__ptext11                        text11       0016E2
__ptext12                        text12       0014D2
__ptext13                        text13       001AFA
__ptext14                        text14       001A08
__ptext15                        text15       001B08
__ptext16                        text16       001A5C
__ptext17                        text17       0018BC
__ptext18                        text18       001A32
__ptext19                        text19       00186A
__ptext2                         text2        001A82
__ptext3                         text3        0017CA
__ptext4                         text4        001978
__ptext5                         text5        001080
__ptext6                         text6        001944
__ptext7                         text7        001AEA
__ptext8                         text8        0019AA
__ptext9                         text9        001AC2
__ramtop                         ramtop       001000
__size_of_delay5ms               (abs)        000000
__size_of_ee_read                (abs)        000000
__size_of_ee_write               (abs)        000000
__size_of_init_modem_io_ok       (abs)        000000
__size_of_init_pic               (abs)        000000
__size_of_init_uart_md           (abs)        000000
__size_of_is_first_run           (abs)        000000
__size_of_main                   (abs)        000000
__size_of_md_uart_send_ok        (abs)        000000
__size_of_md_uart_transmit       (abs)        000000
__size_of_md_uart_write          (abs)        000000
__size_of_restart_modem          (abs)        000000
__size_of_save_first_run         (abs)        000000
__size_of_setup_modem_io_ok      (abs)        000000
__size_of_setup_timer3           (abs)        000000
__size_of_sim_card_ok            (abs)        000000
__size_of_start_modem            (abs)        000000
__size_of_startup_modem_ok       (abs)        000000
__size_of_wakeup_modem_ok        (abs)        000000
__size_of_write_defaults         (abs)        000000
__smallconst                     smallconst   001000
_default_ACCESS_CODE             smallconst   001055
_default_ACCT                    smallconst   00104F
_default_APN                     smallconst   001073
_default_CYCLE                   smallconst   001078
_default_ENCRYPTION              smallconst   001075
_default_IP1                     smallconst   001071
_default_IP2                     smallconst   00106F
_default_IP3                     smallconst   00106D
_default_IP4                     smallconst   00106B
_default_LINE_CARD               smallconst   001060
_default_PORT1                   smallconst   001069
_default_PORT2                   smallconst   001067
_default_PORT3                   smallconst   001065
_default_PORT4                   smallconst   001063
_default_PROGRAM_ACK             smallconst   00107E
_default_RETRY                   smallconst   001077
_default_SERVER_ACK_TIME         smallconst   00107C
_default_SMS_WAIT_TIME           smallconst   001076
_default_TEST_FREQ               smallconst   00107D
_default_TP_PIN                  smallconst   001079
_default_ZONE1                   smallconst   00107B
_default_ZONE2                   smallconst   00107A
_delay5ms                        text18       001A32
_ee_read                         text10       001AA6
_ee_write                        text8        0019AA
_init_modem_io_ok                text11       0016E2
_init_pic                        text19       00186A
_init_uart_md                    text16       001A5C
_is_first_run                    text9        001AC2
_main                            text0        001ADA
_md_uart_send_ok                 text12       0014D2
_md_uart_transmit                text15       001B08
_md_uart_write                   text14       001A08
_restart_modem                   text17       0018BC
_returnStr                       bssBANK1     000100
_saveINTCONbits                  bssCOMRAM    000040
_save_first_run                  text7        001AEA
_setup_modem_io_ok               text4        001978
_setup_timer3                    text13       001AFA
_sim_card_ok                     text6        001944
_start_modem                     text1        0019DA
_startup_modem_ok                text2        001A82
_wakeup_modem_ok                 text3        0017CA
_write_defaults                  text5        001080
delay5ms@cnt                     cstackCOMRAM 000001
delay5ms@i                       cstackCOMRAM 000003
delay5ms@j                       cstackCOMRAM 000004
ee_read@addr                     cstackCOMRAM 000001
ee_read@data                     cstackCOMRAM 000003
ee_read@page                     cstackCOMRAM 000002
ee_write@addr                    cstackCOMRAM 000001
ee_write@data                    cstackCOMRAM 000002
ee_write@page                    cstackCOMRAM 000003
end_of_initialization            cinit        001936
init_modem_io_ok@F6749           smallconst   001001
init_modem_io_ok@F6751           smallconst   001045
init_modem_io_ok@F6753           smallconst   00102E
init_modem_io_ok@cnt             cstackCOMRAM 000039
init_modem_io_ok@ledCfg          cstackCOMRAM 000013
init_modem_io_ok@ledPattern      cstackCOMRAM 000023
init_modem_io_ok@queryVersion    cstackCOMRAM 00002F
intlevel0                        text         000000
intlevel1                        text         000000
intlevel2                        text         000000
intlevel3                        text         000000
md_uart_send_ok@buf              cstackBANK0  000060
md_uart_send_ok@count            cstackBANK0  0000C5
md_uart_send_ok@i                cstackBANK0  0000C7
md_uart_send_ok@k                cstackBANK0  0000C6
md_uart_send_ok@lengthToSend     cstackCOMRAM 000009
md_uart_send_ok@rtnStr           cstackCOMRAM 00000A
md_uart_send_ok@temp             cstackBANK0  0000C4
md_uart_send_ok@toSend           cstackCOMRAM 000007
md_uart_send_ok@wait_count       cstackCOMRAM 00000D
md_uart_send_ok@want_ok          cstackCOMRAM 00000C
md_uart_transmit@data            cstackCOMRAM 000001
md_uart_write@currentChar        cstackCOMRAM 000005
md_uart_write@data               cstackCOMRAM 000002
md_uart_write@index              cstackCOMRAM 000006
md_uart_write@len                cstackCOMRAM 000004
sim_card_ok@F6758                smallconst   00103A
sim_card_ok@F6760                smallconst   001021
sim_card_ok@cnt                  cstackCOMRAM 00001A
sim_card_ok@cpin                 cstackCOMRAM 00000E
sim_card_ok@cpinResponse         cstackCOMRAM 000001
sim_card_ok@matches              cstackCOMRAM 000019
stackhi                          (abs)        000F37
stacklo                          (abs)        000164
start                            init         000002
start_initialization             cinit        001908
start_modem@i                    cstackCOMRAM 00003A
wakeup_modem_ok@F6740            smallconst   00105B
wakeup_modem_ok@F6742            smallconst   001011
wakeup_modem_ok@at               cstackCOMRAM 000023
wakeup_modem_ok@cnt              cstackCOMRAM 000028
wakeup_modem_ok@ipr              cstackCOMRAM 000013
write_defaults@addr              cstackCOMRAM 000007
write_defaults@i                 cstackCOMRAM 000009
write_defaults@page              cstackCOMRAM 000006
write_defaults@temp              cstackCOMRAM 000008


FUNCTION INFORMATION:

 *************** function _main *****************
 Defined at:
		line 19 in file "main.c"
 Parameters:    Size  Location     Type
		None
 Auto vars:     Size  Location     Type
		None
 Return value:  Size  Location     Type
                  1    wreg      void 
 Registers used:
		wreg, fsr1l, fsr1h, fsr2l, fsr2h, status,2, status,0, tblptrl, tblptrh, tblptru, prodl, prodh, cstack
 Tracked objects:
		On entry : 
		On exit  : 
		Unchanged: 
 Data sizes:     COMRAM   BANK0   BANK1   BANK2   BANK3   BANK4   BANK5   BANK6   BANK7   BANK8   BANK9  BANK10  BANK11  BANK12  BANK13  BANK14  BANK15
      Params:         0       0       0       0       0       0       0       0       0       0       0       0       0       0       0       0       0
      Locals:         0       0       0       0       0       0       0       0       0       0       0       0       0       0       0       0       0
      Temps:          0       0       0       0       0       0       0       0       0       0       0       0       0       0       0       0       0
      Totals:         0       0       0       0       0       0       0       0       0       0       0       0       0       0       0       0       0
Total ram usage:        0 bytes
 Hardware stack levels required when called:    7
 This function calls:
		_init_pic
		_init_uart_md
		_start_modem
 This function is called by:
		Startup code after reset
 This function uses a non-reentrant model


 *************** function _start_modem *****************
 Defined at:
		line 13 in file "modem.c"
 Parameters:    Size  Location     Type
		None
 Auto vars:     Size  Location     Type
  i               1   57[COMRAM] unsigned char 
 Return value:  Size  Location     Type
                  1    wreg      void 
 Registers used:
		wreg, fsr1l, fsr1h, fsr2l, fsr2h, status,2, status,0, tblptrl, tblptrh, tblptru, prodl, prodh, cstack
 Tracked objects:
		On entry : 
		On exit  : 
		Unchanged: 
 Data sizes:     COMRAM   BANK0   BANK1   BANK2   BANK3   BANK4   BANK5   BANK6   BANK7   BANK8   BANK9  BANK10  BANK11  BANK12  BANK13  BANK14  BANK15
      Params:         0       0       0       0       0       0       0       0       0       0       0       0       0       0       0       0       0
      Locals:         1       0       0       0       0       0       0       0       0       0       0       0       0       0       0       0       0
      Temps:          0       0       0       0       0       0       0       0       0       0       0       0       0       0       0       0       0
      Totals:         1       0       0       0       0       0       0       0       0       0       0       0       0       0       0       0       0
Total ram usage:        1 bytes
 Hardware stack levels used:    1
 Hardware stack levels required when called:    6
 This function calls:
		_delay5ms
		_restart_modem
		_startup_modem_ok
 This function is called by:
		_main
 This function uses a non-reentrant model


 *************** function _startup_modem_ok *****************
 Defined at:
		line 25 in file "modem.c"
 Parameters:    Size  Location     Type
		None
 Auto vars:     Size  Location     Type
		None
 Return value:  Size  Location     Type
                  1    wreg      unsigned char 
 Registers used:
		wreg, fsr1l, fsr1h, fsr2l, fsr2h, status,2, status,0, tblptrl, tblptrh, tblptru, prodl, prodh, cstack
 Tracked objects:
		On entry : 
		On exit  : 
		Unchanged: 
 Data sizes:     COMRAM   BANK0   BANK1   BANK2   BANK3   BANK4   BANK5   BANK6   BANK7   BANK8   BANK9  BANK10  BANK11  BANK12  BANK13  BANK14  BANK15
      Params:         0       0       0       0       0       0       0       0       0       0       0       0       0       0       0       0       0
      Locals:         0       0       0       0       0       0       0       0       0       0       0       0       0       0       0       0       0
      Temps:          0       0       0       0       0       0       0       0       0       0       0       0       0       0       0       0       0
      Totals:         0       0       0       0       0       0       0       0       0       0       0       0       0       0       0       0       0
Total ram usage:        0 bytes
 Hardware stack levels used:    1
 Hardware stack levels required when called:    5
 This function calls:
		_init_uart_md
		_setup_modem_io_ok
		_wakeup_modem_ok
 This function is called by:
		_start_modem
 This function uses a non-reentrant model


 *************** function _wakeup_modem_ok *****************
 Defined at:
		line 62 in file "modem.c"
 Parameters:    Size  Location     Type
		None
 Auto vars:     Size  Location     Type
  ipr            16   18[COMRAM] const unsigned char [16]
  at              5   34[COMRAM] const unsigned char [5]
  cnt             1   39[COMRAM] unsigned char 
  cmds_ok         1    0        unsigned char 
 Return value:  Size  Location     Type
                  1    wreg      unsigned char 
 Registers used:
		wreg, fsr1l, fsr1h, fsr2l, fsr2h, status,2, status,0, tblptrl, tblptrh, tblptru, prodl, prodh, cstack
 Tracked objects:
		On entry : 
		On exit  : 
		Unchanged: 
 Data sizes:     COMRAM   BANK0   BANK1   BANK2   BANK3   BANK4   BANK5   BANK6   BANK7   BANK8   BANK9  BANK10  BANK11  BANK12  BANK13  BANK14  BANK15
      Params:         0       0       0       0       0       0       0       0       0       0       0       0       0       0       0       0       0
      Locals:        22       0       0       0       0       0       0       0       0       0       0       0       0       0       0       0       0
      Temps:          0       0       0       0       0       0       0       0       0       0       0       0       0       0       0       0       0
      Totals:        22       0       0       0       0       0       0       0       0       0       0       0       0       0       0       0       0
Total ram usage:       22 bytes
 Hardware stack levels used:    1
 Hardware stack levels required when called:    3
 This function calls:
		_md_uart_send_ok
 This function is called by:
		_startup_modem_ok
 This function uses a non-reentrant model


 *************** function _setup_modem_io_ok *****************
 Defined at:
		line 83 in file "modem.c"
 Parameters:    Size  Location     Type
		None
 Auto vars:     Size  Location     Type
		None
 Return value:  Size  Location     Type
                  1    wreg      unsigned char 
 Registers used:
		wreg, fsr1l, fsr1h, fsr2l, fsr2h, status,2, status,0, tblptrl, tblptrh, tblptru, prodl, prodh, cstack
 Tracked objects:
		On entry : 
		On exit  : 
		Unchanged: 
 Data sizes:     COMRAM   BANK0   BANK1   BANK2   BANK3   BANK4   BANK5   BANK6   BANK7   BANK8   BANK9  BANK10  BANK11  BANK12  BANK13  BANK14  BANK15
      Params:         0       0       0       0       0       0       0       0       0       0       0       0       0       0       0       0       0
      Locals:         0       0       0       0       0       0       0       0       0       0       0       0       0       0       0       0       0
      Temps:          0       0       0       0       0       0       0       0       0       0       0       0       0       0       0       0       0
      Totals:         0       0       0       0       0       0       0       0       0       0       0       0       0       0       0       0       0
Total ram usage:        0 bytes
 Hardware stack levels used:    1
 Hardware stack levels required when called:    4
 This function calls:
		_init_modem_io_ok
		_is_first_run
		_save_first_run
		_sim_card_ok
		_write_defaults
 This function is called by:
		_startup_modem_ok
 This function uses a non-reentrant model


 *************** function _write_defaults *****************
 Defined at:
		line 13 in file "default_settings.c"
 Parameters:    Size  Location     Type
		None
 Auto vars:     Size  Location     Type
  i               1    8[COMRAM] unsigned char 
  temp            1    7[COMRAM] unsigned char 
  addr            1    6[COMRAM] unsigned char 
  page            1    5[COMRAM] unsigned char 
 Return value:  Size  Location     Type
                  1    wreg      void 
 Registers used:
		wreg, status,2, status,0, tblptrl, tblptrh, tblptru, prodl, prodh, cstack
 Tracked objects:
		On entry : 
		On exit  : 
		Unchanged: 
 Data sizes:     COMRAM   BANK0   BANK1   BANK2   BANK3   BANK4   BANK5   BANK6   BANK7   BANK8   BANK9  BANK10  BANK11  BANK12  BANK13  BANK14  BANK15
      Params:         0       0       0       0       0       0       0       0       0       0       0       0       0       0       0       0       0
      Locals:         4       0       0       0       0       0       0       0       0       0       0       0       0       0       0       0       0
      Temps:          2       0       0       0       0       0       0       0       0       0       0       0       0       0       0       0       0
      Totals:         6       0       0       0       0       0       0       0       0       0       0       0       0       0       0       0       0
Total ram usage:        6 bytes
 Hardware stack levels used:    1
 Hardware stack levels required when called:    1
 This function calls:
		_ee_read
		_ee_write
 This function is called by:
		_setup_modem_io_ok
 This function uses a non-reentrant model


 *************** function _sim_card_ok *****************
 Defined at:
		line 127 in file "modem.c"
 Parameters:    Size  Location     Type
		None
 Auto vars:     Size  Location     Type
  buf            32    0        unsigned char [32]
  cpinResponse   13    0[COMRAM] const unsigned char [13]
  cpin           11   13[COMRAM] const unsigned char [11]
  cnt             1   25[COMRAM] unsigned char 
  matches         1   24[COMRAM] unsigned char 
  i               1    0        unsigned char 
  temp            1    0        unsigned char 
 Return value:  Size  Location     Type
                  1    wreg      unsigned char 
 Registers used:
		wreg, fsr2l, fsr2h, status,2, status,0, tblptrl, tblptrh, tblptru
 Tracked objects:
		On entry : 
		On exit  : 
		Unchanged: 
 Data sizes:     COMRAM   BANK0   BANK1   BANK2   BANK3   BANK4   BANK5   BANK6   BANK7   BANK8   BANK9  BANK10  BANK11  BANK12  BANK13  BANK14  BANK15
      Params:         0       0       0       0       0       0       0       0       0       0       0       0       0       0       0       0       0
      Locals:        26       0       0       0       0       0       0       0       0       0       0       0       0       0       0       0       0
      Temps:          0       0       0       0       0       0       0       0       0       0       0       0       0       0       0       0       0
      Totals:        26       0       0       0       0       0       0       0       0       0       0       0       0       0       0       0       0
Total ram usage:       26 bytes
 Hardware stack levels used:    1
 This function calls:
		Nothing
 This function is called by:
		_setup_modem_io_ok
 This function uses a non-reentrant model


 *************** function _save_first_run *****************
 Defined at:
		line 170 in file "default_settings.c"
 Parameters:    Size  Location     Type
		None
 Auto vars:     Size  Location     Type
		None
 Return value:  Size  Location     Type
                  1    wreg      void 
 Registers used:
		wreg, status,2, cstack
 Tracked objects:
		On entry : 
		On exit  : 
		Unchanged: 
 Data sizes:     COMRAM   BANK0   BANK1   BANK2   BANK3   BANK4   BANK5   BANK6   BANK7   BANK8   BANK9  BANK10  BANK11  BANK12  BANK13  BANK14  BANK15
      Params:         0       0       0       0       0       0       0       0       0       0       0       0       0       0       0       0       0
      Locals:         0       0       0       0       0       0       0       0       0       0       0       0       0       0       0       0       0
      Temps:          0       0       0       0       0       0       0       0       0       0       0       0       0       0       0       0       0
      Totals:         0       0       0       0       0       0       0       0       0       0       0       0       0       0       0       0       0
Total ram usage:        0 bytes
 Hardware stack levels used:    1
 Hardware stack levels required when called:    1
 This function calls:
		_ee_write
 This function is called by:
		_setup_modem_io_ok
 This function uses a non-reentrant model


 *************** function _ee_write *****************
 Defined at:
		line 26 in file "eeprom.c"
 Parameters:    Size  Location     Type
  page            1    wreg     unsigned char 
  addr            1    0[COMRAM] unsigned char 
  data            1    1[COMRAM] unsigned char 
 Auto vars:     Size  Location     Type
  page            1    2[COMRAM] unsigned char 
 Return value:  Size  Location     Type
                  1    wreg      void 
 Registers used:
		wreg, status,2
 Tracked objects:
		On entry : 
		On exit  : 
		Unchanged: 
 Data sizes:     COMRAM   BANK0   BANK1   BANK2   BANK3   BANK4   BANK5   BANK6   BANK7   BANK8   BANK9  BANK10  BANK11  BANK12  BANK13  BANK14  BANK15
      Params:         2       0       0       0       0       0       0       0       0       0       0       0       0       0       0       0       0
      Locals:         1       0       0       0       0       0       0       0       0       0       0       0       0       0       0       0       0
      Temps:          0       0       0       0       0       0       0       0       0       0       0       0       0       0       0       0       0
      Totals:         3       0       0       0       0       0       0       0       0       0       0       0       0       0       0       0       0
Total ram usage:        3 bytes
 Hardware stack levels used:    1
 This function calls:
		Nothing
 This function is called by:
		_write_defaults
		_save_first_run
 This function uses a non-reentrant model


 *************** function _is_first_run *****************
 Defined at:
		line 165 in file "default_settings.c"
 Parameters:    Size  Location     Type
		None
 Auto vars:     Size  Location     Type
		None
 Return value:  Size  Location     Type
                  1    wreg      unsigned char 
 Registers used:
		wreg, status,2, cstack
 Tracked objects:
		On entry : 
		On exit  : 
		Unchanged: 
 Data sizes:     COMRAM   BANK0   BANK1   BANK2   BANK3   BANK4   BANK5   BANK6   BANK7   BANK8   BANK9  BANK10  BANK11  BANK12  BANK13  BANK14  BANK15
      Params:         0       0       0       0       0       0       0       0       0       0       0       0       0       0       0       0       0
      Locals:         0       0       0       0       0       0       0       0       0       0       0       0       0       0       0       0       0
      Temps:          0       0       0       0       0       0       0       0       0       0       0       0       0       0       0       0       0
      Totals:         0       0       0       0       0       0       0       0       0       0       0       0       0       0       0       0       0
Total ram usage:        0 bytes
 Hardware stack levels used:    1
 Hardware stack levels required when called:    1
 This function calls:
		_ee_read
 This function is called by:
		_setup_modem_io_ok
 This function uses a non-reentrant model


 *************** function _ee_read *****************
 Defined at:
		line 11 in file "eeprom.c"
 Parameters:    Size  Location     Type
  page            1    wreg     unsigned char 
  addr            1    0[COMRAM] unsigned char 
 Auto vars:     Size  Location     Type
  page            1    1[COMRAM] unsigned char 
  data            1    2[COMRAM] unsigned char 
 Return value:  Size  Location     Type
                  1    wreg      unsigned char 
 Registers used:
		wreg, status,2
 Tracked objects:
		On entry : 
		On exit  : 
		Unchanged: 
 Data sizes:     COMRAM   BANK0   BANK1   BANK2   BANK3   BANK4   BANK5   BANK6   BANK7   BANK8   BANK9  BANK10  BANK11  BANK12  BANK13  BANK14  BANK15
      Params:         1       0       0       0       0       0       0       0       0       0       0       0       0       0       0       0       0
      Locals:         2       0       0       0       0       0       0       0       0       0       0       0       0       0       0       0       0
      Temps:          0       0       0       0       0       0       0       0       0       0       0       0       0       0       0       0       0
      Totals:         3       0       0       0       0       0       0       0       0       0       0       0       0       0       0       0       0
Total ram usage:        3 bytes
 Hardware stack levels used:    1
 This function calls:
		Nothing
 This function is called by:
		_write_defaults
		_is_first_run
 This function uses a non-reentrant model


 *************** function _init_modem_io_ok *****************
 Defined at:
		line 99 in file "modem.c"
 Parameters:    Size  Location     Type
		None
 Auto vars:     Size  Location     Type
  ledCfg         16   18[COMRAM] const unsigned char [16]
  ledPattern     12   34[COMRAM] const unsigned char [12]
  queryVersion   10   46[COMRAM] const unsigned char [10]
  cnt             1   56[COMRAM] unsigned char 
 Return value:  Size  Location     Type
                  1    wreg      unsigned char 
 Registers used:
		wreg, fsr1l, fsr1h, fsr2l, fsr2h, status,2, status,0, tblptrl, tblptrh, tblptru, prodl, prodh, cstack
 Tracked objects:
		On entry : 
		On exit  : 
		Unchanged: 
 Data sizes:     COMRAM   BANK0   BANK1   BANK2   BANK3   BANK4   BANK5   BANK6   BANK7   BANK8   BANK9  BANK10  BANK11  BANK12  BANK13  BANK14  BANK15
      Params:         0       0       0       0       0       0       0       0       0       0       0       0       0       0       0       0       0
      Locals:        39       0       0       0       0       0       0       0       0       0       0       0       0       0       0       0       0
      Temps:          0       0       0       0       0       0       0       0       0       0       0       0       0       0       0       0       0
      Totals:        39       0       0       0       0       0       0       0       0       0       0       0       0       0       0       0       0
Total ram usage:       39 bytes
 Hardware stack levels used:    1
 Hardware stack levels required when called:    3
 This function calls:
		_md_uart_send_ok
 This function is called by:
		_setup_modem_io_ok
 This function uses a non-reentrant model


 *************** function _md_uart_send_ok *****************
 Defined at:
		line 44 in file "uart.c"
 Parameters:    Size  Location     Type
  toSend          2    6[COMRAM] PTR unsigned char 
		 -> init_modem_io_ok@ledPattern(12), init_modem_io_ok@queryVersion(10), init_modem_io_ok@ledCfg(16), wakeup_modem_ok@ipr(16), 
		 -> wakeup_modem_ok@at(5), 
  lengthToSend    1    8[COMRAM] unsigned char 
  rtnStr          2    9[COMRAM] PTR unsigned char 
		 -> returnStr(100), 
  want_ok         1   11[COMRAM] unsigned char 
  wait_count      1   12[COMRAM] unsigned char 
 Auto vars:     Size  Location     Type
  k               1  102[BANK0 ] unsigned char 
  buf           100    0[BANK0 ] unsigned char [100]
  i               1  103[BANK0 ] unsigned char 
  count           1  101[BANK0 ] unsigned char 
  temp            1  100[BANK0 ] unsigned char 
 Return value:  Size  Location     Type
                  1    wreg      unsigned char 
 Registers used:
		wreg, fsr1l, fsr1h, fsr2l, fsr2h, status,2, status,0, prodl, prodh, cstack
 Tracked objects:
		On entry : 
		On exit  : 
		Unchanged: 
 Data sizes:     COMRAM   BANK0   BANK1   BANK2   BANK3   BANK4   BANK5   BANK6   BANK7   BANK8   BANK9  BANK10  BANK11  BANK12  BANK13  BANK14  BANK15
      Params:         7       0       0       0       0       0       0       0       0       0       0       0       0       0       0       0       0
      Locals:         0     104       0       0       0       0       0       0       0       0       0       0       0       0       0       0       0
      Temps:          5       0       0       0       0       0       0       0       0       0       0       0       0       0       0       0       0
      Totals:        12     104       0       0       0       0       0       0       0       0       0       0       0       0       0       0       0
Total ram usage:      116 bytes
 Hardware stack levels used:    1
 Hardware stack levels required when called:    2
 This function calls:
		_md_uart_write
		_setup_timer3
 This function is called by:
		_wakeup_modem_ok
		_init_modem_io_ok
 This function uses a non-reentrant model


 *************** function _setup_timer3 *****************
 Defined at:
		line 36 in file "uart.c"
 Parameters:    Size  Location     Type
		None
 Auto vars:     Size  Location     Type
		None
 Return value:  Size  Location     Type
                  1    wreg      void 
 Registers used:
		wreg, status,2
 Tracked objects:
		On entry : 
		On exit  : 
		Unchanged: 
 Data sizes:     COMRAM   BANK0   BANK1   BANK2   BANK3   BANK4   BANK5   BANK6   BANK7   BANK8   BANK9  BANK10  BANK11  BANK12  BANK13  BANK14  BANK15
      Params:         0       0       0       0       0       0       0       0       0       0       0       0       0       0       0       0       0
      Locals:         0       0       0       0       0       0       0       0       0       0       0       0       0       0       0       0       0
      Temps:          0       0       0       0       0       0       0       0       0       0       0       0       0       0       0       0       0
      Totals:         0       0       0       0       0       0       0       0       0       0       0       0       0       0       0       0       0
Total ram usage:        0 bytes
 Hardware stack levels used:    1
 This function calls:
		Nothing
 This function is called by:
		_md_uart_send_ok
 This function uses a non-reentrant model


 *************** function _md_uart_write *****************
 Defined at:
		line 102 in file "uart.c"
 Parameters:    Size  Location     Type
  data            2    1[COMRAM] PTR unsigned char 
		 -> init_modem_io_ok@ledPattern(12), init_modem_io_ok@queryVersion(10), init_modem_io_ok@ledCfg(16), wakeup_modem_ok@ipr(16), 
		 -> wakeup_modem_ok@at(5), 
  len             1    3[COMRAM] unsigned char 
 Auto vars:     Size  Location     Type
  index           1    5[COMRAM] unsigned char 
  currentChar     1    4[COMRAM] unsigned char 
 Return value:  Size  Location     Type
                  1    wreg      void 
 Registers used:
		wreg, fsr2l, fsr2h, status,2, status,0, cstack
 Tracked objects:
		On entry : 
		On exit  : 
		Unchanged: 
 Data sizes:     COMRAM   BANK0   BANK1   BANK2   BANK3   BANK4   BANK5   BANK6   BANK7   BANK8   BANK9  BANK10  BANK11  BANK12  BANK13  BANK14  BANK15
      Params:         3       0       0       0       0       0       0       0       0       0       0       0       0       0       0       0       0
      Locals:         2       0       0       0       0       0       0       0       0       0       0       0       0       0       0       0       0
      Temps:          0       0       0       0       0       0       0       0       0       0       0       0       0       0       0       0       0
      Totals:         5       0       0       0       0       0       0       0       0       0       0       0       0       0       0       0       0
Total ram usage:        5 bytes
 Hardware stack levels used:    1
 Hardware stack levels required when called:    1
 This function calls:
		_md_uart_transmit
 This function is called by:
		_md_uart_send_ok
 This function uses a non-reentrant model


 *************** function _md_uart_transmit *****************
 Defined at:
		line 115 in file "uart.c"
 Parameters:    Size  Location     Type
  data            1    wreg     unsigned char 
 Auto vars:     Size  Location     Type
  data            1    0[COMRAM] unsigned char 
 Return value:  Size  Location     Type
                  1    wreg      void 
 Registers used:
		wreg
 Tracked objects:
		On entry : 
		On exit  : 
		Unchanged: 
 Data sizes:     COMRAM   BANK0   BANK1   BANK2   BANK3   BANK4   BANK5   BANK6   BANK7   BANK8   BANK9  BANK10  BANK11  BANK12  BANK13  BANK14  BANK15
      Params:         0       0       0       0       0       0       0       0       0       0       0       0       0       0       0       0       0
      Locals:         1       0       0       0       0       0       0       0       0       0       0       0       0       0       0       0       0
      Temps:          0       0       0       0       0       0       0       0       0       0       0       0       0       0       0       0       0
      Totals:         1       0       0       0       0       0       0       0       0       0       0       0       0       0       0       0       0
Total ram usage:        1 bytes
 Hardware stack levels used:    1
 This function calls:
		Nothing
 This function is called by:
		_md_uart_write
 This function uses a non-reentrant model


 *************** function _init_uart_md *****************
 Defined at:
		line 12 in file "uart.c"
 Parameters:    Size  Location     Type
		None
 Auto vars:     Size  Location     Type
		None
 Return value:  Size  Location     Type
                  1    wreg      void 
 Registers used:
		wreg, status,2
 Tracked objects:
		On entry : 
		On exit  : 
		Unchanged: 
 Data sizes:     COMRAM   BANK0   BANK1   BANK2   BANK3   BANK4   BANK5   BANK6   BANK7   BANK8   BANK9  BANK10  BANK11  BANK12  BANK13  BANK14  BANK15
      Params:         0       0       0       0       0       0       0       0       0       0       0       0       0       0       0       0       0
      Locals:         0       0       0       0       0       0       0       0       0       0       0       0       0       0       0       0       0
      Temps:          0       0       0       0       0       0       0       0       0       0       0       0       0       0       0       0       0
      Totals:         0       0       0       0       0       0       0       0       0       0       0       0       0       0       0       0       0
Total ram usage:        0 bytes
 Hardware stack levels used:    1
 This function calls:
		Nothing
 This function is called by:
		_main
		_startup_modem_ok
 This function uses a non-reentrant model


 *************** function _restart_modem *****************
 Defined at:
		line 36 in file "modem.c"
 Parameters:    Size  Location     Type
		None
 Auto vars:     Size  Location     Type
		None
 Return value:  Size  Location     Type
                  1    wreg      void 
 Registers used:
		wreg
 Tracked objects:
		On entry : 
		On exit  : 
		Unchanged: 
 Data sizes:     COMRAM   BANK0   BANK1   BANK2   BANK3   BANK4   BANK5   BANK6   BANK7   BANK8   BANK9  BANK10  BANK11  BANK12  BANK13  BANK14  BANK15
      Params:         0       0       0       0       0       0       0       0       0       0       0       0       0       0       0       0       0
      Locals:         0       0       0       0       0       0       0       0       0       0       0       0       0       0       0       0       0
      Temps:          2       0       0       0       0       0       0       0       0       0       0       0       0       0       0       0       0
      Totals:         2       0       0       0       0       0       0       0       0       0       0       0       0       0       0       0       0
Total ram usage:        2 bytes
 Hardware stack levels used:    1
 This function calls:
		Nothing
 This function is called by:
		_start_modem
 This function uses a non-reentrant model


 *************** function _delay5ms *****************
 Defined at:
		line 46 in file "modem.c"
 Parameters:    Size  Location     Type
  cnt             2    0[COMRAM] unsigned int 
 Auto vars:     Size  Location     Type
  j               1    3[COMRAM] unsigned char 
  i               1    2[COMRAM] unsigned char 
 Return value:  Size  Location     Type
                  1    wreg      void 
 Registers used:
		wreg, status,2, status,0
 Tracked objects:
		On entry : 
		On exit  : 
		Unchanged: 
 Data sizes:     COMRAM   BANK0   BANK1   BANK2   BANK3   BANK4   BANK5   BANK6   BANK7   BANK8   BANK9  BANK10  BANK11  BANK12  BANK13  BANK14  BANK15
      Params:         2       0       0       0       0       0       0       0       0       0       0       0       0       0       0       0       0
      Locals:         2       0       0       0       0       0       0       0       0       0       0       0       0       0       0       0       0
      Temps:          0       0       0       0       0       0       0       0       0       0       0       0       0       0       0       0       0
      Totals:         4       0       0       0       0       0       0       0       0       0       0       0       0       0       0       0       0
Total ram usage:        4 bytes
 Hardware stack levels used:    1
 This function calls:
		Nothing
 This function is called by:
		_start_modem
 This function uses a non-reentrant model


 *************** function _init_pic *****************
 Defined at:
		line 31 in file "main.c"
 Parameters:    Size  Location     Type
		None
 Auto vars:     Size  Location     Type
		None
 Return value:  Size  Location     Type
                  1    wreg      void 
 Registers used:
		wreg, status,2
 Tracked objects:
		On entry : 
		On exit  : 
		Unchanged: 
 Data sizes:     COMRAM   BANK0   BANK1   BANK2   BANK3   BANK4   BANK5   BANK6   BANK7   BANK8   BANK9  BANK10  BANK11  BANK12  BANK13  BANK14  BANK15
      Params:         0       0       0       0       0       0       0       0       0       0       0       0       0       0       0       0       0
      Locals:         0       0       0       0       0       0       0       0       0       0       0       0       0       0       0       0       0
      Temps:          0       0       0       0       0       0       0       0       0       0       0       0       0       0       0       0       0
      Totals:         0       0       0       0       0       0       0       0       0       0       0       0       0       0       0       0       0
Total ram usage:        0 bytes
 Hardware stack levels used:    1
 This function calls:
		Nothing
 This function is called by:
		_main
 This function uses a non-reentrant model



MODULE INFORMATION

Module		Function		Class		Link	Load	Size
uart.c
		_setup_timer3  		CODE           	1AFA	0000	15
		_md_uart_write 		CODE           	1A08	0000	43
		_md_uart_transmit		CODE           	1B08	0000	13
		_init_uart_md  		CODE           	1A5C	0000	39
		_md_uart_send_ok		CODE           	14D2	0000	529

uart.c estimated size: 639

eeprom.c
		_ee_write      		CODE           	19AA	0000	49
		_ee_read       		CODE           	1AA6	0000	29

eeprom.c estimated size: 78

shared
		wakeup_modem_ok@F6742		SMALLCONST     	1011	0000	17
		_default_SERVER_ACK_TIME		SMALLCONST     	107C	0000	2
		_default_IP1   		SMALLCONST     	1071	0000	3
		_default_IP2   		SMALLCONST     	106F	0000	3
		_default_IP3   		SMALLCONST     	106D	0000	3
		_default_IP4   		SMALLCONST     	106B	0000	3
		_default_APN   		SMALLCONST     	1073	0000	3
		_default_ACCT  		SMALLCONST     	104F	0000	7
		_default_ZONE1 		SMALLCONST     	107B	0000	2
		_default_ZONE2 		SMALLCONST     	107A	0000	2
		_default_PORT1 		SMALLCONST     	1069	0000	3
		_default_PORT2 		SMALLCONST     	1067	0000	3
		_default_PORT3 		SMALLCONST     	1065	0000	3
		_default_PORT4 		SMALLCONST     	1063	0000	3
		_default_CYCLE 		SMALLCONST     	1078	0000	2
		_default_ACCESS_CODE		SMALLCONST     	1055	0000	7
		_default_RETRY 		SMALLCONST     	1077	0000	2
		_default_TP_PIN		SMALLCONST     	1079	0000	2
		_default_PROGRAM_ACK		SMALLCONST     	107E	0000	2
		_default_SMS_WAIT_TIME		SMALLCONST     	1076	0000	2
		_default_ENCRYPTION		SMALLCONST     	1075	0000	2
		__initialization		CODE           	1908	0000	47
		sim_card_ok@F6760		SMALLCONST     	1021	0000	14
		sim_card_ok@F6758		SMALLCONST     	103A	0000	12
		init_modem_io_ok@F6751		SMALLCONST     	1045	0000	11
		_default_LINE_CARD		SMALLCONST     	1060	0000	4
		_default_TEST_FREQ		SMALLCONST     	107D	0000	2
		wakeup_modem_ok@F6740		SMALLCONST     	105B	0000	6
		init_modem_io_ok@F6749		SMALLCONST     	1001	0000	17
		init_modem_io_ok@F6753		SMALLCONST     	102E	0000	13

shared estimated size: 202

modem.c
		_startup_modem_ok		CODE           	1A82	0000	37
		_restart_modem 		CODE           	18BC	0000	77
		_sim_card_ok   		CODE           	1944	0000	53
		_wakeup_modem_ok		CODE           	17CA	0000	161
		_delay5ms      		CODE           	1A32	0000	43
		_init_modem_io_ok		CODE           	16E2	0000	233
		_start_modem   		CODE           	19DA	0000	47
		_setup_modem_io_ok		CODE           	1978	0000	51

modem.c estimated size: 702

main.c
		_init_pic      		CODE           	186A	0000	83
		_main          		CODE           	1ADA	0000	17

main.c estimated size: 100

default_settings.c
		_save_first_run		CODE           	1AEA	0000	17
		_write_defaults		CODE           	1080	0000	1107
		_is_first_run  		CODE           	1AC2	0000	25

default_settings.c estimated size: 1149

